Component: ARM Compiler 5.06 (build 20) Tool: armlink [4d35a3]

==============================================================================

Section Cross References

    app_main.o(i.main) refers to app_main.o(i.system_init) for system_init
    app_main.o(i.main) refers to app_key_ctrl.o(i.key_init) for key_init
    app_main.o(i.main) refers to app_key_ctrl.o(i.pos_init) for pos_init
    app_main.o(i.main) refers to app_hx711_ctrl.o(i.hx711_init) for hx711_init
    app_main.o(i.main) refers to app_t5l_ctrl.o(i.screenT5L_Init) for screenT5L_Init
    app_main.o(i.main) refers to app_syspara.o(i.readSysDataFromFlash) for readSysDataFromFlash
    app_main.o(i.main) refers to app_syspara.o(i.readSysDataFromFlash_3030) for readSysDataFromFlash_3030
    app_main.o(i.main) refers to app_password.o(i.STM32MCUIDGet) for STM32MCUIDGet
    app_main.o(i.main) refers to app_password.o(i.STM32CheckPassWord) for STM32CheckPassWord
    app_main.o(i.main) refers to hal_pd_pulse.o(i.motor_pulse_init) for motor_pulse_init
    app_main.o(i.main) refers to app_motor_ctrl.o(i.app_MotorContrl_Init) for app_MotorContrl_Init
    app_main.o(i.main) refers to app_motor_ctrl.o(i.app_gjf_handle) for app_gjf_handle
    app_main.o(i.main) refers to app_password.o(.bss) for STM32McuId
    app_main.o(i.main) refers to app_password.o(.data) for g_passWordStore
    app_main.o(i.system_init) refers to hal_clock.o(i.hal_clock_init) for hal_clock_init
    app_main.o(i.system_init) refers to hal_delay.o(i.hal_delay_init) for hal_delay_init
    app_main.o(i.system_init) refers to hal_gpio.o(i.hal_gpio_init) for hal_gpio_init
    app_main.o(i.system_init) refers to hal_timer.o(i.hal_timer_init) for hal_timer_init
    app_main.o(i.system_init) refers to drv_iwdg.o(i.drv_iwdg_init) for drv_iwdg_init
    app_main_task.o(i.app_main_init) refers to app_hx711_ctrl.o(i.hx711_setAllRemoveWeight) for hx711_setAllRemoveWeight
    app_main_task.o(i.app_main_init) refers to app_main_task.o(.data) for removeWeight
    app_main_task.o(i.app_main_task) refers to app_led_ctrl.o(i.app_LED_RUN) for app_LED_RUN
    app_main_task.o(i.app_main_task) refers to app_main_task.o(i.app_main_init) for app_main_init
    app_main_task.o(i.app_main_task) refers to app_key_ctrl.o(i.key_MainFunction) for key_MainFunction
    app_main_task.o(i.app_main_task) refers to app_key_ctrl.o(i.pos_MainFunction) for pos_MainFunction
    app_main_task.o(i.app_main_task) refers to app_hx711_ctrl.o(i.hx711_SenserCheck) for hx711_SenserCheck
    app_main_task.o(i.app_main_task) refers to app_hx711_ctrl.o(i.hx711_MainFunction) for hx711_MainFunction
    app_main_task.o(i.app_main_task) refers to app_t5l_ctrl.o(i.sreenSDWe_MainFunction) for sreenSDWe_MainFunction
    app_main_task.o(i.app_main_task) refers to app_motor_ctrl.o(i.app_MotorContrl) for app_MotorContrl
    app_main_task.o(i.app_main_task) refers to app_main_task.o(.data) for g_sys_ms_tick
    app_led_ctrl.o(i.app_LED_RUN) refers to hal_gpio.o(i.hal_gpio_set_do_toggle) for hal_gpio_set_do_toggle
    app_led_ctrl.o(i.app_LED_RUN) refers to app_led_ctrl.o(.data) for ledRunTick
    app_hx711_ctrl.o(i.getChanelStruct) refers to app_hx711_ctrl.o(.bss) for HX711Chanel
    app_hx711_ctrl.o(i.getSampleWeightValue) refers to app_hx711_ctrl.o(.bss) for HX711Chanel
    app_hx711_ctrl.o(i.hx711_AllChanelSample) refers to hal_gpio.o(i.hal_gpio_set_do_low) for hal_gpio_set_do_low
    app_hx711_ctrl.o(i.hx711_AllChanelSample) refers to app_hx711_ctrl.o(i.hal_delay_us) for hal_delay_us
    app_hx711_ctrl.o(i.hx711_AllChanelSample) refers to hal_gpio.o(i.hal_gpio_set_do_high) for hal_gpio_set_do_high
    app_hx711_ctrl.o(i.hx711_AllChanelSample) refers to hal_gpio.o(i.hal_di_get) for hal_di_get
    app_hx711_ctrl.o(i.hx711_AllChanelSample) refers to app_hx711_ctrl.o(i.sampleDataPush) for sampleDataPush
    app_hx711_ctrl.o(i.hx711_AllChanelSample) refers to app_hx711_ctrl.o(.bss) for HX711Chanel
    app_hx711_ctrl.o(i.hx711_DataSampleCtrl) refers to app_hx711_ctrl.o(i.hx711_AllChanelSample) for hx711_AllChanelSample
    app_hx711_ctrl.o(i.hx711_DataSampleCtrl) refers to app_hx711_ctrl.o(i.hx711_SigChanelAvrgAndWeightCalc) for hx711_SigChanelAvrgAndWeightCalc
    app_hx711_ctrl.o(i.hx711_DataSampleCtrl) refers to app_hx711_ctrl.o(.bss) for HX711Chanel
    app_hx711_ctrl.o(i.hx711_MainFunction) refers to hal_gpio.o(i.hal_gpio_set_do_high) for hal_gpio_set_do_high
    app_hx711_ctrl.o(i.hx711_MainFunction) refers to hal_gpio.o(i.hal_gpio_set_do_low) for hal_gpio_set_do_low
    app_hx711_ctrl.o(i.hx711_MainFunction) refers to hal_gpio.o(i.hal_di_get) for hal_di_get
    app_hx711_ctrl.o(i.hx711_MainFunction) refers to app_hx711_ctrl.o(i.hx711_DataSampleCtrl) for hx711_DataSampleCtrl
    app_hx711_ctrl.o(i.hx711_MainFunction) refers to app_hx711_ctrl.o(.data) for status
    app_hx711_ctrl.o(i.hx711_PowerOff) refers to hal_gpio.o(i.hal_gpio_set_do_high) for hal_gpio_set_do_high
[...]
    $v0                                      0x08006860   Number         0  d2f.o(x$fpl$d2f)
    x$fpl$dcmpinf                            0x080068c2   Section       24  dcmpi.o(x$fpl$dcmpinf)
    $v0                                      0x080068c2   Number         0  dcmpi.o(x$fpl$dcmpinf)
    x$fpl$dflt                               0x080068da   Section       46  dflt_clz.o(x$fpl$dflt)
    $v0                                      0x080068da   Number         0  dflt_clz.o(x$fpl$dflt)
    x$fpl$dfltu                              0x08006908   Section       38  dflt_clz.o(x$fpl$dfltu)
    $v0                                      0x08006908   Number         0  dflt_clz.o(x$fpl$dfltu)
    x$fpl$dleqf                              0x08006930   Section      120  dleqf.o(x$fpl$dleqf)
    $v0                                      0x08006930   Number         0  dleqf.o(x$fpl$dleqf)
    x$fpl$dmul                               0x080069a8   Section      340  dmul.o(x$fpl$dmul)
    $v0                                      0x080069a8   Number         0  dmul.o(x$fpl$dmul)
    x$fpl$dnaninf                            0x08006afc   Section      156  dnaninf.o(x$fpl$dnaninf)
    $v0                                      0x08006afc   Number         0  dnaninf.o(x$fpl$dnaninf)
    x$fpl$dretinf                            0x08006b98   Section       12  dretinf.o(x$fpl$dretinf)
    $v0                                      0x08006b98   Number         0  dretinf.o(x$fpl$dretinf)
    x$fpl$drleqf                             0x08006ba4   Section      108  drleqf.o(x$fpl$drleqf)
    $v0                                      0x08006ba4   Number         0  drleqf.o(x$fpl$drleqf)
    x$fpl$fpinit                             0x08006c10   Section       10  fpinit.o(x$fpl$fpinit)
    $v0                                      0x08006c10   Number         0  fpinit.o(x$fpl$fpinit)
    x$fpl$fretinf                            0x08006c1a   Section       10  fretinf.o(x$fpl$fretinf)
    $v0                                      0x08006c1a   Number         0  fretinf.o(x$fpl$fretinf)
    .constdata                               0x08006c24   Section       40  app_hx711_ctrl.o(.constdata)
    x$fpl$usenofp                            0x08006c24   Section        0  usenofp.o(x$fpl$usenofp)
    .constdata                               0x08006c4c   Section      512  app_crc.o(.constdata)
    .constdata                               0x08006e4c   Section       92  hal_gpio.o(.constdata)
    .constdata                               0x08006ea8   Section      168  hal_uart.o(.constdata)
    .data                                    0x20000000   Section        5  app_main_task.o(.data)
    removeWeight                             0x20000004   Data           1  app_main_task.o(.data)
    .data                                    0x20000008   Section        4  app_led_ctrl.o(.data)
    ledRunTick                               0x20000008   Data           4  app_led_ctrl.o(.data)
    .data                                    0x2000000c   Section       19  app_hx711_ctrl.o(.data)
    u8HX711OnLineStatus                      0x2000000c   Data           1  app_hx711_ctrl.o(.data)
    status                                   0x2000000d   Data           1  app_hx711_ctrl.o(.data)
    u32SenserCheckTotalTick                  0x2000000e   Data           2  app_hx711_ctrl.o(.data)
    u32PowerOffWait                          0x20000010   Data           2  app_hx711_ctrl.o(.data)
    u32OnLineCheckCnt                        0x20000012   Data           2  app_hx711_ctrl.o(.data)
    u32OnLineNormalCnt                       0x20000014   Data           2  app_hx711_ctrl.o(.data)
    u8HX711CheckPassStatus                   0x20000016   Data           3  app_hx711_ctrl.o(.data)
    u8HX711CheckPassIdx                      0x20000019   Data           1  app_hx711_ctrl.o(.data)
    status                                   0x2000001a   Data           1  app_hx711_ctrl.o(.data)
    l_max_wait_time                          0x2000001c   Data           2  app_hx711_ctrl.o(.data)
    u8H711LowLevelWait                       0x2000001e   Data           1  app_hx711_ctrl.o(.data)
    .data                                    0x20000020   Section       52  app_password.o(.data)
    .data                                    0x20000054   Section      128  app_syspara.o(.data)
    storeTick                                0x200000d0   Data           2  app_syspara.o(.data)
    storeTick                                0x200000d2   Data           2  app_syspara.o(.data)
    .data                                    0x200000d4   Section      918  app_t5l_ctrl.o(.data)
    inerStatus                               0x200003f5   Data           1  app_t5l_ctrl.o(.data)
    localChanel                              0x200003f6   Data           1  app_t5l_ctrl.o(.data)
    inerStatus                               0x200003f7   Data           1  app_t5l_ctrl.o(.data)
    localChanel                              0x200003f8   Data           1  app_t5l_ctrl.o(.data)
    inerStatus                               0x200003f9   Data           1  app_t5l_ctrl.o(.data)
    localChanel                              0x200003fa   Data           1  app_t5l_ctrl.o(.data)
    regData                                  0x200003fb   Data           5  app_t5l_ctrl.o(.data)
    status                                   0x20000400   Data           1  app_t5l_ctrl.o(.data)
    caiJiWanChengCnt                         0x20000402   Data           2  app_t5l_ctrl.o(.data)
    caiJiWeiWanChengCnt                      0x20000404   Data           2  app_t5l_ctrl.o(.data)
    didiTick                                 0x20000408   Data           4  app_t5l_ctrl.o(.data)
    caiYangWanChengCnt                       0x2000040c   Data           4  app_t5l_ctrl.o(.data)
    ticksPre                                 0x20000410   Data           4  app_t5l_ctrl.o(.data)
    tickTotal                                0x20000414   Data           4  app_t5l_ctrl.o(.data)
    tickTotalCaculate                        0x20000418   Data           4  app_t5l_ctrl.o(.data)
    tickTotal_s                              0x2000041c   Data           4  app_t5l_ctrl.o(.data)
    ticksPre                                 0x20000420   Data           4  app_t5l_ctrl.o(.data)
    weightCunPre                             0x20000424   Data           4  app_t5l_ctrl.o(.data)
    takeDownOccureDelay                      0x20000428   Data           2  app_t5l_ctrl.o(.data)
    takeDownOccureDelayCheck                 0x2000042a   Data           2  app_t5l_ctrl.o(.data)
    takeDownOccureEvent                      0x2000042c   Data           2  app_t5l_ctrl.o(.data)
    takeDownOccureMotorCtl                   0x2000042e   Data           2  app_t5l_ctrl.o(.data)
    putBackOccureDelay                       0x20000430   Data           2  app_t5l_ctrl.o(.data)
    putBackOccureDelayCheck                  0x20000432   Data           2  app_t5l_ctrl.o(.data)
    putBackOccureEvent                       0x20000434   Data           2  app_t5l_ctrl.o(.data)
    putBackOccureMotorCtl                    0x20000436   Data           2  app_t5l_ctrl.o(.data)
    needSend                                 0x20000438   Data           2  app_t5l_ctrl.o(.data)
    weight                                   0x2000043c   Data           4  app_t5l_ctrl.o(.data)
    weight_pre                               0x20000440   Data           4  app_t5l_ctrl.o(.data)
    cycleSendCnt                             0x20000444   Data           4  app_t5l_ctrl.o(.data)
    status                                   0x20000448   Data           1  app_t5l_ctrl.o(.data)
    status                                   0x20000449   Data           1  app_t5l_ctrl.o(.data)
    status                                   0x2000044a   Data           1  app_t5l_ctrl.o(.data)
    status                                   0x2000044b   Data           1  app_t5l_ctrl.o(.data)
    status                                   0x2000044c   Data           1  app_t5l_ctrl.o(.data)
    status                                   0x2000044d   Data           1  app_t5l_ctrl.o(.data)
    status                                   0x2000044e   Data           1  app_t5l_ctrl.o(.data)
    status                                   0x2000044f   Data           1  app_t5l_ctrl.o(.data)
    status                                   0x20000450   Data           1  app_t5l_ctrl.o(.data)
    bootAnimationPage                        0x20000452   Data           2  app_t5l_ctrl.o(.data)
    offset                                   0x20000454   Data           2  app_t5l_ctrl.o(.data)
    trigger                                  0x20000456   Data           2  app_t5l_ctrl.o(.data)
    status                                   0x20000458   Data           1  app_t5l_ctrl.o(.data)
    maxWaitTime                              0x2000045c   Data           4  app_t5l_ctrl.o(.data)
    testVoiceEn                              0x20000460   Data           1  app_t5l_ctrl.o(.data)
    testVoiceVlu                             0x20000461   Data           1  app_t5l_ctrl.o(.data)
    testFengMingQiEn                         0x20000462   Data           2  app_t5l_ctrl.o(.data)
    testFengMingQiVlu                        0x20000464   Data           2  app_t5l_ctrl.o(.data)
    testVoicePrintfEn                        0x20000466   Data           2  app_t5l_ctrl.o(.data)
    testVoicePrintfVlu                       0x20000468   Data           2  app_t5l_ctrl.o(.data)
    .data                                    0x2000046c   Section       72  app_motor_ctrl.o(.data)
    middleAppear                             0x200004b0   Data           2  app_motor_ctrl.o(.data)
    middleStopedEn                           0x200004b2   Data           2  app_motor_ctrl.o(.data)
    .data                                    0x200004b4   Section        4  drv_delay.o(.data)
    g_DelayUsFac                             0x200004b4   Data           2  drv_delay.o(.data)
    g_DelayMsFac                             0x200004b6   Data           2  drv_delay.o(.data)
    .data                                    0x200004b8   Section       60  hal_gpio.o(.data)
    .data                                    0x200004f4   Section      264  hal_uart.o(.data)
    .data                                    0x200005fc   Section        4  hal_pd_pulse.o(.data)
    en_pre                                   0x200005fc   Data           1  hal_pd_pulse.o(.data)
    dir_pre                                  0x200005fd   Data           1  hal_pd_pulse.o(.data)
    fre_pre                                  0x200005fe   Data           2  hal_pd_pulse.o(.data)
    .data                                    0x20000600   Section       28  drv_rcc.o(.data)
    l_AhbPrescTable                          0x20000600   Data          16  drv_rcc.o(.data)
    l_ApbPrescTable                          0x20000610   Data           8  drv_rcc.o(.data)
    .bss                                     0x2000061c   Section      236  app_hx711_ctrl.o(.bss)
    .bss                                     0x20000708   Section       56  app_key_ctrl.o(.bss)
    .bss                                     0x20000740   Section       12  app_password.o(.bss)
    .bss                                     0x2000074c   Section      304  app_syspara.o(.bss)
    .bss                                     0x2000087c   Section      178  app_t5l_ctrl.o(.bss)
    g_t5l_triger_data                        0x2000087c   Data         160  app_t5l_ctrl.o(.bss)
    .bss                                     0x20000930   Section       36  drv_rcc.o(.bss)
    .bss                                     0x20000954   Section       96  libspace.o(.bss)
    HEAP                                     0x200009b8   Section     3072  startup_stm32f30x.o(HEAP)
    Heap_Mem                                 0x200009b8   Data        3072  startup_stm32f30x.o(HEAP)
    STACK                                    0x200015b8   Section     3072  startup_stm32f30x.o(STACK)
    Stack_Mem                                0x200015b8   Data        3072  startup_stm32f30x.o(STACK)
    __initial_sp                             0x200021b8   Data           0  startup_stm32f30x.o(STACK)

    Global Symbols

    Symbol Name                              Value     Ov Type        Size  Object(Section)

    BuildAttributes$$THM_ISAv4$E$P$D$K$B$S$7EM$VFPi3$EXTD16$VFPS$VFMA$PE$A:L22UL41UL21$X:L11$S22US41US21$IEEE1$IW$USESV6$~STKCKD$USESV7$~SHL$OSPACE$ROPI$EBA8$UX$STANDARDLIB$REQ8$PRES8$EABIv2 0x00000000   Number         0  anon$$obj.o ABSOLUTE
    __ARM_use_no_argv                        0x00000000   Number         0  app_main.o ABSOLUTE
    __ARM_exceptions_init                     - Undefined Weak Reference
    __alloca_initialize                       - Undefined Weak Reference
    __arm_preinit_                            - Undefined Weak Reference
    __cpp_initialize__aeabi_                  - Undefined Weak Reference
    __cxa_finalize                            - Undefined Weak Reference
    __rt_locale                               - Undefined Weak Reference
    __sigvec_lookup                           - Undefined Weak Reference
    _atexit_init                              - Undefined Weak Reference
    _call_atexit_fns                          - Undefined Weak Reference
    _clock_init                               - Undefined Weak Reference
    _fp_trap_init                             - Undefined Weak Reference
    _fp_trap_shutdown                         - Undefined Weak Reference
    _get_lc_collate                           - Undefined Weak Reference
    _get_lc_ctype                             - Undefined Weak Reference
    _get_lc_monetary                          - Undefined Weak Reference
    _get_lc_numeric                           - Undefined Weak Reference
    _get_lc_time                              - Undefined Weak Reference
    _getenv_init                              - Undefined Weak Reference
    _handle_redirection                       - Undefined Weak Reference
    _init_alloc                               - Undefined Weak Reference
    _init_user_alloc                          - Undefined Weak Reference
    _initio                                   - Undefined Weak Reference
    _rand_init                                - Undefined Weak Reference
    _signal_finish                            - Undefined Weak Reference
    _signal_init                              - Undefined Weak Reference
    _terminate_alloc                          - Undefined Weak Reference
    _terminate_user_alloc                     - Undefined Weak Reference
    _terminateio                              - Undefined Weak Reference
    __Vectors_Size                           0x00000188   Number         0  startup_stm32f30x.o ABSOLUTE
    __Vectors                                0x08000000   Data           4  startup_stm32f30x.o(RESET)
    __Vectors_End                            0x08000188   Data           0  startup_stm32f30x.o(RESET)
    __main                                   0x08000189   Thumb Code     8  __main.o(!!!main)
    __scatterload                            0x08000191   Thumb Code     0  __scatter.o(!!!scatter)
    __scatterload_rt2                        0x08000191   Thumb Code    44  __scatter.o(!!!scatter)
    __scatterload_rt2_thumb_only             0x08000191   Thumb Code     0  __scatter.o(!!!scatter)
    __scatterload_null                       0x0800019f   Thumb Code     0  __scatter.o(!!!scatter)
    __decompress                             0x080001c5   Thumb Code    90  __dczerorl2.o(!!dczerorl2)
    __decompress1                            0x080001c5   Thumb Code     0  __dczerorl2.o(!!dczerorl2)
    __scatterload_zeroinit                   0x08000221   Thumb Code    28  __scatter_zi.o(!!handler_zi)
    __rt_lib_init                            0x0800023d   Thumb Code     0  libinit.o(.ARM.Collect$$libinit$$00000000)
    __rt_lib_init_fp_1                       0x0800023f   Thumb Code     0  libinit2.o(.ARM.Collect$$libinit$$00000001)
    __rt_lib_init_alloca_1                   0x08000243   Thumb Code     0  libinit2.o(.ARM.Collect$$libinit$$0000002E)
    __rt_lib_init_argv_1                     0x08000243   Thumb Code     0  libinit2.o(.ARM.Collect$$libinit$$0000002C)
    __rt_lib_init_atexit_1                   0x08000243   Thumb Code     0  libinit2.o(.ARM.Collect$$libinit$$0000001B)
    __rt_lib_init_clock_1                    0x08000243   Thumb Code     0  libinit2.o(.ARM.Collect$$libinit$$00000021)
    __rt_lib_init_cpp_1                      0x08000243   Thumb Code     0  libinit2.o(.ARM.Collect$$libinit$$00000032)
    __rt_lib_init_exceptions_1               0x08000243   Thumb Code     0  libinit2.o(.ARM.Collect$$libinit$$00000030)
    __rt_lib_init_fp_trap_1                  0x08000243   Thumb Code     0  libinit2.o(.ARM.Collect$$libinit$$0000001F)
    __rt_lib_init_getenv_1                   0x08000243   Thumb Code     0  libinit2.o(.ARM.Collect$$libinit$$00000023)
    __rt_lib_init_heap_1                     0x08000243   Thumb Code     0  libinit2.o(.ARM.Collect$$libinit$$0000000A)
    __rt_lib_init_lc_collate_1               0x08000243   Thumb Code     0  libinit2.o(.ARM.Collect$$libinit$$00000011)
    __rt_lib_init_lc_ctype_1                 0x08000243   Thumb Code     0  libinit2.o(.ARM.Collect$$libinit$$00000013)
    __rt_lib_init_lc_monetary_1              0x08000243   Thumb Code     0  libinit2.o(.ARM.Collect$$libinit$$00000015)
    __rt_lib_init_lc_numeric_1               0x08000243   Thumb Code     0  libinit2.o(.ARM.Collect$$libinit$$00000017)
    __rt_lib_init_lc_time_1                  0x08000243   Thumb Code     0  libinit2.o(.ARM.Collect$$libinit$$00000019)
    __rt_lib_init_preinit_1                  0x08000243   Thumb Code     0  libinit2.o(.ARM.Collect$$libinit$$00000004)
    __rt_lib_init_rand_1                     0x08000243   Thumb Code     0  libinit2.o(.ARM.Collect$$libinit$$0000000E)
    __rt_lib_init_return                     0x08000243   Thumb Code     0  libinit2.o(.ARM.Collect$$libinit$$00000033)
    __rt_lib_init_signal_1                   0x08000243   Thumb Code     0  libinit2.o(.ARM.Collect$$libinit$$0000001D)
    __rt_lib_init_stdio_1                    0x08000243   Thumb Code     0  libinit2.o(.ARM.Collect$$libinit$$00000025)
    __rt_lib_init_user_alloc_1               0x08000243   Thumb Code     0  libinit2.o(.ARM.Collect$$libinit$$0000000C)
    __rt_lib_shutdown                        0x08000245   Thumb Code     0  libshutdown.o(.ARM.Collect$$libshutdown$$00000000)
    __rt_lib_shutdown_cpp_1                  0x08000247   Thumb Code     0  libshutdown2.o(.ARM.Collect$$libshutdown$$00000002)
    __rt_lib_shutdown_fp_trap_1              0x08000247   Thumb Code     0  libshutdown2.o(.ARM.Collect$$libshutdown$$00000007)
    __rt_lib_shutdown_heap_1                 0x08000247   Thumb Code     0  libshutdown2.o(.ARM.Collect$$libshutdown$$0000000F)
    __rt_lib_shutdown_return                 0x08000247   Thumb Code     0  libshutdown2.o(.ARM.Collect$$libshutdown$$00000010)
    __rt_lib_shutdown_signal_1               0x08000247   Thumb Code     0  libshutdown2.o(.ARM.Collect$$libshutdown$$0000000A)
    __rt_lib_shutdown_stdio_1                0x08000247   Thumb Code     0  libshutdown2.o(.ARM.Collect$$libshutdown$$00000004)
    __rt_lib_shutdown_user_alloc_1           0x08000247   Thumb Code     0  libshutdown2.o(.ARM.Collect$$libshutdown$$0000000C)
    __rt_entry                               0x08000249   Thumb Code     0  __rtentry.o(.ARM.Collect$$rtentry$$00000000)
    __rt_entry_presh_1                       0x08000249   Thumb Code     0  __rtentry2.o(.ARM.Collect$$rtentry$$00000002)
    __rt_entry_sh                            0x08000249   Thumb Code     0  __rtentry4.o(.ARM.Collect$$rtentry$$00000004)
    __rt_entry_li                            0x0800024f   Thumb Code     0  __rtentry2.o(.ARM.Collect$$rtentry$$0000000A)
    __rt_entry_postsh_1                      0x0800024f   Thumb Code     0  __rtentry2.o(.ARM.Collect$$rtentry$$00000009)
    __rt_entry_main                          0x08000253   Thumb Code     0  __rtentry2.o(.ARM.Collect$$rtentry$$0000000D)
    __rt_entry_postli_1                      0x08000253   Thumb Code     0  __rtentry2.o(.ARM.Collect$$rtentry$$0000000C)
    __rt_exit                                0x0800025b   Thumb Code     0  rtexit.o(.ARM.Collect$$rtexit$$00000000)
    __rt_exit_ls                             0x0800025d   Thumb Code     0  rtexit2.o(.ARM.Collect$$rtexit$$00000003)
    __rt_exit_prels_1                        0x0800025d   Thumb Code     0  rtexit2.o(.ARM.Collect$$rtexit$$00000002)
    __rt_exit_exit                           0x08000261   Thumb Code     0  rtexit2.o(.ARM.Collect$$rtexit$$00000004)
    Reset_Handler                            0x08000269   Thumb Code    14  startup_stm32f30x.o(.text)
    NMI_Handler                              0x08000277   Thumb Code     2  startup_stm32f30x.o(.text)
    HardFault_Handler                        0x08000279   Thumb Code     2  startup_stm32f30x.o(.text)
    MemManage_Handler                        0x0800027b   Thumb Code     2  startup_stm32f30x.o(.text)
    BusFault_Handler                         0x0800027d   Thumb Code     2  startup_stm32f30x.o(.text)
    UsageFault_Handler                       0x0800027f   Thumb Code     2  startup_stm32f30x.o(.text)
    SVC_Handler                              0x08000281   Thumb Code     2  startup_stm32f30x.o(.text)
    DebugMon_Handler                         0x08000283   Thumb Code     2  startup_stm32f30x.o(.text)
    PendSV_Handler                           0x08000285   Thumb Code     2  startup_stm32f30x.o(.text)
    SysTick_Handler                          0x08000287   Thumb Code     2  startup_stm32f30x.o(.text)
    ADC1_2_IRQHandler                        0x08000289   Thumb Code     0  startup_stm32f30x.o(.text)
    ADC3_IRQHandler                          0x08000289   Thumb Code     0  startup_stm32f30x.o(.text)
    ADC4_IRQHandler                          0x08000289   Thumb Code     0  startup_stm32f30x.o(.text)
    CAN1_RX1_IRQHandler                      0x08000289   Thumb Code     0  startup_stm32f30x.o(.text)
    CAN1_SCE_IRQHandler                      0x08000289   Thumb Code     0  startup_stm32f30x.o(.text)
    COMP1_2_3_IRQHandler                     0x08000289   Thumb Code     0  startup_stm32f30x.o(.text)
    COMP4_5_6_IRQHandler                     0x08000289   Thumb Code     0  startup_stm32f30x.o(.text)
    COMP7_IRQHandler                         0x08000289   Thumb Code     0  startup_stm32f30x.o(.text)
    DMA1_Channel1_IRQHandler                 0x08000289   Thumb Code     0  startup_stm32f30x.o(.text)
    DMA2_Channel1_IRQHandler                 0x08000289   Thumb Code     0  startup_stm32f30x.o(.text)
    DMA2_Channel2_IRQHandler                 0x08000289   Thumb Code     0  startup_stm32f30x.o(.text)
    DMA2_Channel3_IRQHandler                 0x08000289   Thumb Code     0  startup_stm32f30x.o(.text)
    DMA2_Channel4_IRQHandler                 0x08000289   Thumb Code     0  startup_stm32f30x.o(.text)
    DMA2_Channel5_IRQHandler                 0x08000289   Thumb Code     0  startup_stm32f30x.o(.text)
    EXTI0_IRQHandler                         0x08000289   Thumb Code     0  startup_stm32f30x.o(.text)
    EXTI15_10_IRQHandler                     0x08000289   Thumb Code     0  startup_stm32f30x.o(.text)
    EXTI1_IRQHandler                         0x08000289   Thumb Code     0  startup_stm32f30x.o(.text)
    EXTI2_TS_IRQHandler                      0x08000289   Thumb Code     0  startup_stm32f30x.o(.text)
    EXTI3_IRQHandler                         0x08000289   Thumb Code     0  startup_stm32f30x.o(.text)
    EXTI4_IRQHandler                         0x08000289   Thumb Code     0  startup_stm32f30x.o(.text)
    EXTI9_5_IRQHandler                       0x08000289   Thumb Code     0  startup_stm32f30x.o(.text)
    FLASH_IRQHandler                         0x08000289   Thumb Code     0  startup_stm32f30x.o(.text)
    FPU_IRQHandler                           0x08000289   Thumb Code     0  startup_stm32f30x.o(.text)
    I2C1_ER_IRQHandler                       0x08000289   Thumb Code     0  startup_stm32f30x.o(.text)
    I2C1_EV_IRQHandler                       0x08000289   Thumb Code     0  startup_stm32f30x.o(.text)
    I2C2_ER_IRQHandler                       0x08000289   Thumb Code     0  startup_stm32f30x.o(.text)
    I2C2_EV_IRQHandler                       0x08000289   Thumb Code     0  startup_stm32f30x.o(.text)
    PVD_IRQHandler                           0x08000289   Thumb Code     0  startup_stm32f30x.o(.text)
    RCC_IRQHandler                           0x08000289   Thumb Code     0  startup_stm32f30x.o(.text)
    RTC_Alarm_IRQHandler                     0x08000289   Thumb Code     0  startup_stm32f30x.o(.text)
    RTC_WKUP_IRQHandler                      0x08000289   Thumb Code     0  startup_stm32f30x.o(.text)
    SPI1_IRQHandler                          0x08000289   Thumb Code     0  startup_stm32f30x.o(.text)
    SPI2_IRQHandler                          0x08000289   Thumb Code     0  startup_stm32f30x.o(.text)
    SPI3_IRQHandler                          0x08000289   Thumb Code     0  startup_stm32f30x.o(.text)
    TAMPER_STAMP_IRQHandler                  0x08000289   Thumb Code     0  startup_stm32f30x.o(.text)
    TIM1_BRK_TIM15_IRQHandler                0x08000289   Thumb Code     0  startup_stm32f30x.o(.text)
    TIM1_CC_IRQHandler                       0x08000289   Thumb Code     0  startup_stm32f30x.o(.text)
    TIM1_TRG_COM_TIM17_IRQHandler            0x08000289   Thumb Code     0  startup_stm32f30x.o(.text)
    TIM1_UP_TIM16_IRQHandler                 0x08000289   Thumb Code     0  startup_stm32f30x.o(.text)
    TIM2_IRQHandler                          0x08000289   Thumb Code     0  startup_stm32f30x.o(.text)
    TIM3_IRQHandler                          0x08000289   Thumb Code     0  startup_stm32f30x.o(.text)
    TIM4_IRQHandler                          0x08000289   Thumb Code     0  startup_stm32f30x.o(.text)
    TIM7_IRQHandler                          0x08000289   Thumb Code     0  startup_stm32f30x.o(.text)
    TIM8_BRK_IRQHandler                      0x08000289   Thumb Code     0  startup_stm32f30x.o(.text)
    TIM8_CC_IRQHandler                       0x08000289   Thumb Code     0  startup_stm32f30x.o(.text)
    TIM8_TRG_COM_IRQHandler                  0x08000289   Thumb Code     0  startup_stm32f30x.o(.text)
    TIM8_UP_IRQHandler                       0x08000289   Thumb Code     0  startup_stm32f30x.o(.text)
    UART4_IRQHandler                         0x08000289   Thumb Code     0  startup_stm32f30x.o(.text)
    UART5_IRQHandler                         0x08000289   Thumb Code     0  startup_stm32f30x.o(.text)
    USBWakeUp_IRQHandler                     0x08000289   Thumb Code     0  startup_stm32f30x.o(.text)
    USBWakeUp_RMP_IRQHandler                 0x08000289   Thumb Code     0  startup_stm32f30x.o(.text)
    USB_HP_CAN1_TX_IRQHandler                0x08000289   Thumb Code     0  startup_stm32f30x.o(.text)
    USB_HP_IRQHandler                        0x08000289   Thumb Code     0  startup_stm32f30x.o(.text)
    USB_LP_CAN1_RX0_IRQHandler               0x08000289   Thumb Code     0  startup_stm32f30x.o(.text)
    USB_LP_IRQHandler                        0x08000289   Thumb Code     0  startup_stm32f30x.o(.text)
    WWDG_IRQHandler                          0x08000289   Thumb Code     0  startup_stm32f30x.o(.text)
    __user_initial_stackheap                 0x0800028d   Thumb Code     0  startup_stm32f30x.o(.text)
    __aeabi_memclr4                          0x080002b1   Thumb Code     0  rt_memclr_w.o(.text)
    __aeabi_memclr8                          0x080002b1   Thumb Code     0  rt_memclr_w.o(.text)
    __rt_memclr_w                            0x080002b1   Thumb Code    78  rt_memclr_w.o(.text)
    _memset_w                                0x080002b5   Thumb Code     0  rt_memclr_w.o(.text)
    __use_two_region_memory                  0x080002ff   Thumb Code     2  heapauxi.o(.text)
    __rt_heap_escrow$2region                 0x08000301   Thumb Code     2  heapauxi.o(.text)
    __rt_heap_expand$2region                 0x08000303   Thumb Code     2  heapauxi.o(.text)
    __user_setup_stackheap                   0x08000305   Thumb Code    74  sys_stackheap_outer.o(.text)
    exit                                     0x0800034f   Thumb Code    18  exit.o(.text)
    __user_libspace                          0x08000361   Thumb Code     8  libspace.o(.text)
    __user_perproc_libspace                  0x08000361   Thumb Code     0  libspace.o(.text)
    __user_perthread_libspace                0x08000361   Thumb Code     0  libspace.o(.text)
    _sys_exit                                0x08000369   Thumb Code     8  sys_exit.o(.text)
    __I$use$semihosting                      0x08000375   Thumb Code     0  use_no_semi.o(.text)
    __use_no_semihosting_swi                 0x08000375   Thumb Code     2  use_no_semi.o(.text)
    BubbleSortINT32                          0x08000377   Thumb Code    82  app_crc.o(i.BubbleSortINT32)
    __semihosting_library_function           0x08000377   Thumb Code     0  indicate_semi.o(.text)
    DMA1_Channel2_IRQHandler                 0x080003c9   Thumb Code    44  hal_uart.o(i.DMA1_Channel2_IRQHandler)
    DMA1_Channel3_IRQHandler                 0x08000405   Thumb Code    44  hal_uart.o(i.DMA1_Channel3_IRQHandler)
    DMA1_Channel4_IRQHandler                 0x08000441   Thumb Code    44  hal_uart.o(i.DMA1_Channel4_IRQHandler)
    DMA1_Channel5_IRQHandler                 0x0800047d   Thumb Code    44  hal_uart.o(i.DMA1_Channel5_IRQHandler)
    DMA1_Channel6_IRQHandler                 0x080004b9   Thumb Code    44  hal_uart.o(i.DMA1_Channel6_IRQHandler)
    DMA1_Channel7_IRQHandler                 0x080004f5   Thumb Code    44  hal_uart.o(i.DMA1_Channel7_IRQHandler)
    STM32CheckPassWord                       0x08000531   Thumb Code    58  app_password.o(i.STM32CheckPassWord)
    STM32MCUIDGet                            0x0800057d   Thumb Code    34  app_password.o(i.STM32MCUIDGet)
    TIM6_DAC_IRQHandler                      0x080005a5   Thumb Code    16  hal_timer.o(i.TIM6_DAC_IRQHandler)
    USART1_IRQHandler                        0x080005b9   Thumb Code   372  hal_uart.o(i.USART1_IRQHandler)
    USART2_IRQHandler                        0x08000749   Thumb Code   364  hal_uart.o(i.USART2_IRQHandler)
    USART3_IRQHandler                        0x080008d1   Thumb Code   344  hal_uart.o(i.USART3_IRQHandler)
    app_LED_RUN                              0x08000a45   Thumb Code    34  app_led_ctrl.o(i.app_LED_RUN)
    app_MotorContrl                          0x08000a6d   Thumb Code   824  app_motor_ctrl.o(i.app_MotorContrl)
    app_MotorContrl_Init                     0x08000dbd   Thumb Code   274  app_motor_ctrl.o(i.app_MotorContrl_Init)
    app_SetMotorContrlMode                   0x08000ed9   Thumb Code     6  app_motor_ctrl.o(i.app_SetMotorContrlMode)
    app_gjf_handle                           0x08000ee5   Thumb Code    46  app_motor_ctrl.o(i.app_gjf_handle)
    app_main_init                            0x08000f1d   Thumb Code    34  app_main_task.o(i.app_main_init)
    app_main_task                            0x08000f49   Thumb Code    70  app_main_task.o(i.app_main_task)
    backReturnBSetContrl_Handle              0x08000f99   Thumb Code   122  app_t5l_ctrl.o(i.backReturnBSetContrl_Handle)
    cal_crc16                                0x0800101d   Thumb Code    62  app_crc.o(i.cal_crc16)
    chanelChangedTrigerDeal                  0x08001065   Thumb Code   530  app_t5l_ctrl.o(i.chanelChangedTrigerDeal)
    clearLocalCalibrationKAndBAndSample      0x0800128d   Thumb Code   188  app_t5l_ctrl.o(i.clearLocalCalibrationKAndBAndSample)
    clearLocalCalibrationRecordData          0x0800134d   Thumb Code   122  app_t5l_ctrl.o(i.clearLocalCalibrationRecordData)
    drv_debug_apb1_stop                      0x080013cd   Thumb Code    12  drv_dbgmcu.o(i.drv_debug_apb1_stop)
    drv_debug_apb2_stop                      0x080013dd   Thumb Code    12  drv_dbgmcu.o(i.drv_debug_apb2_stop)
    drv_delay_init                           0x080013ed   Thumb Code    60  drv_delay.o(i.drv_delay_init)
    drv_delay_ms                             0x08001439   Thumb Code    64  drv_delay.o(i.drv_delay_ms)
    drv_delay_us                             0x0800147d   Thumb Code    64  drv_delay.o(i.drv_delay_us)
    drv_dma_set_mem_addr_length              0x080014c1   Thumb Code    12  drv_dma.o(i.drv_dma_set_mem_addr_length)
    drv_dma_stream_clear_flag_status         0x080014cd   Thumb Code    30  drv_dma.o(i.drv_dma_stream_clear_flag_status)
    drv_dma_stream_clear_it_pending_bit      0x080014f5   Thumb Code    18  drv_dma.o(i.drv_dma_stream_clear_it_pending_bit)
    drv_dma_stream_deinit                    0x08001511   Thumb Code   252  drv_dma.o(i.drv_dma_stream_deinit)
    drv_dma_stream_disable                   0x08001615   Thumb Code    10  drv_dma.o(i.drv_dma_stream_disable)
    drv_dma_stream_enable                    0x0800161f   Thumb Code    12  drv_dma.o(i.drv_dma_stream_enable)
    drv_dma_stream_get_it_status             0x0800162d   Thumb Code    90  drv_dma.o(i.drv_dma_stream_get_it_status)
    drv_dma_stream_get_left_length           0x08001691   Thumb Code    14  drv_dma.o(i.drv_dma_stream_get_left_length)
    drv_dma_stream_init                      0x0800169f   Thumb Code   108  drv_dma.o(i.drv_dma_stream_init)
    drv_dma_stream_it_enable                 0x0800170b   Thumb Code     8  drv_dma.o(i.drv_dma_stream_it_enable)
    drv_dma_stream_start_mem_to_periph       0x08001713   Thumb Code    52  drv_dma.o(i.drv_dma_stream_start_mem_to_periph)
    drv_dma_stream_start_periph_to_mem       0x08001747   Thumb Code    52  drv_dma.o(i.drv_dma_stream_start_periph_to_mem)
    drv_flash_erase_sector                   0x0800177d   Thumb Code    66  drv_flash.o(i.drv_flash_erase_sector)
    drv_flash_get_status                     0x080017c5   Thumb Code    40  drv_flash.o(i.drv_flash_get_status)
    drv_flash_lock                           0x080017f1   Thumb Code    16  drv_flash.o(i.drv_flash_lock)
    drv_flash_read_words                     0x08001805   Thumb Code    32  drv_flash.o(i.drv_flash_read_words)
    drv_flash_unlock                         0x08001825   Thumb Code    22  drv_flash.o(i.drv_flash_unlock)
    drv_flash_wait_last_operation            0x08001849   Thumb Code    40  drv_flash.o(i.drv_flash_wait_last_operation)
    drv_flash_write_words                    0x08001871   Thumb Code   122  drv_flash.o(i.drv_flash_write_words)
    drv_gpio_alternate_function_connect      0x080018f1   Thumb Code    66  drv_gpio.o(i.drv_gpio_alternate_function_connect)
    drv_gpio_alternate_function_init         0x08001933   Thumb Code   220  drv_gpio.o(i.drv_gpio_alternate_function_init)
    drv_gpio_input_init                      0x08001a0f   Thumb Code    96  drv_gpio.o(i.drv_gpio_input_init)
    drv_gpio_output_init                     0x08001a6f   Thumb Code   220  drv_gpio.o(i.drv_gpio_output_init)
    drv_gpio_set_pins_high                   0x08001b4b   Thumb Code     8  hal_uart.o(i.drv_gpio_set_pins_high)
    drv_iwdg_init                            0x08001b55   Thumb Code    32  drv_iwdg.o(i.drv_iwdg_init)
    drv_nvic_enable                          0x08001b79   Thumb Code    22  drv_nvic.o(i.drv_nvic_enable)
    drv_nvic_init                            0x08001b91   Thumb Code    56  drv_nvic.o(i.drv_nvic_init)
    drv_rcc_ahb1_clk_enable                  0x08001bd1   Thumb Code    12  drv_rcc.o(i.drv_rcc_ahb1_clk_enable)
    drv_rcc_apb1_clk_enable                  0x08001be1   Thumb Code    12  drv_rcc.o(i.drv_rcc_apb1_clk_enable)
    drv_rcc_apb1_periph_reset_disable        0x08001bf1   Thumb Code    12  drv_rcc.o(i.drv_rcc_apb1_periph_reset_disable)
    drv_rcc_apb1_periph_reset_enable         0x08001c01   Thumb Code    12  drv_rcc.o(i.drv_rcc_apb1_periph_reset_enable)
    drv_rcc_apb2_clk_enable                  0x08001c11   Thumb Code    12  drv_rcc.o(i.drv_rcc_apb2_clk_enable)
    drv_rcc_apb2_periph_reset_disable        0x08001c21   Thumb Code    12  drv_rcc.o(i.drv_rcc_apb2_periph_reset_disable)
    drv_rcc_apb2_periph_reset_enable         0x08001c31   Thumb Code    12  drv_rcc.o(i.drv_rcc_apb2_periph_reset_enable)
    drv_rcc_get_clocks_freq                  0x08001c41   Thumb Code   238  drv_rcc.o(i.drv_rcc_get_clocks_freq)
    drv_rcc_init                             0x08001d45   Thumb Code   694  drv_rcc.o(i.drv_rcc_init)
    drv_timer_base_init                      0x08002025   Thumb Code   104  drv_timer.o(i.drv_timer_base_init)
    drv_timer_clear_it_pending_bit           0x080020a5   Thumb Code     8  drv_timer.o(i.drv_timer_clear_it_pending_bit)
    drv_timer_deinit                         0x080020ad   Thumb Code   216  drv_timer.o(i.drv_timer_deinit)
    drv_timer_enable                         0x080021a9   Thumb Code    12  drv_timer.o(i.drv_timer_enable)
    drv_timer_it_enable                      0x080021b5   Thumb Code     8  drv_timer.o(i.drv_timer_it_enable)
    drv_uart_clear_flag_status               0x080021bd   Thumb Code     4  drv_uart.o(i.drv_uart_clear_flag_status)
    drv_uart_clear_it_pending_bit            0x080021c1   Thumb Code    18  drv_uart.o(i.drv_uart_clear_it_pending_bit)
    drv_uart_deinit                          0x080021d5   Thumb Code   124  drv_uart.o(i.drv_uart_deinit)
    drv_uart_dma_rx_enable                   0x08002265   Thumb Code    12  drv_uart.o(i.drv_uart_dma_rx_enable)
    drv_uart_dma_tx_enable                   0x08002271   Thumb Code    12  drv_uart.o(i.drv_uart_dma_tx_enable)
    drv_uart_get_flag_status                 0x0800227d   Thumb Code    16  drv_uart.o(i.drv_uart_get_flag_status)
    drv_uart_init                            0x0800228d   Thumb Code   190  drv_uart.o(i.drv_uart_init)
    drv_uart_it_disable                      0x0800234b   Thumb Code    52  drv_uart.o(i.drv_uart_it_disable)
    drv_uart_it_enable                       0x0800237f   Thumb Code    52  drv_uart.o(i.drv_uart_it_enable)
    drv_uart_put_bytes                       0x080023b3   Thumb Code    32  drv_uart.o(i.drv_uart_put_bytes)
    drv_uart_rx_byte                         0x080023d3   Thumb Code    14  hal_uart.o(i.drv_uart_rx_byte)
    drv_uart_set_baudrate                    0x080023e1   Thumb Code   116  drv_uart.o(i.drv_uart_set_baudrate)
    drv_uart_tx_byte                         0x0800245d   Thumb Code     4  hal_uart.o(i.drv_uart_tx_byte)
    enterRealTimeSet_Handle                  0x08002461   Thumb Code   474  app_t5l_ctrl.o(i.enterRealTimeSet_Handle)
    getChanelStruct                          0x08002649   Thumb Code    24  app_hx711_ctrl.o(i.getChanelStruct)
    getKeyValuedEvent_OfTBES                 0x08002665   Thumb Code    30  app_key_ctrl.o(i.getKeyValuedEvent_OfTBES)
    gjfContrl_Handle                         0x08002685   Thumb Code    92  app_t5l_ctrl.o(i.gjfContrl_Handle)
    hal_clock_init                           0x080026e9   Thumb Code    24  hal_clock.o(i.hal_clock_init)
    hal_delay_init                           0x08002701   Thumb Code     8  hal_delay.o(i.hal_delay_init)
    hal_delay_ms                             0x08002709   Thumb Code    12  app_t5l_ctrl.o(i.hal_delay_ms)
    hal_delay_us                             0x08002715   Thumb Code    12  app_hx711_ctrl.o(i.hal_delay_us)
    hal_di_get                               0x08002721   Thumb Code    36  hal_gpio.o(i.hal_di_get)
    hal_gpio_init                            0x0800274d   Thumb Code    86  hal_gpio.o(i.hal_gpio_init)
    hal_gpio_set_do_high                     0x080027bd   Thumb Code    22  hal_gpio.o(i.hal_gpio_set_do_high)
    hal_gpio_set_do_low                      0x080027dd   Thumb Code    22  hal_gpio.o(i.hal_gpio_set_do_low)
    hal_gpio_set_do_toggle                   0x080027fd   Thumb Code    22  hal_gpio.o(i.hal_gpio_set_do_toggle)
    hal_timer_init                           0x0800281d   Thumb Code    66  hal_timer.o(i.hal_timer_init)
    hal_uart_dma_rx_start                    0x08002869   Thumb Code    70  hal_uart.o(i.hal_uart_dma_rx_start)
    hal_uart_gpio_init                       0x080028c1   Thumb Code   806  hal_uart.o(i.hal_uart_gpio_init)
    hal_uart_port_init                       0x08002c19   Thumb Code   560  hal_uart.o(i.hal_uart_port_init)
    hal_uart_rx_irq_disable                  0x08002e81   Thumb Code    48  hal_uart.o(i.hal_uart_rx_irq_disable)
    hal_uart_rx_irq_enable                   0x08002ebd   Thumb Code    48  hal_uart.o(i.hal_uart_rx_irq_enable)
    hal_uart_set_braudrate                   0x08002ef9   Thumb Code    34  hal_uart.o(i.hal_uart_set_braudrate)
    hal_uart_set_rx_mode                     0x08002f25   Thumb Code    26  hal_uart.o(i.hal_uart_set_rx_mode)
    hal_uart_set_timeout                     0x08002f49   Thumb Code     2  hal_uart.o(i.hal_uart_set_timeout)
    hal_uart_set_tx_mode                     0x08002f4d   Thumb Code    24  hal_uart.o(i.hal_uart_set_tx_mode)
    hal_uart_tx_bytes                        0x08002f6d   Thumb Code   246  hal_uart.o(i.hal_uart_tx_bytes)
    hx711_AllChanelSample                    0x08003075   Thumb Code   200  app_hx711_ctrl.o(i.hx711_AllChanelSample)
    hx711_DataSampleCtrl                     0x08003141   Thumb Code    40  app_hx711_ctrl.o(i.hx711_DataSampleCtrl)
    hx711_MainFunction                       0x0800316d   Thumb Code   262  app_hx711_ctrl.o(i.hx711_MainFunction)
    hx711_SenserCheck                        0x08003285   Thumb Code   440  app_hx711_ctrl.o(i.hx711_SenserCheck)
    hx711_SigChanelAvrgAndWeightCalc         0x08003465   Thumb Code   216  app_hx711_ctrl.o(i.hx711_SigChanelAvrgAndWeightCalc)
    hx711_getAvgSample                       0x08003541   Thumb Code    26  app_hx711_ctrl.o(i.hx711_getAvgSample)
    hx711_getWeight                          0x08003561   Thumb Code   132  app_hx711_ctrl.o(i.hx711_getWeight)
    hx711_init                               0x080035fd   Thumb Code   340  app_hx711_ctrl.o(i.hx711_init)
    hx711_setAllRemoveWeight                 0x08003765   Thumb Code    50  app_hx711_ctrl.o(i.hx711_setAllRemoveWeight)
    jumpToCalibrationPage                    0x0800379d   Thumb Code    84  app_t5l_ctrl.o(i.jumpToCalibrationPage)
    key_EventClear                           0x080037f5   Thumb Code    22  app_key_ctrl.o(i.key_EventClear)
    key_EventGet                             0x08003811   Thumb Code    24  app_key_ctrl.o(i.key_EventGet)
    key_FilterGet                            0x0800382d   Thumb Code    24  app_key_ctrl.o(i.key_FilterGet)
    key_MainFunction                         0x08003849   Thumb Code     8  app_key_ctrl.o(i.key_MainFunction)
    key_filter                               0x08003851   Thumb Code   152  app_key_ctrl.o(i.key_filter)
    key_init                                 0x080038ed   Thumb Code    58  app_key_ctrl.o(i.key_init)
    main                                     0x0800392d   Thumb Code    62  app_main.o(i.main)
    motor_PulseHandle                        0x08003975   Thumb Code    70  hal_pd_pulse.o(i.motor_PulseHandle)
    motor_pulse_dir_set                      0x080039c9   Thumb Code    22  hal_pd_pulse.o(i.motor_pulse_dir_set)
    motor_pulse_en_set                       0x080039e1   Thumb Code    52  hal_pd_pulse.o(i.motor_pulse_en_set)
    motor_pulse_frequency_set                0x08003a19   Thumb Code    26  hal_pd_pulse.o(i.motor_pulse_frequency_set)
    motor_pulse_init                         0x08003a3d   Thumb Code   192  hal_pd_pulse.o(i.motor_pulse_init)
    motor_pulse_output_set                   0x08003b05   Thumb Code    14  hal_pd_pulse.o(i.motor_pulse_output_set)
    pointSampleTrigerDataSet                 0x08003b19   Thumb Code    32  app_t5l_ctrl.o(i.pointSampleTrigerDataSet)
    pointTrigerDataSet                       0x08003b3d   Thumb Code    62  app_t5l_ctrl.o(i.pointTrigerDataSet)
    pointTrigerDeal                          0x08003b81   Thumb Code   312  app_t5l_ctrl.o(i.pointTrigerDeal)
    pointWeightTrigerDataSet                 0x08003cc9   Thumb Code    32  app_t5l_ctrl.o(i.pointWeightTrigerDataSet)
    pos_EventClear                           0x08003ced   Thumb Code    18  app_key_ctrl.o(i.pos_EventClear)
    pos_EventGet                             0x08003d05   Thumb Code    20  app_key_ctrl.o(i.pos_EventGet)
    pos_FilterGet                            0x08003d1d   Thumb Code    20  app_key_ctrl.o(i.pos_FilterGet)
    pos_MainFunction                         0x08003d35   Thumb Code     8  app_key_ctrl.o(i.pos_MainFunction)
    pos_filter                               0x08003d3d   Thumb Code   152  app_key_ctrl.o(i.pos_filter)
    pos_init                                 0x08003dd9   Thumb Code    56  app_key_ctrl.o(i.pos_init)
    readSysDataFromFlash                     0x08003e15   Thumb Code   366  app_syspara.o(i.readSysDataFromFlash)
    readSysDataFromFlash_3030                0x08003f89   Thumb Code   452  app_syspara.o(i.readSysDataFromFlash_3030)
    resetCalibrationTrigerDeal               0x0800415d   Thumb Code   310  app_t5l_ctrl.o(i.resetCalibrationTrigerDeal)
    rtcSet_Handle                            0x080042a5   Thumb Code   168  app_t5l_ctrl.o(i.rtcSet_Handle)
    runContrl_Handle                         0x0800435d   Thumb Code   180  app_t5l_ctrl.o(i.runContrl_Handle)
    sampleDataPush                           0x0800441d   Thumb Code    58  app_hx711_ctrl.o(i.sampleDataPush)
    screenFengMingQi_Handle                  0x08004459   Thumb Code    92  app_t5l_ctrl.o(i.screenFengMingQi_Handle)
    screenSDWeReadReg                        0x080044b9   Thumb Code   238  app_t5l_ctrl.o(i.screenSDWeReadReg)
    screenSDWeWriteReg                       0x080045b1   Thumb Code   278  app_t5l_ctrl.o(i.screenSDWeWriteReg)
    screenSDWeWriteVarible                   0x080046d1   Thumb Code   324  app_t5l_ctrl.o(i.screenSDWeWriteVarible)
    screenSDWe_CaiJiWanCheng_Handle          0x0800481d   Thumb Code   104  app_t5l_ctrl.o(i.screenSDWe_CaiJiWanCheng_Handle)
    screenSDWe_CaiJiYuYin_Handle             0x08004891   Thumb Code   322  app_t5l_ctrl.o(i.screenSDWe_CaiJiYuYin_Handle)
    screenSDWe_CaiJiYuYin_Set                0x080049e1   Thumb Code    10  app_t5l_ctrl.o(i.screenSDWe_CaiJiYuYin_Set)
    screenSDWe_CycleDataSend                 0x080049f1   Thumb Code   338  app_t5l_ctrl.o(i.screenSDWe_CycleDataSend)
    screenSDWe_JumpToPage                    0x08004b61   Thumb Code    30  app_t5l_ctrl.o(i.screenSDWe_JumpToPage)
    screenSDWe_LiuSuCaculate                 0x08004b81   Thumb Code   188  app_t5l_ctrl.o(i.screenSDWe_LiuSuCaculate)
    screenSDWe_RTCTimeCaculate               0x08004c55   Thumb Code    36  app_t5l_ctrl.o(i.screenSDWe_RTCTimeCaculate)
    screenSDWe_RxFunction                    0x08004c7d   Thumb Code   396  app_t5l_ctrl.o(i.screenSDWe_RxFunction)
    screenSDWe_SampleTimeCaculate            0x08004e0d   Thumb Code   218  app_t5l_ctrl.o(i.screenSDWe_SampleTimeCaculate)
    screenSDWe_SubFunctionTest               0x08004f01   Thumb Code    86  app_t5l_ctrl.o(i.screenSDWe_SubFunctionTest)
    screenSDWe_TakeDownCheck                 0x08004f71   Thumb Code   218  app_t5l_ctrl.o(i.screenSDWe_TakeDownCheck)
    screenSDWe_TxFunction                    0x0800506d   Thumb Code   652  app_t5l_ctrl.o(i.screenSDWe_TxFunction)
    screenSendDataToSDWE                     0x08005305   Thumb Code   386  app_t5l_ctrl.o(i.screenSendDataToSDWE)
    screenT5L_Init                           0x08005495   Thumb Code   158  app_t5l_ctrl.o(i.screenT5L_Init)
    screenVoicePrintf_Handle                 0x08005549   Thumb Code   122  app_t5l_ctrl.o(i.screenVoicePrintf_Handle)
    screenVoice_Handle                       0x080055d1   Thumb Code   104  app_t5l_ctrl.o(i.screenVoice_Handle)
    sdweAskRegData                           0x0800563d   Thumb Code   358  app_t5l_ctrl.o(i.sdweAskRegData)
    sdweAskVaribleData                       0x080057a9   Thumb Code  1934  app_t5l_ctrl.o(i.sdweAskVaribleData)
    setSampleWeightValue                     0x08005f45   Thumb Code    36  app_hx711_ctrl.o(i.setSampleWeightValue)
    sreenSDWe_MainFunction                   0x08005f6d   Thumb Code    68  app_t5l_ctrl.o(i.sreenSDWe_MainFunction)
    sreenT5L_BootAnimation                   0x08005fb5   Thumb Code   272  app_t5l_ctrl.o(i.sreenT5L_BootAnimation)
    storeSysDataToFlash                      0x080060d5   Thumb Code   328  app_syspara.o(i.storeSysDataToFlash)
    storeSysDataToFlash_3030                 0x08006229   Thumb Code   754  app_syspara.o(i.storeSysDataToFlash_3030)
    system_init                              0x08006535   Thumb Code    40  app_main.o(i.system_init)
    t5lWriteVarible                          0x0800655d   Thumb Code   252  app_t5l_ctrl.o(i.t5lWriteVarible)
    trigerCalcKB                             0x08006661   Thumb Code   502  app_hx711_ctrl.o(i.trigerCalcKB)
    __aeabi_d2f                              0x08006861   Thumb Code     0  d2f.o(x$fpl$d2f)
    _d2f                                     0x08006861   Thumb Code    98  d2f.o(x$fpl$d2f)
    __fpl_dcmp_Inf                           0x080068c3   Thumb Code    24  dcmpi.o(x$fpl$dcmpinf)
    __aeabi_i2d                              0x080068db   Thumb Code     0  dflt_clz.o(x$fpl$dflt)
    _dflt                                    0x080068db   Thumb Code    46  dflt_clz.o(x$fpl$dflt)
    __aeabi_ui2d                             0x08006909   Thumb Code     0  dflt_clz.o(x$fpl$dfltu)
    _dfltu                                   0x08006909   Thumb Code    38  dflt_clz.o(x$fpl$dfltu)
    __aeabi_cdcmple                          0x08006931   Thumb Code     0  dleqf.o(x$fpl$dleqf)
    _dcmple                                  0x08006931   Thumb Code   120  dleqf.o(x$fpl$dleqf)
    __fpl_dcmple_InfNaN                      0x08006993   Thumb Code     0  dleqf.o(x$fpl$dleqf)
    __aeabi_dmul                             0x080069a9   Thumb Code     0  dmul.o(x$fpl$dmul)
    _dmul                                    0x080069a9   Thumb Code   332  dmul.o(x$fpl$dmul)
    __fpl_dnaninf                            0x08006afd   Thumb Code   156  dnaninf.o(x$fpl$dnaninf)
    __fpl_dretinf                            0x08006b99   Thumb Code    12  dretinf.o(x$fpl$dretinf)
    __aeabi_cdrcmple                         0x08006ba5   Thumb Code     0  drleqf.o(x$fpl$drleqf)
    _drcmple                                 0x08006ba5   Thumb Code   108  drleqf.o(x$fpl$drleqf)
    _fp_init                                 0x08006c11   Thumb Code    10  fpinit.o(x$fpl$fpinit)
    __fplib_config_fpu_vfp                   0x08006c19   Thumb Code     0  fpinit.o(x$fpl$fpinit)
    __fplib_config_pureend_doubles           0x08006c19   Thumb Code     0  fpinit.o(x$fpl$fpinit)
    __fpl_fretinf                            0x08006c1b   Thumb Code    10  fretinf.o(x$fpl$fretinf)
    __I$use$fp                               0x08006c24   Number         0  usenofp.o(x$fpl$usenofp)
    defaultChanelSamplePoint                 0x08006c24   Data          40  app_hx711_ctrl.o(.constdata)
    g_CrcHTable                              0x08006c4c   Data         256  app_crc.o(.constdata)
    g_CrcLTable                              0x08006d4c   Data         256  app_crc.o(.constdata)
    DO_GPIO_CLK                              0x08006e4c   Data          28  hal_gpio.o(.constdata)
    DO_GPIO_PIN                              0x08006e68   Data          14  hal_gpio.o(.constdata)
    DI_GPIO_CLK                              0x08006e78   Data          32  hal_gpio.o(.constdata)
    DI_GPIO_PIN                              0x08006e98   Data          16  hal_gpio.o(.constdata)
    UART_PORT_CLK                            0x08006ea8   Data          12  hal_uart.o(.constdata)
    UART_PORT_IRQn                           0x08006eb4   Data           3  hal_uart.o(.constdata)
    UART_PORT_GPIO_AF                        0x08006eb7   Data           3  hal_uart.o(.constdata)
    UART_TX_GPIO_CLK                         0x08006ebc   Data          12  hal_uart.o(.constdata)
    UART_TX_GPIO_PIN                         0x08006ec8   Data           6  hal_uart.o(.constdata)
    UART_TX_PIN_SOURCE                       0x08006ece   Data           6  hal_uart.o(.constdata)
    UART_RX_GPIO_CLK                         0x08006ed4   Data          12  hal_uart.o(.constdata)
    UART_RX_GPIO_PIN                         0x08006ee0   Data           6  hal_uart.o(.constdata)
    UART_RX_PIN_SOURCE                       0x08006ee6   Data           6  hal_uart.o(.constdata)
    UART_DEA_GPIO_CLK                        0x08006eec   Data          12  hal_uart.o(.constdata)
    UART_DEA_GPIO_PIN                        0x08006ef8   Data           6  hal_uart.o(.constdata)
    UART_TX_DMA_CLK                          0x08006f00   Data          12  hal_uart.o(.constdata)
    UART_TX_DMA_IRQn                         0x08006f0c   Data           3  hal_uart.o(.constdata)
    UART_TX_DMA_IT_TCIF                      0x08006f10   Data          12  hal_uart.o(.constdata)
    UART_RX_DMA_CLK                          0x08006f1c   Data          12  hal_uart.o(.constdata)
    g_UartBaudTab                            0x08006f28   Data          40  hal_uart.o(.constdata)
    Region$$Table$$Base                      0x08006f50   Number         0  anon$$obj.o(Region$$Table)
    Region$$Table$$Limit                     0x08006f70   Number         0  anon$$obj.o(Region$$Table)
    g_sys_ms_tick                            0x20000000   Data           4  app_main_task.o(.data)
    g_passWordId                             0x20000020   Data           4  app_password.o(.data)
    g_passWordStore                          0x20000024   Data           4  app_password.o(.data)
    g_sysLocked                              0x20000028   Data           4  app_password.o(.data)
    idAddr                                   0x2000002c   Data          40  app_password.o(.data)
    gSystemPara                              0x20000054   Data         124  app_syspara.o(.data)
    g_T5L                                    0x200000d4   Data         744  app_t5l_ctrl.o(.data)
    g_t5l_dis_data                           0x200003bc   Data           4  app_t5l_ctrl.o(.data)
    g_t5l_dis_data_buff                      0x200003c0   Data           4  app_t5l_ctrl.o(.data)
    u8T5LVoiceBuffPush_i                     0x200003c4   Data           1  app_t5l_ctrl.o(.data)
    u8T5LVoiceBuffPop_i                      0x200003c5   Data           1  app_t5l_ctrl.o(.data)
    u8T5LVoiceBuffStoreNum                   0x200003c6   Data           1  app_t5l_ctrl.o(.data)
    g_i16DataBuff                            0x200003c8   Data           4  app_t5l_ctrl.o(.data)
    g_i16DataBuffPre                         0x200003cc   Data           4  app_t5l_ctrl.o(.data)
    g_i16ColorBuff                           0x200003d0   Data           4  app_t5l_ctrl.o(.data)
    g_i16ColorBuffPre                        0x200003d4   Data           4  app_t5l_ctrl.o(.data)
    g_i16ColorOtherChanel                    0x200003d8   Data           4  app_t5l_ctrl.o(.data)
    g_fDataBuffCaculate                      0x200003dc   Data           8  app_t5l_ctrl.o(.data)
    g_i16OtherChanelCaculate                 0x200003e4   Data           4  app_t5l_ctrl.o(.data)
    g_i16HelpDataSort                        0x200003e8   Data           8  app_t5l_ctrl.o(.data)
    g_i16HelpDataChnSort                     0x200003f0   Data           4  app_t5l_ctrl.o(.data)
    g_u8Read00A1_Data                        0x200003f4   Data           1  app_t5l_ctrl.o(.data)
    motorCtl                                 0x2000046c   Data          68  app_motor_ctrl.o(.data)
    DO_GPIO_PORT                             0x200004b8   Data          28  hal_gpio.o(.data)
    DI_GPIO_PORT                             0x200004d4   Data          32  hal_gpio.o(.data)
    UART_PORT                                0x200004f4   Data          12  hal_uart.o(.data)
    UART_TX_GPIO_PORT                        0x20000500   Data          12  hal_uart.o(.data)
    UART_RX_GPIO_PORT                        0x2000050c   Data          12  hal_uart.o(.data)
    UART_DEA_GPIO_PORT                       0x20000518   Data          12  hal_uart.o(.data)
    UART_TX_DMA                              0x20000524   Data          12  hal_uart.o(.data)
    UART_TX_DMA_CHANNEL                      0x20000530   Data          12  hal_uart.o(.data)
    UART_RX_DMA                              0x2000053c   Data          12  hal_uart.o(.data)
    UART_RX_DMA_CHANNEL                      0x20000548   Data          12  hal_uart.o(.data)
    g_UartDevice                             0x20000554   Data         168  hal_uart.o(.data)
    l_RccWiteTimeOut                         0x20000618   Data           4  drv_rcc.o(.data)
    HX711Chanel                              0x2000061c   Data         236  app_hx711_ctrl.o(.bss)
    SysKey                                   0x20000708   Data          32  app_key_ctrl.o(.bss)
    SysPos                                   0x20000728   Data          24  app_key_ctrl.o(.bss)
    STM32McuId                               0x20000740   Data          12  app_password.o(.bss)
    flashStoreDataBuf                        0x2000074c   Data         180  app_syspara.o(.bss)
    flashStoreDataBuf_3030                   0x20000800   Data         124  app_syspara.o(.bss)
    g_T5L_VoiceBuff                          0x2000091c   Data          18  app_t5l_ctrl.o(.bss)
    g_ClockFrequency                         0x20000930   Data          36  drv_rcc.o(.bss)
    __libspace_start                         0x20000954   Data          96  libspace.o(.bss)
    __temporary_stack_top$libspace           0x200009b4   Data           0  libspace.o(.bss)



==============================================================================

Memory Map of the image

  Image Entry point : 0x08000189

  Load Region LR_IROM1 (Base: 0x08000000, Size: 0x0000758c, Max: 0x00030000, ABSOLUTE, COMPRESSED[0x00007078])

    Execution Region ER_IROM1 (Base: 0x08000000, Size: 0x00006f70, Max: 0x00030000, ABSOLUTE)

    Base Addr    Size         Type   Attr      Idx    E Section Name        Object

    0x08000000   0x00000188   Data   RO          908    RESET               startup_stm32f30x.o
    0x08000188   0x00000008   Code   RO         2726  * !!!main             c_w.l(__main.o)
    0x08000190   0x00000034   Code   RO         2908    !!!scatter          c_w.l(__scatter.o)
    0x080001c4   0x0000005a   Code   RO         2906    !!dczerorl2         c_w.l(__dczerorl2.o)
    0x0800021e   0x00000002   PAD
    0x08000220   0x0000001c   Code   RO         2910    !!handler_zi        c_w.l(__scatter_zi.o)
    0x0800023c   0x00000002   Code   RO         2776    .ARM.Collect$$libinit$$00000000  c_w.l(libinit.o)
    0x0800023e   0x00000004   Code   RO         2782    .ARM.Collect$$libinit$$00000001  c_w.l(libinit2.o)
    0x08000242   0x00000000   Code   RO         2785    .ARM.Collect$$libinit$$00000004  c_w.l(libinit2.o)
    0x08000242   0x00000000   Code   RO         2788    .ARM.Collect$$libinit$$0000000A  c_w.l(libinit2.o)
    0x08000242   0x00000000   Code   RO         2790    .ARM.Collect$$libinit$$0000000C  c_w.l(libinit2.o)
    0x08000242   0x00000000   Code   RO         2792    .ARM.Collect$$libinit$$0000000E  c_w.l(libinit2.o)
    0x08000242   0x00000000   Code   RO         2795    .ARM.Collect$$libinit$$00000011  c_w.l(libinit2.o)
    0x08000242   0x00000000   Code   RO         2797    .ARM.Collect$$libinit$$00000013  c_w.l(libinit2.o)
    0x08000242   0x00000000   Code   RO         2799    .ARM.Collect$$libinit$$00000015  c_w.l(libinit2.o)
    0x08000242   0x00000000   Code   RO         2801    .ARM.Collect$$libinit$$00000017  c_w.l(libinit2.o)
    0x08000242   0x00000000   Code   RO         2803    .ARM.Collect$$libinit$$00000019  c_w.l(libinit2.o)
    0x08000242   0x00000000   Code   RO         2805    .ARM.Collect$$libinit$$0000001B  c_w.l(libinit2.o)
    0x08000242   0x00000000   Code   RO         2807    .ARM.Collect$$libinit$$0000001D  c_w.l(libinit2.o)
    0x08000242   0x00000000   Code   RO         2809    .ARM.Collect$$libinit$$0000001F  c_w.l(libinit2.o)
    0x08000242   0x00000000   Code   RO         2811    .ARM.Collect$$libinit$$00000021  c_w.l(libinit2.o)
    0x08000242   0x00000000   Code   RO         2813    .ARM.Collect$$libinit$$00000023  c_w.l(libinit2.o)
    0x08000242   0x00000000   Code   RO         2815    .ARM.Collect$$libinit$$00000025  c_w.l(libinit2.o)
    0x08000242   0x00000000   Code   RO         2819    .ARM.Collect$$libinit$$0000002C  c_w.l(libinit2.o)
    0x08000242   0x00000000   Code   RO         2821    .ARM.Collect$$libinit$$0000002E  c_w.l(libinit2.o)
    0x08000242   0x00000000   Code   RO         2823    .ARM.Collect$$libinit$$00000030  c_w.l(libinit2.o)
    0x08000242   0x00000000   Code   RO         2825    .ARM.Collect$$libinit$$00000032  c_w.l(libinit2.o)
    0x08000242   0x00000002   Code   RO         2826    .ARM.Collect$$libinit$$00000033  c_w.l(libinit2.o)
    0x08000244   0x00000002   Code   RO         2846    .ARM.Collect$$libshutdown$$00000000  c_w.l(libshutdown.o)
    0x08000246   0x00000000   Code   RO         2859    .ARM.Collect$$libshutdown$$00000002  c_w.l(libshutdown2.o)
    0x08000246   0x00000000   Code   RO         2861    .ARM.Collect$$libshutdown$$00000004  c_w.l(libshutdown2.o)
    0x08000246   0x00000000   Code   RO         2864    .ARM.Collect$$libshutdown$$00000007  c_w.l(libshutdown2.o)
    0x08000246   0x00000000   Code   RO         2867    .ARM.Collect$$libshutdown$$0000000A  c_w.l(libshutdown2.o)
    0x08000246   0x00000000   Code   RO         2869    .ARM.Collect$$libshutdown$$0000000C  c_w.l(libshutdown2.o)
    0x08000246   0x00000000   Code   RO         2872    .ARM.Collect$$libshutdown$$0000000F  c_w.l(libshutdown2.o)
    0x08000246   0x00000002   Code   RO         2873    .ARM.Collect$$libshutdown$$00000010  c_w.l(libshutdown2.o)
    0x08000248   0x00000000   Code   RO         2740    .ARM.Collect$$rtentry$$00000000  c_w.l(__rtentry.o)
    0x08000248   0x00000000   Code   RO         2751    .ARM.Collect$$rtentry$$00000002  c_w.l(__rtentry2.o)
    0x08000248   0x00000006   Code   RO         2763    .ARM.Collect$$rtentry$$00000004  c_w.l(__rtentry4.o)
    0x0800024e   0x00000000   Code   RO         2753    .ARM.Collect$$rtentry$$00000009  c_w.l(__rtentry2.o)
    0x0800024e   0x00000004   Code   RO         2754    .ARM.Collect$$rtentry$$0000000A  c_w.l(__rtentry2.o)
    0x08000252   0x00000000   Code   RO         2756    .ARM.Collect$$rtentry$$0000000C  c_w.l(__rtentry2.o)
    0x08000252   0x00000008   Code   RO         2757    .ARM.Collect$$rtentry$$0000000D  c_w.l(__rtentry2.o)
    0x0800025a   0x00000002   Code   RO         2780    .ARM.Collect$$rtexit$$00000000  c_w.l(rtexit.o)
    0x0800025c   0x00000000   Code   RO         2828    .ARM.Collect$$rtexit$$00000002  c_w.l(rtexit2.o)
    0x0800025c   0x00000004   Code   RO         2829    .ARM.Collect$$rtexit$$00000003  c_w.l(rtexit2.o)
    0x08000260   0x00000006   Code   RO         2830    .ARM.Collect$$rtexit$$00000004  c_w.l(rtexit2.o)
    0x08000266   0x00000002   PAD
    0x08000268   0x00000048   Code   RO          909    .text               startup_stm32f30x.o
    0x080002b0   0x0000004e   Code   RO         2722    .text               c_w.l(rt_memclr_w.o)
    0x080002fe   0x00000006   Code   RO         2724    .text               c_w.l(heapauxi.o)
    0x08000304   0x0000004a   Code   RO         2767    .text               c_w.l(sys_stackheap_outer.o)
    0x0800034e   0x00000012   Code   RO         2769    .text               c_w.l(exit.o)
    0x08000360   0x00000008   Code   RO         2777    .text               c_w.l(libspace.o)
    0x08000368   0x0000000c   Code   RO         2838    .text               c_w.l(sys_exit.o)
    0x08000374   0x00000002   Code   RO         2849    .text               c_w.l(use_no_semi.o)
    0x08000376   0x00000000   Code   RO         2851    .text               c_w.l(indicate_semi.o)
    0x08000376   0x00000052   Code   RO          428    i.BubbleSortINT32   app_crc.o
    0x080003c8   0x0000003c   Code   RO         1304    i.DMA1_Channel2_IRQHandler  firmware_wm_00_hal.lib(hal_uart.o)
    0x08000404   0x0000003c   Code   RO         1305    i.DMA1_Channel3_IRQHandler  firmware_wm_00_hal.lib(hal_uart.o)
    0x08000440   0x0000003c   Code   RO         1306    i.DMA1_Channel4_IRQHandler  firmware_wm_00_hal.lib(hal_uart.o)
    0x0800047c   0x0000003c   Code   RO         1307    i.DMA1_Channel5_IRQHandler  firmware_wm_00_hal.lib(hal_uart.o)
    0x080004b8   0x0000003c   Code   RO         1308    i.DMA1_Channel6_IRQHandler  firmware_wm_00_hal.lib(hal_uart.o)
    0x080004f4   0x0000003c   Code   RO         1309    i.DMA1_Channel7_IRQHandler  firmware_wm_00_hal.lib(hal_uart.o)
    0x08000530   0x0000004c   Code   RO          454    i.STM32CheckPassWord  app_password.o
    0x0800057c   0x00000028   Code   RO          455    i.STM32MCUIDGet     app_password.o
    0x080005a4   0x00000014   Code   RO         1219    i.TIM6_DAC_IRQHandler  firmware_wm_00_hal.lib(hal_timer.o)
    0x080005b8   0x00000190   Code   RO         1310    i.USART1_IRQHandler  firmware_wm_00_hal.lib(hal_uart.o)
    0x08000748   0x00000188   Code   RO         1311    i.USART2_IRQHandler  firmware_wm_00_hal.lib(hal_uart.o)
    0x080008d0   0x00000174   Code   RO         1312    i.USART3_IRQHandler  firmware_wm_00_hal.lib(hal_uart.o)
    0x08000a44   0x00000028   Code   RO          190    i.app_LED_RUN       app_led_ctrl.o
    0x08000a6c   0x00000350   Code   RO          870    i.app_MotorContrl   app_motor_ctrl.o
    0x08000dbc   0x0000011c   Code   RO          871    i.app_MotorContrl_Init  app_motor_ctrl.o
    0x08000ed8   0x0000000c   Code   RO          872    i.app_SetMotorContrlMode  app_motor_ctrl.o
    0x08000ee4   0x00000038   Code   RO          873    i.app_gjf_handle    app_motor_ctrl.o
    0x08000f1c   0x0000002c   Code   RO          163    i.app_main_init     app_main_task.o
    0x08000f48   0x00000050   Code   RO          164    i.app_main_task     app_main_task.o
    0x08000f98   0x00000084   Code   RO          528    i.backReturnBSetContrl_Handle  app_t5l_ctrl.o
    0x0800101c   0x00000048   Code   RO          429    i.cal_crc16         app_crc.o
    0x08001064   0x00000228   Code   RO          529    i.chanelChangedTrigerDeal  app_t5l_ctrl.o
    0x0800128c   0x000000c0   Code   RO          530    i.clearLocalCalibrationKAndBAndSample  app_t5l_ctrl.o
    0x0800134c   0x00000080   Code   RO          531    i.clearLocalCalibrationRecordData  app_t5l_ctrl.o
    0x080013cc   0x00000010   Code   RO         1538    i.drv_debug_apb1_stop  STM32F303DriverLib.lib(drv_dbgmcu.o)
    0x080013dc   0x00000010   Code   RO         1540    i.drv_debug_apb2_stop  STM32F303DriverLib.lib(drv_dbgmcu.o)
    0x080013ec   0x0000004c   Code   RO          915    i.drv_delay_init    STM32F303DriverLib.lib(drv_delay.o)
    0x08001438   0x00000044   Code   RO          916    i.drv_delay_ms      STM32F303DriverLib.lib(drv_delay.o)
    0x0800147c   0x00000044   Code   RO          917    i.drv_delay_us      STM32F303DriverLib.lib(drv_delay.o)
    0x080014c0   0x0000000c   Code   RO         1573    i.drv_dma_set_mem_addr_length  STM32F303DriverLib.lib(drv_dma.o)
    0x080014cc   0x00000028   Code   RO         1574    i.drv_dma_stream_clear_flag_status  STM32F303DriverLib.lib(drv_dma.o)
    0x080014f4   0x0000001c   Code   RO         1575    i.drv_dma_stream_clear_it_pending_bit  STM32F303DriverLib.lib(drv_dma.o)
    0x08001510   0x00000104   Code   RO         1576    i.drv_dma_stream_deinit  STM32F303DriverLib.lib(drv_dma.o)
    0x08001614   0x0000000a   Code   RO         1577    i.drv_dma_stream_disable  STM32F303DriverLib.lib(drv_dma.o)
    0x0800161e   0x0000000c   Code   RO         1578    i.drv_dma_stream_enable  STM32F303DriverLib.lib(drv_dma.o)
    0x0800162a   0x00000002   PAD
    0x0800162c   0x00000064   Code   RO         1581    i.drv_dma_stream_get_it_status  STM32F303DriverLib.lib(drv_dma.o)
    0x08001690   0x0000000e   Code   RO         1582    i.drv_dma_stream_get_left_length  STM32F303DriverLib.lib(drv_dma.o)
    0x0800169e   0x0000006c   Code   RO         1583    i.drv_dma_stream_init  STM32F303DriverLib.lib(drv_dma.o)
    0x0800170a   0x00000008   Code   RO         1585    i.drv_dma_stream_it_enable  STM32F303DriverLib.lib(drv_dma.o)
    0x08001712   0x00000034   Code   RO         1586    i.drv_dma_stream_start_mem_to_periph  STM32F303DriverLib.lib(drv_dma.o)
    0x08001746   0x00000034   Code   RO         1587    i.drv_dma_stream_start_periph_to_mem  STM32F303DriverLib.lib(drv_dma.o)
    0x0800177a   0x00000002   PAD
    0x0800177c   0x00000048   Code   RO          970    i.drv_flash_erase_sector  STM32F303DriverLib.lib(drv_flash.o)
    0x080017c4   0x0000002c   Code   RO          972    i.drv_flash_get_status  STM32F303DriverLib.lib(drv_flash.o)
    0x080017f0   0x00000014   Code   RO          973    i.drv_flash_lock    STM32F303DriverLib.lib(drv_flash.o)
    0x08001804   0x00000020   Code   RO          975    i.drv_flash_read_words  STM32F303DriverLib.lib(drv_flash.o)
    0x08001824   0x00000024   Code   RO          976    i.drv_flash_unlock  STM32F303DriverLib.lib(drv_flash.o)
    0x08001848   0x00000028   Code   RO          977    i.drv_flash_wait_last_operation  STM32F303DriverLib.lib(drv_flash.o)
    0x08001870   0x00000080   Code   RO          981    i.drv_flash_write_words  STM32F303DriverLib.lib(drv_flash.o)
    0x080018f0   0x00000042   Code   RO         1681    i.drv_gpio_alternate_function_connect  STM32F303DriverLib.lib(drv_gpio.o)
    0x08001932   0x000000dc   Code   RO         1682    i.drv_gpio_alternate_function_init  STM32F303DriverLib.lib(drv_gpio.o)
    0x08001a0e   0x00000060   Code   RO         1685    i.drv_gpio_input_init  STM32F303DriverLib.lib(drv_gpio.o)
    0x08001a6e   0x000000dc   Code   RO         1686    i.drv_gpio_output_init  STM32F303DriverLib.lib(drv_gpio.o)
    0x08001b4a   0x00000008   Code   RO         1419    i.drv_gpio_set_pins_high  firmware_wm_00_hal.lib(hal_uart.o)
    0x08001b52   0x00000002   PAD
    0x08001b54   0x00000024   Code   RO         1061    i.drv_iwdg_init     STM32F303DriverLib.lib(drv_iwdg.o)
    0x08001b78   0x00000016   Code   RO         1731    i.drv_nvic_enable   STM32F303DriverLib.lib(drv_nvic.o)
    0x08001b8e   0x00000002   PAD
    0x08001b90   0x00000040   Code   RO         1732    i.drv_nvic_init     STM32F303DriverLib.lib(drv_nvic.o)
    0x08001bd0   0x00000010   Code   RO         1766    i.drv_rcc_ahb1_clk_enable  STM32F303DriverLib.lib(drv_rcc.o)
    0x08001be0   0x00000010   Code   RO         1770    i.drv_rcc_apb1_clk_enable  STM32F303DriverLib.lib(drv_rcc.o)
    0x08001bf0   0x00000010   Code   RO         1771    i.drv_rcc_apb1_periph_reset_disable  STM32F303DriverLib.lib(drv_rcc.o)
    0x08001c00   0x00000010   Code   RO         1772    i.drv_rcc_apb1_periph_reset_enable  STM32F303DriverLib.lib(drv_rcc.o)
    0x08001c10   0x00000010   Code   RO         1774    i.drv_rcc_apb2_clk_enable  STM32F303DriverLib.lib(drv_rcc.o)
    0x08001c20   0x00000010   Code   RO         1775    i.drv_rcc_apb2_periph_reset_disable  STM32F303DriverLib.lib(drv_rcc.o)
    0x08001c30   0x00000010   Code   RO         1776    i.drv_rcc_apb2_periph_reset_enable  STM32F303DriverLib.lib(drv_rcc.o)
    0x08001c40   0x00000104   Code   RO         1777    i.drv_rcc_get_clocks_freq  STM32F303DriverLib.lib(drv_rcc.o)
    0x08001d44   0x000002e0   Code   RO         1778    i.drv_rcc_init      STM32F303DriverLib.lib(drv_rcc.o)
    0x08002024   0x00000080   Code   RO         1875    i.drv_timer_base_init  STM32F303DriverLib.lib(drv_timer.o)
    0x080020a4   0x00000008   Code   RO         1899    i.drv_timer_clear_it_pending_bit  STM32F303DriverLib.lib(drv_timer.o)
    0x080020ac   0x000000fc   Code   RO         1900    i.drv_timer_deinit  STM32F303DriverLib.lib(drv_timer.o)
    0x080021a8   0x0000000c   Code   RO         1902    i.drv_timer_enable  STM32F303DriverLib.lib(drv_timer.o)
    0x080021b4   0x00000008   Code   RO         1930    i.drv_timer_it_enable  STM32F303DriverLib.lib(drv_timer.o)
    0x080021bc   0x00000004   Code   RO         2563    i.drv_uart_clear_flag_status  STM32F303DriverLib.lib(drv_uart.o)
    0x080021c0   0x00000012   Code   RO         2564    i.drv_uart_clear_it_pending_bit  STM32F303DriverLib.lib(drv_uart.o)
    0x080021d2   0x00000002   PAD
    0x080021d4   0x00000090   Code   RO         2565    i.drv_uart_deinit   STM32F303DriverLib.lib(drv_uart.o)
    0x08002264   0x0000000c   Code   RO         2568    i.drv_uart_dma_rx_enable  STM32F303DriverLib.lib(drv_uart.o)
    0x08002270   0x0000000c   Code   RO         2570    i.drv_uart_dma_tx_enable  STM32F303DriverLib.lib(drv_uart.o)
    0x0800227c   0x00000010   Code   RO         2575    i.drv_uart_get_flag_status  STM32F303DriverLib.lib(drv_uart.o)
    0x0800228c   0x000000be   Code   RO         2577    i.drv_uart_init     STM32F303DriverLib.lib(drv_uart.o)
    0x0800234a   0x00000034   Code   RO         2578    i.drv_uart_it_disable  STM32F303DriverLib.lib(drv_uart.o)
    0x0800237e   0x00000034   Code   RO         2579    i.drv_uart_it_enable  STM32F303DriverLib.lib(drv_uart.o)
    0x080023b2   0x00000020   Code   RO         2580    i.drv_uart_put_bytes  STM32F303DriverLib.lib(drv_uart.o)
    0x080023d2   0x0000000e   Code   RO         1429    i.drv_uart_rx_byte  firmware_wm_00_hal.lib(hal_uart.o)
    0x080023e0   0x0000007c   Code   RO         2584    i.drv_uart_set_baudrate  STM32F303DriverLib.lib(drv_uart.o)
    0x0800245c   0x00000004   Code   RO         1424    i.drv_uart_tx_byte  firmware_wm_00_hal.lib(hal_uart.o)
    0x08002460   0x000001e8   Code   RO          533    i.enterRealTimeSet_Handle  app_t5l_ctrl.o
    0x08002648   0x0000001c   Code   RO          203    i.getChanelStruct   app_hx711_ctrl.o
    0x08002664   0x0000001e   Code   RO          340    i.getKeyValuedEvent_OfTBES  app_key_ctrl.o
    0x08002682   0x00000002   PAD
    0x08002684   0x00000064   Code   RO          534    i.gjfContrl_Handle  app_t5l_ctrl.o
    0x080026e8   0x00000018   Code   RO         1080    i.hal_clock_init    firmware_wm_00_hal.lib(hal_clock.o)
    0x08002700   0x00000008   Code   RO         1111    i.hal_delay_init    firmware_wm_00_hal.lib(hal_delay.o)
    0x08002708   0x0000000c   Code   RO          851    i.hal_delay_ms      app_t5l_ctrl.o
    0x08002714   0x0000000c   Code   RO          319    i.hal_delay_us      app_hx711_ctrl.o
    0x08002720   0x0000002c   Code   RO         1133    i.hal_di_get        firmware_wm_00_hal.lib(hal_gpio.o)
    0x0800274c   0x00000070   Code   RO         1134    i.hal_gpio_init     firmware_wm_00_hal.lib(hal_gpio.o)
    0x080027bc   0x00000020   Code   RO         1135    i.hal_gpio_set_do_high  firmware_wm_00_hal.lib(hal_gpio.o)
    0x080027dc   0x00000020   Code   RO         1136    i.hal_gpio_set_do_low  firmware_wm_00_hal.lib(hal_gpio.o)
    0x080027fc   0x00000020   Code   RO         1137    i.hal_gpio_set_do_toggle  firmware_wm_00_hal.lib(hal_gpio.o)
    0x0800281c   0x0000004c   Code   RO         1223    i.hal_timer_init    firmware_wm_00_hal.lib(hal_timer.o)
    0x08002868   0x00000058   Code   RO         1313    i.hal_uart_dma_rx_start  firmware_wm_00_hal.lib(hal_uart.o)
    0x080028c0   0x00000358   Code   RO         1314    i.hal_uart_gpio_init  firmware_wm_00_hal.lib(hal_uart.o)
    0x08002c18   0x00000268   Code   RO         1315    i.hal_uart_port_init  firmware_wm_00_hal.lib(hal_uart.o)
    0x08002e80   0x0000003c   Code   RO         1316    i.hal_uart_rx_irq_disable  firmware_wm_00_hal.lib(hal_uart.o)
    0x08002ebc   0x0000003c   Code   RO         1317    i.hal_uart_rx_irq_enable  firmware_wm_00_hal.lib(hal_uart.o)
    0x08002ef8   0x0000002c   Code   RO         1318    i.hal_uart_set_braudrate  firmware_wm_00_hal.lib(hal_uart.o)
    0x08002f24   0x00000024   Code   RO         1413    i.hal_uart_set_rx_mode  firmware_wm_00_hal.lib(hal_uart.o)
    0x08002f48   0x00000002   Code   RO         1319    i.hal_uart_set_timeout  firmware_wm_00_hal.lib(hal_uart.o)
    0x08002f4a   0x00000002   PAD
    0x08002f4c   0x00000020   Code   RO         1434    i.hal_uart_set_tx_mode  firmware_wm_00_hal.lib(hal_uart.o)
    0x08002f6c   0x00000108   Code   RO         1320    i.hal_uart_tx_bytes  firmware_wm_00_hal.lib(hal_uart.o)
    0x08003074   0x000000cc   Code   RO          205    i.hx711_AllChanelSample  app_hx711_ctrl.o
    0x08003140   0x0000002c   Code   RO          206    i.hx711_DataSampleCtrl  app_hx711_ctrl.o
    0x0800316c   0x00000118   Code   RO          207    i.hx711_MainFunction  app_hx711_ctrl.o
    0x08003284   0x000001e0   Code   RO          210    i.hx711_SenserCheck  app_hx711_ctrl.o
    0x08003464   0x000000dc   Code   RO          211    i.hx711_SigChanelAvrgAndWeightCalc  app_hx711_ctrl.o
    0x08003540   0x00000020   Code   RO          212    i.hx711_getAvgSample  app_hx711_ctrl.o
    0x08003560   0x0000009c   Code   RO          213    i.hx711_getWeight   app_hx711_ctrl.o
    0x080035fc   0x00000168   Code   RO          214    i.hx711_init        app_hx711_ctrl.o
    0x08003764   0x00000038   Code   RO          215    i.hx711_setAllRemoveWeight  app_hx711_ctrl.o
    0x0800379c   0x00000058   Code   RO          536    i.jumpToCalibrationPage  app_t5l_ctrl.o
    0x080037f4   0x0000001c   Code   RO          341    i.key_EventClear    app_key_ctrl.o
    0x08003810   0x0000001c   Code   RO          342    i.key_EventGet      app_key_ctrl.o
    0x0800382c   0x0000001c   Code   RO          343    i.key_FilterGet     app_key_ctrl.o
    0x08003848   0x00000008   Code   RO          344    i.key_MainFunction  app_key_ctrl.o
    0x08003850   0x0000009c   Code   RO          345    i.key_filter        app_key_ctrl.o
    0x080038ec   0x00000040   Code   RO          346    i.key_init          app_key_ctrl.o
    0x0800392c   0x00000048   Code   RO            1    i.main              app_main.o
    0x08003974   0x00000054   Code   RO         1471    i.motor_PulseHandle  firmware_wm_00_hal.lib(hal_pd_pulse.o)
    0x080039c8   0x00000016   Code   RO         1473    i.motor_pulse_dir_set  firmware_wm_00_hal.lib(hal_pd_pulse.o)
    0x080039de   0x00000002   PAD
    0x080039e0   0x00000038   Code   RO         1474    i.motor_pulse_en_set  firmware_wm_00_hal.lib(hal_pd_pulse.o)
    0x08003a18   0x00000024   Code   RO         1475    i.motor_pulse_frequency_set  firmware_wm_00_hal.lib(hal_pd_pulse.o)
    0x08003a3c   0x000000c8   Code   RO         1476    i.motor_pulse_init  firmware_wm_00_hal.lib(hal_pd_pulse.o)
    0x08003b04   0x00000014   Code   RO         1478    i.motor_pulse_output_set  firmware_wm_00_hal.lib(hal_pd_pulse.o)
    0x08003b18   0x00000024   Code   RO          538    i.pointSampleTrigerDataSet  app_t5l_ctrl.o
    0x08003b3c   0x00000044   Code   RO          539    i.pointTrigerDataSet  app_t5l_ctrl.o
    0x08003b80   0x00000148   Code   RO          540    i.pointTrigerDeal   app_t5l_ctrl.o
    0x08003cc8   0x00000024   Code   RO          541    i.pointWeightTrigerDataSet  app_t5l_ctrl.o
    0x08003cec   0x00000018   Code   RO          347    i.pos_EventClear    app_key_ctrl.o
    0x08003d04   0x00000018   Code   RO          348    i.pos_EventGet      app_key_ctrl.o
    0x08003d1c   0x00000018   Code   RO          349    i.pos_FilterGet     app_key_ctrl.o
    0x08003d34   0x00000008   Code   RO          350    i.pos_MainFunction  app_key_ctrl.o
    0x08003d3c   0x0000009c   Code   RO          351    i.pos_filter        app_key_ctrl.o
    0x08003dd8   0x0000003c   Code   RO          352    i.pos_init          app_key_ctrl.o
    0x08003e14   0x00000174   Code   RO          479    i.readSysDataFromFlash  app_syspara.o
    0x08003f88   0x000001d4   Code   RO          480    i.readSysDataFromFlash_3030  app_syspara.o
    0x0800415c   0x00000148   Code   RO          542    i.resetCalibrationTrigerDeal  app_t5l_ctrl.o
    0x080042a4   0x000000b8   Code   RO          543    i.rtcSet_Handle     app_t5l_ctrl.o
    0x0800435c   0x000000c0   Code   RO          544    i.runContrl_Handle  app_t5l_ctrl.o
    0x0800441c   0x0000003a   Code   RO          217    i.sampleDataPush    app_hx711_ctrl.o
    0x08004456   0x00000002   PAD
    0x08004458   0x00000060   Code   RO          545    i.screenFengMingQi_Handle  app_t5l_ctrl.o
    0x080044b8   0x000000f8   Code   RO          546    i.screenSDWeReadReg  app_t5l_ctrl.o
    0x080045b0   0x00000120   Code   RO          548    i.screenSDWeWriteReg  app_t5l_ctrl.o
    0x080046d0   0x0000014c   Code   RO          549    i.screenSDWeWriteVarible  app_t5l_ctrl.o
    0x0800481c   0x00000074   Code   RO          550    i.screenSDWe_CaiJiWanCheng_Handle  app_t5l_ctrl.o
    0x08004890   0x00000150   Code   RO          551    i.screenSDWe_CaiJiYuYin_Handle  app_t5l_ctrl.o
    0x080049e0   0x00000010   Code   RO          552    i.screenSDWe_CaiJiYuYin_Set  app_t5l_ctrl.o
    0x080049f0   0x00000170   Code   RO          553    i.screenSDWe_CycleDataSend  app_t5l_ctrl.o
    0x08004b60   0x0000001e   Code   RO          554    i.screenSDWe_JumpToPage  app_t5l_ctrl.o
    0x08004b7e   0x00000002   PAD
    0x08004b80   0x000000d4   Code   RO          555    i.screenSDWe_LiuSuCaculate  app_t5l_ctrl.o
    0x08004c54   0x00000028   Code   RO          556    i.screenSDWe_RTCTimeCaculate  app_t5l_ctrl.o
    0x08004c7c   0x00000190   Code   RO          557    i.screenSDWe_RxFunction  app_t5l_ctrl.o
    0x08004e0c   0x000000f4   Code   RO          558    i.screenSDWe_SampleTimeCaculate  app_t5l_ctrl.o
    0x08004f00   0x00000070   Code   RO          559    i.screenSDWe_SubFunctionTest  app_t5l_ctrl.o
    0x08004f70   0x000000fc   Code   RO          560    i.screenSDWe_TakeDownCheck  app_t5l_ctrl.o
    0x0800506c   0x00000298   Code   RO          561    i.screenSDWe_TxFunction  app_t5l_ctrl.o
    0x08005304   0x00000190   Code   RO          562    i.screenSendDataToSDWE  app_t5l_ctrl.o
    0x08005494   0x000000b4   Code   RO          563    i.screenT5L_Init    app_t5l_ctrl.o
    0x08005548   0x00000088   Code   RO          564    i.screenVoicePrintf_Handle  app_t5l_ctrl.o
    0x080055d0   0x0000006c   Code   RO          565    i.screenVoice_Handle  app_t5l_ctrl.o
    0x0800563c   0x0000016c   Code   RO          566    i.sdweAskRegData    app_t5l_ctrl.o
    0x080057a8   0x0000079c   Code   RO          567    i.sdweAskVaribleData  app_t5l_ctrl.o
    0x08005f44   0x00000028   Code   RO          219    i.setSampleWeightValue  app_hx711_ctrl.o
    0x08005f6c   0x00000048   Code   RO          570    i.sreenSDWe_MainFunction  app_t5l_ctrl.o
    0x08005fb4   0x00000120   Code   RO          571    i.sreenT5L_BootAnimation  app_t5l_ctrl.o
    0x080060d4   0x00000154   Code   RO          481    i.storeSysDataToFlash  app_syspara.o
    0x08006228   0x0000030c   Code   RO          482    i.storeSysDataToFlash_3030  app_syspara.o
    0x08006534   0x00000028   Code   RO            2    i.system_init       app_main.o
    0x0800655c   0x00000104   Code   RO          577    i.t5lWriteVarible   app_t5l_ctrl.o
    0x08006660   0x00000200   Code   RO          220    i.trigerCalcKB      app_hx711_ctrl.o
    0x08006860   0x00000062   Code   RO         2728    x$fpl$d2f           fz_wm.l(d2f.o)
    0x080068c2   0x00000018   Code   RO         2765    x$fpl$dcmpinf       fz_wm.l(dcmpi.o)
    0x080068da   0x0000002e   Code   RO         2731    x$fpl$dflt          fz_wm.l(dflt_clz.o)
    0x08006908   0x00000026   Code   RO         2730    x$fpl$dfltu         fz_wm.l(dflt_clz.o)
    0x0800692e   0x00000002   PAD
    0x08006930   0x00000078   Code   RO         2741    x$fpl$dleqf         fz_wm.l(dleqf.o)
    0x080069a8   0x00000154   Code   RO         2736    x$fpl$dmul          fz_wm.l(dmul.o)
    0x08006afc   0x0000009c   Code   RO         2743    x$fpl$dnaninf       fz_wm.l(dnaninf.o)
    0x08006b98   0x0000000c   Code   RO         2745    x$fpl$dretinf       fz_wm.l(dretinf.o)
    0x08006ba4   0x0000006c   Code   RO         2738    x$fpl$drleqf        fz_wm.l(drleqf.o)
    0x08006c10   0x0000000a   Code   RO         2836    x$fpl$fpinit        fz_wm.l(fpinit.o)
    0x08006c1a   0x0000000a   Code   RO         2747    x$fpl$fretinf       fz_wm.l(fretinf.o)
    0x08006c24   0x00000000   Code   RO         2749    x$fpl$usenofp       fz_wm.l(usenofp.o)
    0x08006c24   0x00000028   Data   RO          222    .constdata          app_hx711_ctrl.o
    0x08006c4c   0x00000200   Data   RO          430    .constdata          app_crc.o
    0x08006e4c   0x0000005c   Data   RO         1138    .constdata          firmware_wm_00_hal.lib(hal_gpio.o)
    0x08006ea8   0x000000a8   Data   RO         1321    .constdata          firmware_wm_00_hal.lib(hal_uart.o)
    0x08006f50   0x00000020   Data   RO         2904    Region$$Table       anon$$obj.o


    Execution Region RW_IRAM1 (Base: 0x20000000, Size: 0x000021b8, Max: 0x0000c000, ABSOLUTE, COMPRESSED[0x00000108])

    Base Addr    Size         Type   Attr      Idx    E Section Name        Object

    0x20000000   0x00000005   Data   RW          165    .data               app_main_task.o
    0x20000005   0x00000003   PAD
    0x20000008   0x00000004   Data   RW          191    .data               app_led_ctrl.o
    0x2000000c   0x00000013   Data   RW          223    .data               app_hx711_ctrl.o
    0x2000001f   0x00000001   PAD
    0x20000020   0x00000034   Data   RW          457    .data               app_password.o
    0x20000054   0x00000080   Data   RW          484    .data               app_syspara.o
    0x200000d4   0x00000396   Data   RW          580    .data               app_t5l_ctrl.o
    0x2000046a   0x00000002   PAD
    0x2000046c   0x00000048   Data   RW          874    .data               app_motor_ctrl.o
    0x200004b4   0x00000004   Data   RW          918    .data               STM32F303DriverLib.lib(drv_delay.o)
    0x200004b8   0x0000003c   Data   RW         1139    .data               firmware_wm_00_hal.lib(hal_gpio.o)
    0x200004f4   0x00000108   Data   RW         1322    .data               firmware_wm_00_hal.lib(hal_uart.o)
    0x200005fc   0x00000004   Data   RW         1479    .data               firmware_wm_00_hal.lib(hal_pd_pulse.o)
    0x20000600   0x0000001c   Data   RW         1780    .data               STM32F303DriverLib.lib(drv_rcc.o)
    0x2000061c   0x000000ec   Zero   RW          221    .bss                app_hx711_ctrl.o
    0x20000708   0x00000038   Zero   RW          353    .bss                app_key_ctrl.o
    0x20000740   0x0000000c   Zero   RW          456    .bss                app_password.o
    0x2000074c   0x00000130   Zero   RW          483    .bss                app_syspara.o
    0x2000087c   0x000000b2   Zero   RW          578    .bss                app_t5l_ctrl.o
    0x2000092e   0x00000002   PAD
    0x20000930   0x00000024   Zero   RW         1779    .bss                STM32F303DriverLib.lib(drv_rcc.o)
    0x20000954   0x00000060   Zero   RW         2778    .bss                c_w.l(libspace.o)
    0x200009b4   0x00000004   PAD
    0x200009b8   0x00000c00   Zero   RW          907    HEAP                startup_stm32f30x.o
    0x200015b8   0x00000c00   Zero   RW          906    STACK               startup_stm32f30x.o


==============================================================================

Image component sizes


      Code (inc. data)   RO Data    RW Data    ZI Data      Debug   Object Name

       154         10        512          0          0       2148   app_crc.o
      2482        158         40         19        236      13837   app_hx711_ctrl.o
       638         46          0          0         56       7969   app_key_ctrl.o
        40          6          0          4          0        574   app_led_ctrl.o
       112         10          0          0          0      36889   app_main.o
       124         20          0          5          0       1764   app_main_task.o
      1200         56          0         72          0       4174   app_motor_ctrl.o
       116         24          0         52         12       2494   app_password.o
      1960         60          0        128        304       9919   app_syspara.o
     10374        498          0        918        178      44645   app_t5l_ctrl.o
        72         28        392          0       6144        900   startup_stm32f30x.o

    ----------------------------------------------------------------------
     17278        916        976       1204       6932     125313   Object Totals
         0          0         32          0          0          0   (incl. Generated)
         6          0          0          6          2          0   (incl. Padding)

    ----------------------------------------------------------------------

      Code (inc. data)   RO Data    RW Data    ZI Data      Debug   Library Member Name

        32          8          0          0          0       1052   drv_dbgmcu.o
       212         24          0          4          0       3903   drv_delay.o
       696         38          0          0          0      16063   drv_dma.o
       372         34          0          0          0       5583   drv_flash.o
       602          0          0          0          0      14317   drv_gpio.o
        36          4          0          0          0        520   drv_iwdg.o
        86          8          0          0          0       1230   drv_nvic.o
      1108         92          0         28         36      12653   drv_rcc.o
       408         60          0          0          0      13269   drv_timer.o
       656         28          0          0          0      13372   drv_uart.o
        90          0          0          0          0          0   __dczerorl2.o
         8          0          0          0          0         68   __main.o
         0          0          0          0          0          0   __rtentry.o
        12          0          0          0          0          0   __rtentry2.o
         6          0          0          0          0          0   __rtentry4.o
        52          8          0          0          0          0   __scatter.o
        28          0          0          0          0          0   __scatter_zi.o
        18          0          0          0          0         80   exit.o
         6          0          0          0          0        152   heapauxi.o
         0          0          0          0          0          0   indicate_semi.o
         2          0          0          0          0          0   libinit.o
         6          0          0          0          0          0   libinit2.o
         2          0          0          0          0          0   libshutdown.o
         2          0          0          0          0          0   libshutdown2.o
         8          4          0          0         96         68   libspace.o
        78          0          0          0          0         80   rt_memclr_w.o
         2          0          0          0          0          0   rtexit.o
        10          0          0          0          0          0   rtexit2.o
        12          4          0          0          0         68   sys_exit.o
        74          0          0          0          0         80   sys_stackheap_outer.o
         2          0          0          0          0         68   use_no_semi.o
        24          0          0          0          0       2609   hal_clock.o
         8          0          0          0          0        477   hal_delay.o
       252         64         92         60          0      18346   hal_gpio.o
       418         42          0          4          0       4342   hal_pd_pulse.o
        96         14          0          0          0      13247   hal_timer.o
      3608        382        168        264          0      30433   hal_uart.o
        98          4          0          0          0        140   d2f.o
        24          0          0          0          0        116   dcmpi.o
        84          0          0          0          0        232   dflt_clz.o
       120          4          0          0          0        140   dleqf.o
       340         12          0          0          0        152   dmul.o
       156          4          0          0          0        140   dnaninf.o
        12          0          0          0          0        116   dretinf.o
       108          0          0          0          0        128   drleqf.o
        10          0          0          0          0        116   fpinit.o
        10          0          0          0          0        116   fretinf.o
         0          0          0          0          0          0   usenofp.o

    ----------------------------------------------------------------------
     10014        838        260        360        136     153476   Library Totals
        20          0          0          0          4          0   (incl. Padding)

    ----------------------------------------------------------------------

      Code (inc. data)   RO Data    RW Data    ZI Data      Debug   Library Name

      4208        296          0         32         36      81962   STM32F303DriverLib.lib
       418         16          0          0         96        664   c_w.l
      4406        502        260        328          0      69454   firmware_wm_00_hal.lib
       962         24          0          0          0       1396   fz_wm.l

    ----------------------------------------------------------------------
     10014        838        260        360        136     153476   Library Totals

    ----------------------------------------------------------------------

==============================================================================


      Code (inc. data)   RO Data    RW Data    ZI Data      Debug   

     27292       1754       1236       1564       7068     260881   Grand Totals
     27292       1754       1236        264       7068     260881   ELF Image Totals (compressed)
     27292       1754       1236        264          0          0   ROM Totals

==============================================================================

    Total RO  Size (Code + RO Data)                28528 (  27.86kB)
    Total RW  Size (RW Data + ZI Data)              8632 (   8.43kB)
    Total ROM Size (Code + RO Data + RW Data)      28792 (  28.12kB)

==============================================================================

