Component: ARM Compiler 5.06 (build 20) Tool: armlink [4d35a3]

==============================================================================

Section Cross References

    app_main.o(i.main) refers to app_main.o(i.system_init) for system_init
    app_main.o(i.main) refers to app_key_ctrl.o(i.key_init) for key_init
    app_main.o(i.main) refers to app_key_ctrl.o(i.pos_init) for pos_init
    app_main.o(i.main) refers to app_hx711_ctrl.o(i.hx711_init) for hx711_init
    app_main.o(i.main) refers to app_t5l_ctrl.o(i.screenT5L_Init) for screenT5L_Init
    app_main.o(i.main) refers to app_syspara.o(i.readSysDataFromFlash) for readSysDataFromFlash
    app_main.o(i.main) refers to app_syspara.o(i.readSysDataFromFlash_3030) for readSysDataFromFlash_3030
    app_main.o(i.main) refers to app_password.o(i.STM32MCUIDGet) for STM32MCUIDGet
    app_main.o(i.main) refers to app_password.o(i.STM32CheckPassWord) for STM32CheckPassWord
    app_main.o(i.main) refers to hal_pd_pulse.o(i.motor_pulse_init) for motor_pulse_init
    app_main.o(i.main) refers to app_motor_ctrl.o(i.app_MotorContrl_Init) for app_MotorContrl_Init
    app_main.o(i.main) refers to app_motor_ctrl.o(i.app_gjf_handle) for app_gjf_handle
    app_main.o(i.main) refers to app_password.o(.bss) for STM32McuId
    app_main.o(i.main) refers to app_password.o(.data) for g_passWordStore
    app_main.o(i.system_init) refers to hal_clock.o(i.hal_clock_init) for hal_clock_init
    app_main.o(i.system_init) refers to hal_delay.o(i.hal_delay_init) for hal_delay_init
    app_main.o(i.system_init) refers to hal_gpio.o(i.hal_gpio_init) for hal_gpio_init
    app_main.o(i.system_init) refers to hal_timer.o(i.hal_timer_init) for hal_timer_init
    app_main.o(i.system_init) refers to drv_iwdg.o(i.drv_iwdg_init) for drv_iwdg_init
    app_main_task.o(i.app_main_init) refers to app_hx711_ctrl.o(i.hx711_setAllRemoveWeight) for hx711_setAllRemoveWeight
    app_main_task.o(i.app_main_init) refers to app_main_task.o(.data) for removeWeight
    app_main_task.o(i.app_main_task) refers to app_led_ctrl.o(i.app_LED_RUN) for app_LED_RUN
    app_main_task.o(i.app_main_task) refers to app_main_task.o(i.app_main_init) for app_main_init
    app_main_task.o(i.app_main_task) refers to app_key_ctrl.o(i.key_MainFunction) for key_MainFunction
    app_main_task.o(i.app_main_task) refers to app_key_ctrl.o(i.pos_MainFunction) for pos_MainFunction
    app_main_task.o(i.app_main_task) refers to app_hx711_ctrl.o(i.hx711_SenserCheck) for hx711_SenserCheck
    app_main_task.o(i.app_main_task) refers to app_hx711_ctrl.o(i.hx711_MainFunction) for hx711_MainFunction
    app_main_task.o(i.app_main_task) refers to app_t5l_ctrl.o(i.sreenSDWe_MainFunction) for sreenSDWe_MainFunction
    app_main_task.o(i.app_main_task) refers to app_motor_ctrl.o(i.app_MotorContrl) for app_MotorContrl
    app_main_task.o(i.app_main_task) refers to app_main_task.o(.data) for g_sys_ms_tick
    app_led_ctrl.o(i.app_LED_RUN) refers to hal_gpio.o(i.hal_gpio_set_do_toggle) for hal_gpio_set_do_toggle
    app_led_ctrl.o(i.app_LED_RUN) refers to app_led_ctrl.o(.data) for ledRunTick
    app_hx711_ctrl.o(i.getChanelStruct) refers to app_hx711_ctrl.o(.bss) for HX711Chanel
    app_hx711_ctrl.o(i.getSampleWeightValue) refers to app_hx711_ctrl.o(.bss) for HX711Chanel
    app_hx711_ctrl.o(i.hx711_AllChanelSample) refers to hal_gpio.o(i.hal_gpio_set_do_low) for hal_gpio_set_do_low
    app_hx711_ctrl.o(i.hx711_AllChanelSample) refers to app_hx711_ctrl.o(i.hal_delay_us) for hal_delay_us
    app_hx711_ctrl.o(i.hx711_AllChanelSample) refers to hal_gpio.o(i.hal_gpio_set_do_high) for hal_gpio_set_do_high
    app_hx711_ctrl.o(i.hx711_AllChanelSample) refers to hal_gpio.o(i.hal_di_get) for hal_di_get
    app_hx711_ctrl.o(i.hx711_AllChanelSample) refers to app_hx711_ctrl.o(i.sampleDataPush) for sampleDataPush
    app_hx711_ctrl.o(i.hx711_AllChanelSample) refers to app_hx711_ctrl.o(.bss) for HX711Chanel
    app_hx711_ctrl.o(i.hx711_DataSampleCtrl) refers to app_hx711_ctrl.o(i.hx711_AllChanelSample) for hx711_AllChanelSample
    app_hx711_ctrl.o(i.hx711_DataSampleCtrl) refers to app_hx711_ctrl.o(i.hx711_SigChanelAvrgAndWeightCalc) for hx711_SigChanelAvrgAndWeightCalc
    app_hx711_ctrl.o(i.hx711_DataSampleCtrl) refers to app_hx711_ctrl.o(.bss) for HX711Chanel
    app_hx711_ctrl.o(i.hx711_MainFunction) refers to hal_gpio.o(i.hal_gpio_set_do_high) for hal_gpio_set_do_high
    app_hx711_ctrl.o(i.hx711_MainFunction) refers to hal_gpio.o(i.hal_gpio_set_do_low) for hal_gpio_set_do_low
    app_hx711_ctrl.o(i.hx711_MainFunction) refers to hal_gpio.o(i.hal_di_get) for hal_di_get
    app_hx711_ctrl.o(i.hx711_MainFunction) refers to app_hx711_ctrl.o(i.hx711_DataSampleCtrl) for hx711_DataSampleCtrl
    app_hx711_ctrl.o(i.hx711_MainFunction) refers to app_hx711_ctrl.o(.data) for status
    app_hx711_ctrl.o(i.hx711_PowerOff) refers to hal_gpio.o(i.hal_gpio_set_do_high) for hal_gpio_set_do_high
[...]
    $v0                                      0x080075fc   Number         0  dnaninf.o(x$fpl$dnaninf)
    x$fpl$dretinf                            0x08007698   Section       12  dretinf.o(x$fpl$dretinf)
    $v0                                      0x08007698   Number         0  dretinf.o(x$fpl$dretinf)
    x$fpl$drleqf                             0x080076a4   Section      108  drleqf.o(x$fpl$drleqf)
    $v0                                      0x080076a4   Number         0  drleqf.o(x$fpl$drleqf)
    x$fpl$fpinit                             0x08007710   Section       10  fpinit.o(x$fpl$fpinit)
    $v0                                      0x08007710   Number         0  fpinit.o(x$fpl$fpinit)
    x$fpl$fretinf                            0x0800771a   Section       10  fretinf.o(x$fpl$fretinf)
    $v0                                      0x0800771a   Number         0  fretinf.o(x$fpl$fretinf)
    .constdata                               0x08007724   Section       40  app_hx711_ctrl.o(.constdata)
    x$fpl$usenofp                            0x08007724   Section        0  usenofp.o(x$fpl$usenofp)
    .constdata                               0x0800774c   Section      512  app_crc.o(.constdata)
    .constdata                               0x0800794c   Section       92  hal_gpio.o(.constdata)
    .constdata                               0x080079a8   Section      168  hal_uart.o(.constdata)
    .data                                    0x20000000   Section        5  app_main_task.o(.data)
    removeWeight                             0x20000004   Data           1  app_main_task.o(.data)
    .data                                    0x20000008   Section        4  app_led_ctrl.o(.data)
    ledRunTick                               0x20000008   Data           4  app_led_ctrl.o(.data)
    .data                                    0x2000000c   Section       19  app_hx711_ctrl.o(.data)
    u8HX711OnLineStatus                      0x2000000c   Data           1  app_hx711_ctrl.o(.data)
    status                                   0x2000000d   Data           1  app_hx711_ctrl.o(.data)
    u32SenserCheckTotalTick                  0x2000000e   Data           2  app_hx711_ctrl.o(.data)
    u32PowerOffWait                          0x20000010   Data           2  app_hx711_ctrl.o(.data)
    u32OnLineCheckCnt                        0x20000012   Data           2  app_hx711_ctrl.o(.data)
    u32OnLineNormalCnt                       0x20000014   Data           2  app_hx711_ctrl.o(.data)
    u8HX711CheckPassStatus                   0x20000016   Data           3  app_hx711_ctrl.o(.data)
    u8HX711CheckPassIdx                      0x20000019   Data           1  app_hx711_ctrl.o(.data)
    status                                   0x2000001a   Data           1  app_hx711_ctrl.o(.data)
    l_max_wait_time                          0x2000001c   Data           2  app_hx711_ctrl.o(.data)
    u8H711LowLevelWait                       0x2000001e   Data           1  app_hx711_ctrl.o(.data)
    .data                                    0x20000020   Section       52  app_password.o(.data)
    .data                                    0x20000054   Section      184  app_syspara.o(.data)
    storeTick                                0x20000108   Data           2  app_syspara.o(.data)
    storeTick                                0x2000010a   Data           2  app_syspara.o(.data)
    .data                                    0x2000010c   Section      944  app_t5l_ctrl.o(.data)
    inerStatus                               0x20000451   Data           1  app_t5l_ctrl.o(.data)
    localChanel                              0x20000452   Data           1  app_t5l_ctrl.o(.data)
    inerStatus                               0x20000453   Data           1  app_t5l_ctrl.o(.data)
    localChanel                              0x20000454   Data           1  app_t5l_ctrl.o(.data)
    inerStatus                               0x20000455   Data           1  app_t5l_ctrl.o(.data)
    localChanel                              0x20000456   Data           1  app_t5l_ctrl.o(.data)
    regData                                  0x20000457   Data           5  app_t5l_ctrl.o(.data)
    status                                   0x2000045c   Data           1  app_t5l_ctrl.o(.data)
    sampleCompletVoiceCyclePrintfTick        0x20000460   Data           4  app_t5l_ctrl.o(.data)
    sampleCompletVoiceCyclePrintfCnt         0x20000464   Data           4  app_t5l_ctrl.o(.data)
    tervalVelocity_PreWeight                 0x20000468   Data           4  app_t5l_ctrl.o(.data)
    takeDownOccureDelay                      0x2000046c   Data           2  app_t5l_ctrl.o(.data)
    takeDownOccureDelayCheck                 0x2000046e   Data           2  app_t5l_ctrl.o(.data)
    takeDownOccureEvent                      0x20000470   Data           2  app_t5l_ctrl.o(.data)
    takeDownOccureMotorCtl                   0x20000472   Data           2  app_t5l_ctrl.o(.data)
    putBackOccureDelay                       0x20000474   Data           2  app_t5l_ctrl.o(.data)
    putBackOccureDelayCheck                  0x20000476   Data           2  app_t5l_ctrl.o(.data)
    putBackOccureEvent                       0x20000478   Data           2  app_t5l_ctrl.o(.data)
    putBackOccureMotorCtl                    0x2000047a   Data           2  app_t5l_ctrl.o(.data)
    run_start_cnt                            0x2000047c   Data           4  app_t5l_ctrl.o(.data)
    run_stop_cnt                             0x20000480   Data           4  app_t5l_ctrl.o(.data)
    motor_cycle_run_status                   0x20000484   Data           4  app_t5l_ctrl.o(.data)
    needSend                                 0x20000488   Data           2  app_t5l_ctrl.o(.data)
    weight                                   0x2000048c   Data           4  app_t5l_ctrl.o(.data)
    weight_pre                               0x20000490   Data           4  app_t5l_ctrl.o(.data)
    cycleSendPreTick                         0x20000494   Data           4  app_t5l_ctrl.o(.data)
    status                                   0x20000498   Data           1  app_t5l_ctrl.o(.data)
    status                                   0x20000499   Data           1  app_t5l_ctrl.o(.data)
    status                                   0x2000049a   Data           1  app_t5l_ctrl.o(.data)
    status                                   0x2000049b   Data           1  app_t5l_ctrl.o(.data)
    status                                   0x2000049c   Data           1  app_t5l_ctrl.o(.data)
    status                                   0x2000049d   Data           1  app_t5l_ctrl.o(.data)
    status                                   0x2000049e   Data           1  app_t5l_ctrl.o(.data)
    status                                   0x2000049f   Data           1  app_t5l_ctrl.o(.data)
    status                                   0x200004a0   Data           1  app_t5l_ctrl.o(.data)
    status                                   0x200004a1   Data           1  app_t5l_ctrl.o(.data)
    bootAnimationPage                        0x200004a2   Data           2  app_t5l_ctrl.o(.data)
    offset                                   0x200004a4   Data           2  app_t5l_ctrl.o(.data)
    trigger                                  0x200004a6   Data           2  app_t5l_ctrl.o(.data)
    status                                   0x200004a8   Data           1  app_t5l_ctrl.o(.data)
    maxWaitTime                              0x200004ac   Data           4  app_t5l_ctrl.o(.data)
    s_u16_TriggerStopRock                    0x200004b0   Data           1  app_t5l_ctrl.o(.data)
    testVoiceEn                              0x200004b1   Data           1  app_t5l_ctrl.o(.data)
    testVoiceVlu                             0x200004b2   Data           1  app_t5l_ctrl.o(.data)
    testFengMingQiEn                         0x200004b4   Data           2  app_t5l_ctrl.o(.data)
    testFengMingQiVlu                        0x200004b6   Data           2  app_t5l_ctrl.o(.data)
    testVoicePrintfEn                        0x200004b8   Data           2  app_t5l_ctrl.o(.data)
    testVoicePrintfVlu                       0x200004ba   Data           2  app_t5l_ctrl.o(.data)
    .data                                    0x200004bc   Section       94  app_motor_ctrl.o(.data)
    middleAppear                             0x20000514   Data           1  app_motor_ctrl.o(.data)
    middleAppearDelay                        0x20000515   Data           1  app_motor_ctrl.o(.data)
    stopMiddleAtStart                        0x20000516   Data           2  app_motor_ctrl.o(.data)
    stopMiddleAtStartCnt                     0x20000518   Data           2  app_motor_ctrl.o(.data)
    .data                                    0x2000051a   Section        4  drv_delay.o(.data)
    g_DelayUsFac                             0x2000051a   Data           2  drv_delay.o(.data)
    g_DelayMsFac                             0x2000051c   Data           2  drv_delay.o(.data)
    .data                                    0x20000520   Section       60  hal_gpio.o(.data)
    .data                                    0x2000055c   Section      264  hal_uart.o(.data)
    .data                                    0x20000664   Section        4  hal_pd_pulse.o(.data)
    en_pre                                   0x20000664   Data           1  hal_pd_pulse.o(.data)
    dir_pre                                  0x20000665   Data           1  hal_pd_pulse.o(.data)
    fre_pre                                  0x20000666   Data           2  hal_pd_pulse.o(.data)
    .data                                    0x20000668   Section       28  drv_rcc.o(.data)
    l_AhbPrescTable                          0x20000668   Data          16  drv_rcc.o(.data)
    l_ApbPrescTable                          0x20000678   Data           8  drv_rcc.o(.data)
    .bss                                     0x20000684   Section      236  app_hx711_ctrl.o(.bss)
    .bss                                     0x20000770   Section       98  app_key_ctrl.o(.bss)
    .bss                                     0x200007d4   Section       12  app_password.o(.bss)
    .bss                                     0x200007e0   Section      356  app_syspara.o(.bss)
    .bss                                     0x20000944   Section      178  app_t5l_ctrl.o(.bss)
    g_t5l_triger_data                        0x20000944   Data         160  app_t5l_ctrl.o(.bss)
    .bss                                     0x200009f8   Section       36  drv_rcc.o(.bss)
    .bss                                     0x20000a1c   Section       96  libspace.o(.bss)
    HEAP                                     0x20000a80   Section     3072  startup_stm32f30x.o(HEAP)
    Heap_Mem                                 0x20000a80   Data        3072  startup_stm32f30x.o(HEAP)
    STACK                                    0x20001680   Section     3072  startup_stm32f30x.o(STACK)
    Stack_Mem                                0x20001680   Data        3072  startup_stm32f30x.o(STACK)
    __initial_sp                             0x20002280   Data           0  startup_stm32f30x.o(STACK)

    Global Symbols

    Symbol Name                              Value     Ov Type        Size  Object(Section)

    BuildAttributes$$THM_ISAv4$E$P$D$K$B$S$7EM$VFPi3$EXTD16$VFPS$VFMA$PE$A:L22UL41UL21$X:L11$S22US41US21$IEEE1$IW$USESV6$~STKCKD$USESV7$~SHL$OSPACE$ROPI$EBA8$UX$STANDARDLIB$REQ8$PRES8$EABIv2 0x00000000   Number         0  anon$$obj.o ABSOLUTE
    __ARM_use_no_argv                        0x00000000   Number         0  app_main.o ABSOLUTE
    __ARM_exceptions_init                     - Undefined Weak Reference
    __alloca_initialize                       - Undefined Weak Reference
    __arm_preinit_                            - Undefined Weak Reference
    __cpp_initialize__aeabi_                  - Undefined Weak Reference
    __cxa_finalize                            - Undefined Weak Reference
    __rt_locale                               - Undefined Weak Reference
    __sigvec_lookup                           - Undefined Weak Reference
    _atexit_init                              - Undefined Weak Reference
    _call_atexit_fns                          - Undefined Weak Reference
    _clock_init                               - Undefined Weak Reference
    _fp_trap_init                             - Undefined Weak Reference
    _fp_trap_shutdown                         - Undefined Weak Reference
    _get_lc_collate                           - Undefined Weak Reference
    _get_lc_ctype                             - Undefined Weak Reference
    _get_lc_monetary                          - Undefined Weak Reference
    _get_lc_numeric                           - Undefined Weak Reference
    _get_lc_time                              - Undefined Weak Reference
    _getenv_init                              - Undefined Weak Reference
    _handle_redirection                       - Undefined Weak Reference
    _init_alloc                               - Undefined Weak Reference
    _init_user_alloc                          - Undefined Weak Reference
    _initio                                   - Undefined Weak Reference
    _rand_init                                - Undefined Weak Reference
    _signal_finish                            - Undefined Weak Reference
    _signal_init                              - Undefined Weak Reference
    _terminate_alloc                          - Undefined Weak Reference
    _terminate_user_alloc                     - Undefined Weak Reference
    _terminateio                              - Undefined Weak Reference
    __Vectors_Size                           0x00000188   Number         0  startup_stm32f30x.o ABSOLUTE
    __Vectors                                0x08000000   Data           4  startup_stm32f30x.o(RESET)
    __Vectors_End                            0x08000188   Data           0  startup_stm32f30x.o(RESET)
    __main                                   0x08000189   Thumb Code     8  __main.o(!!!main)
    __scatterload                            0x08000191   Thumb Code     0  __scatter.o(!!!scatter)
    __scatterload_rt2                        0x08000191   Thumb Code    44  __scatter.o(!!!scatter)
    __scatterload_rt2_thumb_only             0x08000191   Thumb Code     0  __scatter.o(!!!scatter)
    __scatterload_null                       0x0800019f   Thumb Code     0  __scatter.o(!!!scatter)
    __decompress                             0x080001c5   Thumb Code    90  __dczerorl2.o(!!dczerorl2)
    __decompress1                            0x080001c5   Thumb Code     0  __dczerorl2.o(!!dczerorl2)
    __scatterload_zeroinit                   0x08000221   Thumb Code    28  __scatter_zi.o(!!handler_zi)
    __rt_lib_init                            0x0800023d   Thumb Code     0  libinit.o(.ARM.Collect$$libinit$$00000000)
    __rt_lib_init_fp_1                       0x0800023f   Thumb Code     0  libinit2.o(.ARM.Collect$$libinit$$00000001)
    __rt_lib_init_alloca_1                   0x08000243   Thumb Code     0  libinit2.o(.ARM.Collect$$libinit$$0000002E)
    __rt_lib_init_argv_1                     0x08000243   Thumb Code     0  libinit2.o(.ARM.Collect$$libinit$$0000002C)
    __rt_lib_init_atexit_1                   0x08000243   Thumb Code     0  libinit2.o(.ARM.Collect$$libinit$$0000001B)
    __rt_lib_init_clock_1                    0x08000243   Thumb Code     0  libinit2.o(.ARM.Collect$$libinit$$00000021)
    __rt_lib_init_cpp_1                      0x08000243   Thumb Code     0  libinit2.o(.ARM.Collect$$libinit$$00000032)
    __rt_lib_init_exceptions_1               0x08000243   Thumb Code     0  libinit2.o(.ARM.Collect$$libinit$$00000030)
    __rt_lib_init_fp_trap_1                  0x08000243   Thumb Code     0  libinit2.o(.ARM.Collect$$libinit$$0000001F)
    __rt_lib_init_getenv_1                   0x08000243   Thumb Code     0  libinit2.o(.ARM.Collect$$libinit$$00000023)
    __rt_lib_init_heap_1                     0x08000243   Thumb Code     0  libinit2.o(.ARM.Collect$$libinit$$0000000A)
    __rt_lib_init_lc_collate_1               0x08000243   Thumb Code     0  libinit2.o(.ARM.Collect$$libinit$$00000011)
    __rt_lib_init_lc_ctype_1                 0x08000243   Thumb Code     0  libinit2.o(.ARM.Collect$$libinit$$00000013)
    __rt_lib_init_lc_monetary_1              0x08000243   Thumb Code     0  libinit2.o(.ARM.Collect$$libinit$$00000015)
    __rt_lib_init_lc_numeric_1               0x08000243   Thumb Code     0  libinit2.o(.ARM.Collect$$libinit$$00000017)
    __rt_lib_init_lc_time_1                  0x08000243   Thumb Code     0  libinit2.o(.ARM.Collect$$libinit$$00000019)
    __rt_lib_init_preinit_1                  0x08000243   Thumb Code     0  libinit2.o(.ARM.Collect$$libinit$$00000004)
    __rt_lib_init_rand_1                     0x08000243   Thumb Code     0  libinit2.o(.ARM.Collect$$libinit$$0000000E)
    __rt_lib_init_return                     0x08000243   Thumb Code     0  libinit2.o(.ARM.Collect$$libinit$$00000033)
    __rt_lib_init_signal_1                   0x08000243   Thumb Code     0  libinit2.o(.ARM.Collect$$libinit$$0000001D)
    __rt_lib_init_stdio_1                    0x08000243   Thumb Code     0  libinit2.o(.ARM.Collect$$libinit$$00000025)
    __rt_lib_init_user_alloc_1               0x08000243   Thumb Code     0  libinit2.o(.ARM.Collect$$libinit$$0000000C)
    __rt_lib_shutdown                        0x08000245   Thumb Code     0  libshutdown.o(.ARM.Collect$$libshutdown$$00000000)
    __rt_lib_shutdown_cpp_1                  0x08000247   Thumb Code     0  libshutdown2.o(.ARM.Collect$$libshutdown$$00000002)
    __rt_lib_shutdown_fp_trap_1              0x08000247   Thumb Code     0  libshutdown2.o(.ARM.Collect$$libshutdown$$00000007)
    __rt_lib_shutdown_heap_1                 0x08000247   Thumb Code     0  libshutdown2.o(.ARM.Collect$$libshutdown$$0000000F)
    __rt_lib_shutdown_return                 0x08000247   Thumb Code     0  libshutdown2.o(.ARM.Collect$$libshutdown$$00000010)
    __rt_lib_shutdown_signal_1               0x08000247   Thumb Code     0  libshutdown2.o(.ARM.Collect$$libshutdown$$0000000A)
    __rt_lib_shutdown_stdio_1                0x08000247   Thumb Code     0  libshutdown2.o(.ARM.Collect$$libshutdown$$00000004)
    __rt_lib_shutdown_user_alloc_1           0x08000247   Thumb Code     0  libshutdown2.o(.ARM.Collect$$libshutdown$$0000000C)
    __rt_entry                               0x08000249   Thumb Code     0  __rtentry.o(.ARM.Collect$$rtentry$$00000000)
    __rt_entry_presh_1                       0x08000249   Thumb Code     0  __rtentry2.o(.ARM.Collect$$rtentry$$00000002)
    __rt_entry_sh                            0x08000249   Thumb Code     0  __rtentry4.o(.ARM.Collect$$rtentry$$00000004)
    __rt_entry_li                            0x0800024f   Thumb Code     0  __rtentry2.o(.ARM.Collect$$rtentry$$0000000A)
    __rt_entry_postsh_1                      0x0800024f   Thumb Code     0  __rtentry2.o(.ARM.Collect$$rtentry$$00000009)
    __rt_entry_main                          0x08000253   Thumb Code     0  __rtentry2.o(.ARM.Collect$$rtentry$$0000000D)
    __rt_entry_postli_1                      0x08000253   Thumb Code     0  __rtentry2.o(.ARM.Collect$$rtentry$$0000000C)
    __rt_exit                                0x0800025b   Thumb Code     0  rtexit.o(.ARM.Collect$$rtexit$$00000000)
    __rt_exit_ls                             0x0800025d   Thumb Code     0  rtexit2.o(.ARM.Collect$$rtexit$$00000003)
    __rt_exit_prels_1                        0x0800025d   Thumb Code     0  rtexit2.o(.ARM.Collect$$rtexit$$00000002)
    __rt_exit_exit                           0x08000261   Thumb Code     0  rtexit2.o(.ARM.Collect$$rtexit$$00000004)
    Reset_Handler                            0x08000269   Thumb Code    14  startup_stm32f30x.o(.text)
    NMI_Handler                              0x08000277   Thumb Code     2  startup_stm32f30x.o(.text)
    HardFault_Handler                        0x08000279   Thumb Code     2  startup_stm32f30x.o(.text)
    MemManage_Handler                        0x0800027b   Thumb Code     2  startup_stm32f30x.o(.text)
    BusFault_Handler                         0x0800027d   Thumb Code     2  startup_stm32f30x.o(.text)
    UsageFault_Handler                       0x0800027f   Thumb Code     2  startup_stm32f30x.o(.text)
    SVC_Handler                              0x08000281   Thumb Code     2  startup_stm32f30x.o(.text)
    DebugMon_Handler                         0x08000283   Thumb Code     2  startup_stm32f30x.o(.text)
    PendSV_Handler                           0x08000285   Thumb Code     2  startup_stm32f30x.o(.text)
    SysTick_Handler                          0x08000287   Thumb Code     2  startup_stm32f30x.o(.text)
    ADC1_2_IRQHandler                        0x08000289   Thumb Code     0  startup_stm32f30x.o(.text)
    ADC3_IRQHandler                          0x08000289   Thumb Code     0  startup_stm32f30x.o(.text)
    ADC4_IRQHandler                          0x08000289   Thumb Code     0  startup_stm32f30x.o(.text)
    CAN1_RX1_IRQHandler                      0x08000289   Thumb Code     0  startup_stm32f30x.o(.text)
    CAN1_SCE_IRQHandler                      0x08000289   Thumb Code     0  startup_stm32f30x.o(.text)
    COMP1_2_3_IRQHandler                     0x08000289   Thumb Code     0  startup_stm32f30x.o(.text)
    COMP4_5_6_IRQHandler                     0x08000289   Thumb Code     0  startup_stm32f30x.o(.text)
    COMP7_IRQHandler                         0x08000289   Thumb Code     0  startup_stm32f30x.o(.text)
    DMA1_Channel1_IRQHandler                 0x08000289   Thumb Code     0  startup_stm32f30x.o(.text)
    DMA2_Channel1_IRQHandler                 0x08000289   Thumb Code     0  startup_stm32f30x.o(.text)
    DMA2_Channel2_IRQHandler                 0x08000289   Thumb Code     0  startup_stm32f30x.o(.text)
    DMA2_Channel3_IRQHandler                 0x08000289   Thumb Code     0  startup_stm32f30x.o(.text)
    DMA2_Channel4_IRQHandler                 0x08000289   Thumb Code     0  startup_stm32f30x.o(.text)
    DMA2_Channel5_IRQHandler                 0x08000289   Thumb Code     0  startup_stm32f30x.o(.text)
    EXTI0_IRQHandler                         0x08000289   Thumb Code     0  startup_stm32f30x.o(.text)
    EXTI15_10_IRQHandler                     0x08000289   Thumb Code     0  startup_stm32f30x.o(.text)
    EXTI1_IRQHandler                         0x08000289   Thumb Code     0  startup_stm32f30x.o(.text)
    EXTI2_TS_IRQHandler                      0x08000289   Thumb Code     0  startup_stm32f30x.o(.text)
    EXTI3_IRQHandler                         0x08000289   Thumb Code     0  startup_stm32f30x.o(.text)
    EXTI4_IRQHandler                         0x08000289   Thumb Code     0  startup_stm32f30x.o(.text)
    EXTI9_5_IRQHandler                       0x08000289   Thumb Code     0  startup_stm32f30x.o(.text)
    FLASH_IRQHandler                         0x08000289   Thumb Code     0  startup_stm32f30x.o(.text)
    FPU_IRQHandler                           0x08000289   Thumb Code     0  startup_stm32f30x.o(.text)
    I2C1_ER_IRQHandler                       0x08000289   Thumb Code     0  startup_stm32f30x.o(.text)
    I2C1_EV_IRQHandler                       0x08000289   Thumb Code     0  startup_stm32f30x.o(.text)
    I2C2_ER_IRQHandler                       0x08000289   Thumb Code     0  startup_stm32f30x.o(.text)
    I2C2_EV_IRQHandler                       0x08000289   Thumb Code     0  startup_stm32f30x.o(.text)
    PVD_IRQHandler                           0x08000289   Thumb Code     0  startup_stm32f30x.o(.text)
    RCC_IRQHandler                           0x08000289   Thumb Code     0  startup_stm32f30x.o(.text)
    RTC_Alarm_IRQHandler                     0x08000289   Thumb Code     0  startup_stm32f30x.o(.text)
    RTC_WKUP_IRQHandler                      0x08000289   Thumb Code     0  startup_stm32f30x.o(.text)
    SPI1_IRQHandler                          0x08000289   Thumb Code     0  startup_stm32f30x.o(.text)
    SPI2_IRQHandler                          0x08000289   Thumb Code     0  startup_stm32f30x.o(.text)
    SPI3_IRQHandler                          0x08000289   Thumb Code     0  startup_stm32f30x.o(.text)
    TAMPER_STAMP_IRQHandler                  0x08000289   Thumb Code     0  startup_stm32f30x.o(.text)
    TIM1_BRK_TIM15_IRQHandler                0x08000289   Thumb Code     0  startup_stm32f30x.o(.text)
    TIM1_CC_IRQHandler                       0x08000289   Thumb Code     0  startup_stm32f30x.o(.text)
    TIM1_TRG_COM_TIM17_IRQHandler            0x08000289   Thumb Code     0  startup_stm32f30x.o(.text)
    TIM1_UP_TIM16_IRQHandler                 0x08000289   Thumb Code     0  startup_stm32f30x.o(.text)
    TIM2_IRQHandler                          0x08000289   Thumb Code     0  startup_stm32f30x.o(.text)
    TIM3_IRQHandler                          0x08000289   Thumb Code     0  startup_stm32f30x.o(.text)
    TIM4_IRQHandler                          0x08000289   Thumb Code     0  startup_stm32f30x.o(.text)
    TIM7_IRQHandler                          0x08000289   Thumb Code     0  startup_stm32f30x.o(.text)
    TIM8_BRK_IRQHandler                      0x08000289   Thumb Code     0  startup_stm32f30x.o(.text)
    TIM8_CC_IRQHandler                       0x08000289   Thumb Code     0  startup_stm32f30x.o(.text)
    TIM8_TRG_COM_IRQHandler                  0x08000289   Thumb Code     0  startup_stm32f30x.o(.text)
    TIM8_UP_IRQHandler                       0x08000289   Thumb Code     0  startup_stm32f30x.o(.text)
    UART4_IRQHandler                         0x08000289   Thumb Code     0  startup_stm32f30x.o(.text)
    UART5_IRQHandler                         0x08000289   Thumb Code     0  startup_stm32f30x.o(.text)
    USBWakeUp_IRQHandler                     0x08000289   Thumb Code     0  startup_stm32f30x.o(.text)
    USBWakeUp_RMP_IRQHandler                 0x08000289   Thumb Code     0  startup_stm32f30x.o(.text)
    USB_HP_CAN1_TX_IRQHandler                0x08000289   Thumb Code     0  startup_stm32f30x.o(.text)
    USB_HP_IRQHandler                        0x08000289   Thumb Code     0  startup_stm32f30x.o(.text)
    USB_LP_CAN1_RX0_IRQHandler               0x08000289   Thumb Code     0  startup_stm32f30x.o(.text)
    USB_LP_IRQHandler                        0x08000289   Thumb Code     0  startup_stm32f30x.o(.text)
    WWDG_IRQHandler                          0x08000289   Thumb Code     0  startup_stm32f30x.o(.text)
    __user_initial_stackheap                 0x0800028d   Thumb Code     0  startup_stm32f30x.o(.text)
    __aeabi_memclr4                          0x080002b1   Thumb Code     0  rt_memclr_w.o(.text)
    __aeabi_memclr8                          0x080002b1   Thumb Code     0  rt_memclr_w.o(.text)
    __rt_memclr_w                            0x080002b1   Thumb Code    78  rt_memclr_w.o(.text)
    _memset_w                                0x080002b5   Thumb Code     0  rt_memclr_w.o(.text)
    __use_two_region_memory                  0x080002ff   Thumb Code     2  heapauxi.o(.text)
    __rt_heap_escrow$2region                 0x08000301   Thumb Code     2  heapauxi.o(.text)
    __rt_heap_expand$2region                 0x08000303   Thumb Code     2  heapauxi.o(.text)
    __user_setup_stackheap                   0x08000305   Thumb Code    74  sys_stackheap_outer.o(.text)
    exit                                     0x0800034f   Thumb Code    18  exit.o(.text)
    __user_libspace                          0x08000361   Thumb Code     8  libspace.o(.text)
    __user_perproc_libspace                  0x08000361   Thumb Code     0  libspace.o(.text)
    __user_perthread_libspace                0x08000361   Thumb Code     0  libspace.o(.text)
    _sys_exit                                0x08000369   Thumb Code     8  sys_exit.o(.text)
    __I$use$semihosting                      0x08000375   Thumb Code     0  use_no_semi.o(.text)
    __use_no_semihosting_swi                 0x08000375   Thumb Code     2  use_no_semi.o(.text)
    BubbleSortINT32                          0x08000377   Thumb Code    82  app_crc.o(i.BubbleSortINT32)
    __semihosting_library_function           0x08000377   Thumb Code     0  indicate_semi.o(.text)
    DMA1_Channel2_IRQHandler                 0x080003c9   Thumb Code    44  hal_uart.o(i.DMA1_Channel2_IRQHandler)
    DMA1_Channel3_IRQHandler                 0x08000405   Thumb Code    44  hal_uart.o(i.DMA1_Channel3_IRQHandler)
    DMA1_Channel4_IRQHandler                 0x08000441   Thumb Code    44  hal_uart.o(i.DMA1_Channel4_IRQHandler)
    DMA1_Channel5_IRQHandler                 0x0800047d   Thumb Code    44  hal_uart.o(i.DMA1_Channel5_IRQHandler)
    DMA1_Channel6_IRQHandler                 0x080004b9   Thumb Code    44  hal_uart.o(i.DMA1_Channel6_IRQHandler)
    DMA1_Channel7_IRQHandler                 0x080004f5   Thumb Code    44  hal_uart.o(i.DMA1_Channel7_IRQHandler)
    STM32CheckPassWord                       0x08000531   Thumb Code    58  app_password.o(i.STM32CheckPassWord)
    STM32MCUIDGet                            0x0800057d   Thumb Code    34  app_password.o(i.STM32MCUIDGet)
    TIM6_DAC_IRQHandler                      0x080005a5   Thumb Code    16  hal_timer.o(i.TIM6_DAC_IRQHandler)
    USART1_IRQHandler                        0x080005b9   Thumb Code   372  hal_uart.o(i.USART1_IRQHandler)
    USART2_IRQHandler                        0x08000749   Thumb Code   364  hal_uart.o(i.USART2_IRQHandler)
    USART3_IRQHandler                        0x080008d1   Thumb Code   344  hal_uart.o(i.USART3_IRQHandler)
    app_LED_RUN                              0x08000a45   Thumb Code    34  app_led_ctrl.o(i.app_LED_RUN)
    app_MotorContrl                          0x08000a6d   Thumb Code   384  app_motor_ctrl.o(i.app_MotorContrl)
    app_MotorContrl_Init                     0x08000c09   Thumb Code   456  app_motor_ctrl.o(i.app_MotorContrl_Init)
    app_SetMotorContrlMode                   0x08000ddd   Thumb Code     6  app_motor_ctrl.o(i.app_SetMotorContrlMode)
    app_gjf_handle                           0x08000de9   Thumb Code    64  app_motor_ctrl.o(i.app_gjf_handle)
    app_main_init                            0x08000e31   Thumb Code    34  app_main_task.o(i.app_main_init)
    app_main_task                            0x08000e5d   Thumb Code    70  app_main_task.o(i.app_main_task)
    backReturnBSetContrl_Handle              0x08000ead   Thumb Code   176  app_t5l_ctrl.o(i.backReturnBSetContrl_Handle)
    cal_crc16                                0x08000f69   Thumb Code    62  app_crc.o(i.cal_crc16)
    chanelChangedTrigerDeal                  0x08000fb1   Thumb Code   530  app_t5l_ctrl.o(i.chanelChangedTrigerDeal)
    clearLocalCalibrationKAndBAndSample      0x080011d9   Thumb Code   188  app_t5l_ctrl.o(i.clearLocalCalibrationKAndBAndSample)
    clearLocalCalibrationRecordData          0x08001299   Thumb Code   122  app_t5l_ctrl.o(i.clearLocalCalibrationRecordData)
    drv_debug_apb1_stop                      0x08001319   Thumb Code    12  drv_dbgmcu.o(i.drv_debug_apb1_stop)
    drv_debug_apb2_stop                      0x08001329   Thumb Code    12  drv_dbgmcu.o(i.drv_debug_apb2_stop)
    drv_delay_init                           0x08001339   Thumb Code    60  drv_delay.o(i.drv_delay_init)
    drv_delay_ms                             0x08001385   Thumb Code    64  drv_delay.o(i.drv_delay_ms)
    drv_delay_us                             0x080013c9   Thumb Code    64  drv_delay.o(i.drv_delay_us)
    drv_dma_set_mem_addr_length              0x0800140d   Thumb Code    12  drv_dma.o(i.drv_dma_set_mem_addr_length)
    drv_dma_stream_clear_flag_status         0x08001419   Thumb Code    30  drv_dma.o(i.drv_dma_stream_clear_flag_status)
    drv_dma_stream_clear_it_pending_bit      0x08001441   Thumb Code    18  drv_dma.o(i.drv_dma_stream_clear_it_pending_bit)
    drv_dma_stream_deinit                    0x0800145d   Thumb Code   252  drv_dma.o(i.drv_dma_stream_deinit)
    drv_dma_stream_disable                   0x08001561   Thumb Code    10  drv_dma.o(i.drv_dma_stream_disable)
    drv_dma_stream_enable                    0x0800156b   Thumb Code    12  drv_dma.o(i.drv_dma_stream_enable)
    drv_dma_stream_get_it_status             0x08001579   Thumb Code    90  drv_dma.o(i.drv_dma_stream_get_it_status)
    drv_dma_stream_get_left_length           0x080015dd   Thumb Code    14  drv_dma.o(i.drv_dma_stream_get_left_length)
    drv_dma_stream_init                      0x080015eb   Thumb Code   108  drv_dma.o(i.drv_dma_stream_init)
    drv_dma_stream_it_enable                 0x08001657   Thumb Code     8  drv_dma.o(i.drv_dma_stream_it_enable)
    drv_dma_stream_start_mem_to_periph       0x0800165f   Thumb Code    52  drv_dma.o(i.drv_dma_stream_start_mem_to_periph)
    drv_dma_stream_start_periph_to_mem       0x08001693   Thumb Code    52  drv_dma.o(i.drv_dma_stream_start_periph_to_mem)
    drv_flash_erase_sector                   0x080016c9   Thumb Code    66  drv_flash.o(i.drv_flash_erase_sector)
    drv_flash_get_status                     0x08001711   Thumb Code    40  drv_flash.o(i.drv_flash_get_status)
    drv_flash_lock                           0x0800173d   Thumb Code    16  drv_flash.o(i.drv_flash_lock)
    drv_flash_read_words                     0x08001751   Thumb Code    32  drv_flash.o(i.drv_flash_read_words)
    drv_flash_unlock                         0x08001771   Thumb Code    22  drv_flash.o(i.drv_flash_unlock)
    drv_flash_wait_last_operation            0x08001795   Thumb Code    40  drv_flash.o(i.drv_flash_wait_last_operation)
    drv_flash_write_words                    0x080017bd   Thumb Code   122  drv_flash.o(i.drv_flash_write_words)
    drv_gpio_alternate_function_connect      0x0800183d   Thumb Code    66  drv_gpio.o(i.drv_gpio_alternate_function_connect)
    drv_gpio_alternate_function_init         0x0800187f   Thumb Code   220  drv_gpio.o(i.drv_gpio_alternate_function_init)
    drv_gpio_input_init                      0x0800195b   Thumb Code    96  drv_gpio.o(i.drv_gpio_input_init)
    drv_gpio_output_init                     0x080019bb   Thumb Code   220  drv_gpio.o(i.drv_gpio_output_init)
    drv_gpio_set_pins_high                   0x08001a97   Thumb Code     8  hal_uart.o(i.drv_gpio_set_pins_high)
    drv_iwdg_init                            0x08001aa1   Thumb Code    32  drv_iwdg.o(i.drv_iwdg_init)
    drv_nvic_enable                          0x08001ac5   Thumb Code    22  drv_nvic.o(i.drv_nvic_enable)
    drv_nvic_init                            0x08001add   Thumb Code    56  drv_nvic.o(i.drv_nvic_init)
    drv_rcc_ahb1_clk_enable                  0x08001b1d   Thumb Code    12  drv_rcc.o(i.drv_rcc_ahb1_clk_enable)
    drv_rcc_apb1_clk_enable                  0x08001b2d   Thumb Code    12  drv_rcc.o(i.drv_rcc_apb1_clk_enable)
    drv_rcc_apb1_periph_reset_disable        0x08001b3d   Thumb Code    12  drv_rcc.o(i.drv_rcc_apb1_periph_reset_disable)
    drv_rcc_apb1_periph_reset_enable         0x08001b4d   Thumb Code    12  drv_rcc.o(i.drv_rcc_apb1_periph_reset_enable)
    drv_rcc_apb2_clk_enable                  0x08001b5d   Thumb Code    12  drv_rcc.o(i.drv_rcc_apb2_clk_enable)
    drv_rcc_apb2_periph_reset_disable        0x08001b6d   Thumb Code    12  drv_rcc.o(i.drv_rcc_apb2_periph_reset_disable)
    drv_rcc_apb2_periph_reset_enable         0x08001b7d   Thumb Code    12  drv_rcc.o(i.drv_rcc_apb2_periph_reset_enable)
    drv_rcc_get_clocks_freq                  0x08001b8d   Thumb Code   238  drv_rcc.o(i.drv_rcc_get_clocks_freq)
    drv_rcc_init                             0x08001c91   Thumb Code   694  drv_rcc.o(i.drv_rcc_init)
    drv_timer_base_init                      0x08001f71   Thumb Code   104  drv_timer.o(i.drv_timer_base_init)
    drv_timer_clear_it_pending_bit           0x08001ff1   Thumb Code     8  drv_timer.o(i.drv_timer_clear_it_pending_bit)
    drv_timer_deinit                         0x08001ff9   Thumb Code   216  drv_timer.o(i.drv_timer_deinit)
    drv_timer_enable                         0x080020f5   Thumb Code    12  drv_timer.o(i.drv_timer_enable)
    drv_timer_it_enable                      0x08002101   Thumb Code     8  drv_timer.o(i.drv_timer_it_enable)
    drv_uart_clear_flag_status               0x08002109   Thumb Code     4  drv_uart.o(i.drv_uart_clear_flag_status)
    drv_uart_clear_it_pending_bit            0x0800210d   Thumb Code    18  drv_uart.o(i.drv_uart_clear_it_pending_bit)
    drv_uart_deinit                          0x08002121   Thumb Code   124  drv_uart.o(i.drv_uart_deinit)
    drv_uart_dma_rx_enable                   0x080021b1   Thumb Code    12  drv_uart.o(i.drv_uart_dma_rx_enable)
    drv_uart_dma_tx_enable                   0x080021bd   Thumb Code    12  drv_uart.o(i.drv_uart_dma_tx_enable)
    drv_uart_get_flag_status                 0x080021c9   Thumb Code    16  drv_uart.o(i.drv_uart_get_flag_status)
    drv_uart_init                            0x080021d9   Thumb Code   190  drv_uart.o(i.drv_uart_init)
    drv_uart_it_disable                      0x08002297   Thumb Code    52  drv_uart.o(i.drv_uart_it_disable)
    drv_uart_it_enable                       0x080022cb   Thumb Code    52  drv_uart.o(i.drv_uart_it_enable)
    drv_uart_put_bytes                       0x080022ff   Thumb Code    32  drv_uart.o(i.drv_uart_put_bytes)
    drv_uart_rx_byte                         0x0800231f   Thumb Code    14  hal_uart.o(i.drv_uart_rx_byte)
    drv_uart_set_baudrate                    0x0800232d   Thumb Code   116  drv_uart.o(i.drv_uart_set_baudrate)
    drv_uart_tx_byte                         0x080023a9   Thumb Code     4  hal_uart.o(i.drv_uart_tx_byte)
    enterRealTimeSet_Handle                  0x080023ad   Thumb Code   594  app_t5l_ctrl.o(i.enterRealTimeSet_Handle)
    enterTuanCaiContrl_Handle                0x0800260d   Thumb Code   132  app_t5l_ctrl.o(i.enterTuanCaiContrl_Handle)
    getChanelStruct                          0x0800269d   Thumb Code    24  app_hx711_ctrl.o(i.getChanelStruct)
    gjfContrl_Handle                         0x080026b9   Thumb Code    98  app_t5l_ctrl.o(i.gjfContrl_Handle)
    hal_clock_init                           0x08002729   Thumb Code    24  hal_clock.o(i.hal_clock_init)
    hal_delay_init                           0x08002741   Thumb Code     8  hal_delay.o(i.hal_delay_init)
    hal_delay_ms                             0x08002749   Thumb Code    12  app_t5l_ctrl.o(i.hal_delay_ms)
    hal_delay_us                             0x08002755   Thumb Code    12  app_hx711_ctrl.o(i.hal_delay_us)
    hal_di_get                               0x08002761   Thumb Code    36  hal_gpio.o(i.hal_di_get)
    hal_gpio_init                            0x0800278d   Thumb Code    86  hal_gpio.o(i.hal_gpio_init)
    hal_gpio_set_do_high                     0x080027fd   Thumb Code    22  hal_gpio.o(i.hal_gpio_set_do_high)
    hal_gpio_set_do_low                      0x0800281d   Thumb Code    22  hal_gpio.o(i.hal_gpio_set_do_low)
    hal_gpio_set_do_toggle                   0x0800283d   Thumb Code    22  hal_gpio.o(i.hal_gpio_set_do_toggle)
    hal_timer_init                           0x0800285d   Thumb Code    66  hal_timer.o(i.hal_timer_init)
    hal_uart_dma_rx_start                    0x080028a9   Thumb Code    70  hal_uart.o(i.hal_uart_dma_rx_start)
    hal_uart_gpio_init                       0x08002901   Thumb Code   806  hal_uart.o(i.hal_uart_gpio_init)
    hal_uart_port_init                       0x08002c59   Thumb Code   560  hal_uart.o(i.hal_uart_port_init)
    hal_uart_rx_irq_disable                  0x08002ec1   Thumb Code    48  hal_uart.o(i.hal_uart_rx_irq_disable)
    hal_uart_rx_irq_enable                   0x08002efd   Thumb Code    48  hal_uart.o(i.hal_uart_rx_irq_enable)
    hal_uart_set_braudrate                   0x08002f39   Thumb Code    34  hal_uart.o(i.hal_uart_set_braudrate)
    hal_uart_set_rx_mode                     0x08002f65   Thumb Code    26  hal_uart.o(i.hal_uart_set_rx_mode)
    hal_uart_set_timeout                     0x08002f89   Thumb Code     2  hal_uart.o(i.hal_uart_set_timeout)
    hal_uart_set_tx_mode                     0x08002f8d   Thumb Code    24  hal_uart.o(i.hal_uart_set_tx_mode)
    hal_uart_tx_bytes                        0x08002fad   Thumb Code   246  hal_uart.o(i.hal_uart_tx_bytes)
    hx711_AllChanelSample                    0x080030b5   Thumb Code   200  app_hx711_ctrl.o(i.hx711_AllChanelSample)
    hx711_DataSampleCtrl                     0x08003181   Thumb Code    40  app_hx711_ctrl.o(i.hx711_DataSampleCtrl)
    hx711_MainFunction                       0x080031ad   Thumb Code   262  app_hx711_ctrl.o(i.hx711_MainFunction)
    hx711_SenserCheck                        0x080032c5   Thumb Code   440  app_hx711_ctrl.o(i.hx711_SenserCheck)
    hx711_SigChanelAvrgAndWeightCalc         0x080034a5   Thumb Code   216  app_hx711_ctrl.o(i.hx711_SigChanelAvrgAndWeightCalc)
    hx711_getAvgSample                       0x08003581   Thumb Code    26  app_hx711_ctrl.o(i.hx711_getAvgSample)
    hx711_getWeight                          0x080035a1   Thumb Code   132  app_hx711_ctrl.o(i.hx711_getWeight)
    hx711_init                               0x0800363d   Thumb Code   340  app_hx711_ctrl.o(i.hx711_init)
    hx711_setAllRemoveWeight                 0x080037a5   Thumb Code    50  app_hx711_ctrl.o(i.hx711_setAllRemoveWeight)
    jumpToCalibrationPage                    0x080037dd   Thumb Code    84  app_t5l_ctrl.o(i.jumpToCalibrationPage)
    key_ClearAllEvent                        0x08003835   Thumb Code    30  app_key_ctrl.o(i.key_ClearAllEvent)
    key_EventClear                           0x08003855   Thumb Code    26  app_key_ctrl.o(i.key_EventClear)
    key_EventGet                             0x08003875   Thumb Code    28  app_key_ctrl.o(i.key_EventGet)
    key_LongPressEventClear                  0x08003895   Thumb Code    26  app_key_ctrl.o(i.key_LongPressEventClear)
    key_LongPressEventGet                    0x080038b5   Thumb Code    28  app_key_ctrl.o(i.key_LongPressEventGet)
    key_MainFunction                         0x080038d5   Thumb Code     8  app_key_ctrl.o(i.key_MainFunction)
    key_filter                               0x080038dd   Thumb Code   286  app_key_ctrl.o(i.key_filter)
    key_init                                 0x08003a01   Thumb Code    82  app_key_ctrl.o(i.key_init)
    main                                     0x08003a59   Thumb Code    62  app_main.o(i.main)
    motor_PulseHandle                        0x08003aa1   Thumb Code    70  hal_pd_pulse.o(i.motor_PulseHandle)
    motor_pulse_dir_set                      0x08003af5   Thumb Code    22  hal_pd_pulse.o(i.motor_pulse_dir_set)
    motor_pulse_en_set                       0x08003b0d   Thumb Code    52  hal_pd_pulse.o(i.motor_pulse_en_set)
    motor_pulse_frequency_set                0x08003b45   Thumb Code    26  hal_pd_pulse.o(i.motor_pulse_frequency_set)
    motor_pulse_init                         0x08003b69   Thumb Code   192  hal_pd_pulse.o(i.motor_pulse_init)
    motor_pulse_output_set                   0x08003c31   Thumb Code    14  hal_pd_pulse.o(i.motor_pulse_output_set)
    pointSampleTrigerDataSet                 0x08003c45   Thumb Code    32  app_t5l_ctrl.o(i.pointSampleTrigerDataSet)
    pointTrigerDataSet                       0x08003c69   Thumb Code    62  app_t5l_ctrl.o(i.pointTrigerDataSet)
    pointTrigerDeal                          0x08003cad   Thumb Code   312  app_t5l_ctrl.o(i.pointTrigerDeal)
    pointWeightTrigerDataSet                 0x08003df5   Thumb Code    32  app_t5l_ctrl.o(i.pointWeightTrigerDataSet)
    pos_EventClear                           0x08003e19   Thumb Code    22  app_key_ctrl.o(i.pos_EventClear)
    pos_EventGet                             0x08003e35   Thumb Code    24  app_key_ctrl.o(i.pos_EventGet)
    pos_FilterGet                            0x08003e51   Thumb Code    24  app_key_ctrl.o(i.pos_FilterGet)
    pos_MainFunction                         0x08003e6d   Thumb Code     8  app_key_ctrl.o(i.pos_MainFunction)
    pos_filter                               0x08003e75   Thumb Code   224  app_key_ctrl.o(i.pos_filter)
    pos_init                                 0x08003f59   Thumb Code    80  app_key_ctrl.o(i.pos_init)
    readSysDataFromFlash                     0x08003fad   Thumb Code   366  app_syspara.o(i.readSysDataFromFlash)
    readSysDataFromFlash_3030                0x08004121   Thumb Code   736  app_syspara.o(i.readSysDataFromFlash_3030)
    resetCalibrationTrigerDeal               0x08004411   Thumb Code   310  app_t5l_ctrl.o(i.resetCalibrationTrigerDeal)
    rtcSet_Handle                            0x08004559   Thumb Code   272  app_t5l_ctrl.o(i.rtcSet_Handle)
    runContrl_Handle                         0x0800467d   Thumb Code   194  app_t5l_ctrl.o(i.runContrl_Handle)
    sampleDataPush                           0x0800474d   Thumb Code    58  app_hx711_ctrl.o(i.sampleDataPush)
    screenFengMingQi_Handle                  0x08004789   Thumb Code    92  app_t5l_ctrl.o(i.screenFengMingQi_Handle)
    screenSDWeReadReg                        0x080047e9   Thumb Code   232  app_t5l_ctrl.o(i.screenSDWeReadReg)
    screenSDWeWriteReg                       0x080048d9   Thumb Code   278  app_t5l_ctrl.o(i.screenSDWeWriteReg)
    screenSDWeWriteVarible                   0x080049f9   Thumb Code   318  app_t5l_ctrl.o(i.screenSDWeWriteVarible)
    screenSDWe_CaiJiWanCheng_Handle          0x08004b41   Thumb Code   144  app_t5l_ctrl.o(i.screenSDWe_CaiJiWanCheng_Handle)
    screenSDWe_CaiJiYuYin_Get                0x08004bd9   Thumb Code    12  app_t5l_ctrl.o(i.screenSDWe_CaiJiYuYin_Get)
    screenSDWe_CaiJiYuYin_Handle             0x08004be9   Thumb Code   632  app_t5l_ctrl.o(i.screenSDWe_CaiJiYuYin_Handle)
    screenSDWe_CaiJiYuYin_Set                0x08004e71   Thumb Code    10  app_t5l_ctrl.o(i.screenSDWe_CaiJiYuYin_Set)
    screenSDWe_CycleDataSend                 0x08004e81   Thumb Code   372  app_t5l_ctrl.o(i.screenSDWe_CycleDataSend)
    screenSDWe_JumpToPage                    0x08005015   Thumb Code    30  app_t5l_ctrl.o(i.screenSDWe_JumpToPage)
    screenSDWe_LiuSuCaculate                 0x08005035   Thumb Code   286  app_t5l_ctrl.o(i.screenSDWe_LiuSuCaculate)
    screenSDWe_LiuSuErrorCaculate            0x08005161   Thumb Code    64  app_t5l_ctrl.o(i.screenSDWe_LiuSuErrorCaculate)
    screenSDWe_RTCTimeCaculate               0x080051a9   Thumb Code   152  app_t5l_ctrl.o(i.screenSDWe_RTCTimeCaculate)
    screenSDWe_RxFunction                    0x08005249   Thumb Code   384  app_t5l_ctrl.o(i.screenSDWe_RxFunction)
    screenSDWe_SampleTimeCaculate            0x080053cd   Thumb Code   170  app_t5l_ctrl.o(i.screenSDWe_SampleTimeCaculate)
    screenSDWe_SubFunctionTest               0x0800547d   Thumb Code    86  app_t5l_ctrl.o(i.screenSDWe_SubFunctionTest)
    screenSDWe_TakeDownCheck                 0x080054ed   Thumb Code   216  app_t5l_ctrl.o(i.screenSDWe_TakeDownCheck)
    screenSDWe_TuanCaiHandle                 0x080055e1   Thumb Code   228  app_t5l_ctrl.o(i.screenSDWe_TuanCaiHandle)
    screenSDWe_TxFunction                    0x080056d9   Thumb Code   916  app_t5l_ctrl.o(i.screenSDWe_TxFunction)
    screenSendDataToSDWE                     0x08005a7d   Thumb Code   752  app_t5l_ctrl.o(i.screenSendDataToSDWE)
    screenT5L_Init                           0x08005d81   Thumb Code   148  app_t5l_ctrl.o(i.screenT5L_Init)
    screenVoicePrintf_Handle                 0x08005e29   Thumb Code   122  app_t5l_ctrl.o(i.screenVoicePrintf_Handle)
    screenVoice_Handle                       0x08005eb1   Thumb Code   104  app_t5l_ctrl.o(i.screenVoice_Handle)
    sdweAskRegData                           0x08005f1d   Thumb Code   274  app_t5l_ctrl.o(i.sdweAskRegData)
    sdweAskVaribleData                       0x08006035   Thumb Code  2388  app_t5l_ctrl.o(i.sdweAskVaribleData)
    setSampleWeightValue                     0x0800698d   Thumb Code    36  app_hx711_ctrl.o(i.setSampleWeightValue)
    sreenSDWe_MainFunction                   0x080069b5   Thumb Code    86  app_t5l_ctrl.o(i.sreenSDWe_MainFunction)
    sreenT5L_BootAnimation                   0x08006a15   Thumb Code   276  app_t5l_ctrl.o(i.sreenT5L_BootAnimation)
    storeSysDataToFlash                      0x08006b39   Thumb Code   328  app_syspara.o(i.storeSysDataToFlash)
    storeSysDataToFlash_3030                 0x08006c8d   Thumb Code   910  app_syspara.o(i.storeSysDataToFlash_3030)
    system_init                              0x08007035   Thumb Code    40  app_main.o(i.system_init)
    t5lWriteVarible                          0x0800705d   Thumb Code   252  app_t5l_ctrl.o(i.t5lWriteVarible)
    trigerCalcKB                             0x08007161   Thumb Code   502  app_hx711_ctrl.o(i.trigerCalcKB)
    __aeabi_d2f                              0x08007361   Thumb Code     0  d2f.o(x$fpl$d2f)
    _d2f                                     0x08007361   Thumb Code    98  d2f.o(x$fpl$d2f)
    __fpl_dcmp_Inf                           0x080073c3   Thumb Code    24  dcmpi.o(x$fpl$dcmpinf)
    __aeabi_i2d                              0x080073db   Thumb Code     0  dflt_clz.o(x$fpl$dflt)
    _dflt                                    0x080073db   Thumb Code    46  dflt_clz.o(x$fpl$dflt)
    __aeabi_ui2d                             0x08007409   Thumb Code     0  dflt_clz.o(x$fpl$dfltu)
    _dfltu                                   0x08007409   Thumb Code    38  dflt_clz.o(x$fpl$dfltu)
    __aeabi_cdcmple                          0x08007431   Thumb Code     0  dleqf.o(x$fpl$dleqf)
    _dcmple                                  0x08007431   Thumb Code   120  dleqf.o(x$fpl$dleqf)
    __fpl_dcmple_InfNaN                      0x08007493   Thumb Code     0  dleqf.o(x$fpl$dleqf)
    __aeabi_dmul                             0x080074a9   Thumb Code     0  dmul.o(x$fpl$dmul)
    _dmul                                    0x080074a9   Thumb Code   332  dmul.o(x$fpl$dmul)
    __fpl_dnaninf                            0x080075fd   Thumb Code   156  dnaninf.o(x$fpl$dnaninf)
    __fpl_dretinf                            0x08007699   Thumb Code    12  dretinf.o(x$fpl$dretinf)
    __aeabi_cdrcmple                         0x080076a5   Thumb Code     0  drleqf.o(x$fpl$drleqf)
    _drcmple                                 0x080076a5   Thumb Code   108  drleqf.o(x$fpl$drleqf)
    _fp_init                                 0x08007711   Thumb Code    10  fpinit.o(x$fpl$fpinit)
    __fplib_config_fpu_vfp                   0x08007719   Thumb Code     0  fpinit.o(x$fpl$fpinit)
    __fplib_config_pureend_doubles           0x08007719   Thumb Code     0  fpinit.o(x$fpl$fpinit)
    __fpl_fretinf                            0x0800771b   Thumb Code    10  fretinf.o(x$fpl$fretinf)
    __I$use$fp                               0x08007724   Number         0  usenofp.o(x$fpl$usenofp)
    defaultChanelSamplePoint                 0x08007724   Data          40  app_hx711_ctrl.o(.constdata)
    g_CrcHTable                              0x0800774c   Data         256  app_crc.o(.constdata)
    g_CrcLTable                              0x0800784c   Data         256  app_crc.o(.constdata)
    DO_GPIO_CLK                              0x0800794c   Data          28  hal_gpio.o(.constdata)
    DO_GPIO_PIN                              0x08007968   Data          14  hal_gpio.o(.constdata)
    DI_GPIO_CLK                              0x08007978   Data          32  hal_gpio.o(.constdata)
    DI_GPIO_PIN                              0x08007998   Data          16  hal_gpio.o(.constdata)
    UART_PORT_CLK                            0x080079a8   Data          12  hal_uart.o(.constdata)
    UART_PORT_IRQn                           0x080079b4   Data           3  hal_uart.o(.constdata)
    UART_PORT_GPIO_AF                        0x080079b7   Data           3  hal_uart.o(.constdata)
    UART_TX_GPIO_CLK                         0x080079bc   Data          12  hal_uart.o(.constdata)
    UART_TX_GPIO_PIN                         0x080079c8   Data           6  hal_uart.o(.constdata)
    UART_TX_PIN_SOURCE                       0x080079ce   Data           6  hal_uart.o(.constdata)
    UART_RX_GPIO_CLK                         0x080079d4   Data          12  hal_uart.o(.constdata)
    UART_RX_GPIO_PIN                         0x080079e0   Data           6  hal_uart.o(.constdata)
    UART_RX_PIN_SOURCE                       0x080079e6   Data           6  hal_uart.o(.constdata)
    UART_DEA_GPIO_CLK                        0x080079ec   Data          12  hal_uart.o(.constdata)
    UART_DEA_GPIO_PIN                        0x080079f8   Data           6  hal_uart.o(.constdata)
    UART_TX_DMA_CLK                          0x08007a00   Data          12  hal_uart.o(.constdata)
    UART_TX_DMA_IRQn                         0x08007a0c   Data           3  hal_uart.o(.constdata)
    UART_TX_DMA_IT_TCIF                      0x08007a10   Data          12  hal_uart.o(.constdata)
    UART_RX_DMA_CLK                          0x08007a1c   Data          12  hal_uart.o(.constdata)
    g_UartBaudTab                            0x08007a28   Data          40  hal_uart.o(.constdata)
    Region$$Table$$Base                      0x08007a50   Number         0  anon$$obj.o(Region$$Table)
    Region$$Table$$Limit                     0x08007a70   Number         0  anon$$obj.o(Region$$Table)
    g_sys_ms_tick                            0x20000000   Data           4  app_main_task.o(.data)
    g_passWordId                             0x20000020   Data           4  app_password.o(.data)
    g_passWordStore                          0x20000024   Data           4  app_password.o(.data)
    g_sysLocked                              0x20000028   Data           4  app_password.o(.data)
    idAddr                                   0x2000002c   Data          40  app_password.o(.data)
    gSystemPara                              0x20000054   Data         180  app_syspara.o(.data)
    g_T5L                                    0x2000010c   Data         780  app_t5l_ctrl.o(.data)
    g_t5l_dis_data                           0x20000418   Data           4  app_t5l_ctrl.o(.data)
    g_t5l_dis_data_buff                      0x2000041c   Data           4  app_t5l_ctrl.o(.data)
    u8T5LVoiceBuffPush_i                     0x20000420   Data           1  app_t5l_ctrl.o(.data)
    u8T5LVoiceBuffPop_i                      0x20000421   Data           1  app_t5l_ctrl.o(.data)
    u8T5LVoiceBuffStoreNum                   0x20000422   Data           1  app_t5l_ctrl.o(.data)
    g_i16DataBuff                            0x20000424   Data           4  app_t5l_ctrl.o(.data)
    g_i16DataBuffPre                         0x20000428   Data           4  app_t5l_ctrl.o(.data)
    g_i16ColorBuff                           0x2000042c   Data           4  app_t5l_ctrl.o(.data)
    g_i16ColorBuffPre                        0x20000430   Data           4  app_t5l_ctrl.o(.data)
    g_i16ColorOtherChanel                    0x20000434   Data           4  app_t5l_ctrl.o(.data)
    g_fDataBuffCaculate                      0x20000438   Data           8  app_t5l_ctrl.o(.data)
    g_i16OtherChanelCaculate                 0x20000440   Data           4  app_t5l_ctrl.o(.data)
    g_i16HelpDataSort                        0x20000444   Data           8  app_t5l_ctrl.o(.data)
    g_i16HelpDataChnSort                     0x2000044c   Data           4  app_t5l_ctrl.o(.data)
    g_u8Read00A1_Data                        0x20000450   Data           1  app_t5l_ctrl.o(.data)
    motorCtl                                 0x200004bc   Data          88  app_motor_ctrl.o(.data)
    DO_GPIO_PORT                             0x20000520   Data          28  hal_gpio.o(.data)
    DI_GPIO_PORT                             0x2000053c   Data          32  hal_gpio.o(.data)
    UART_PORT                                0x2000055c   Data          12  hal_uart.o(.data)
    UART_TX_GPIO_PORT                        0x20000568   Data          12  hal_uart.o(.data)
    UART_RX_GPIO_PORT                        0x20000574   Data          12  hal_uart.o(.data)
    UART_DEA_GPIO_PORT                       0x20000580   Data          12  hal_uart.o(.data)
    UART_TX_DMA                              0x2000058c   Data          12  hal_uart.o(.data)
    UART_TX_DMA_CHANNEL                      0x20000598   Data          12  hal_uart.o(.data)
    UART_RX_DMA                              0x200005a4   Data          12  hal_uart.o(.data)
    UART_RX_DMA_CHANNEL                      0x200005b0   Data          12  hal_uart.o(.data)
    g_UartDevice                             0x200005bc   Data         168  hal_uart.o(.data)
    l_RccWiteTimeOut                         0x20000680   Data           4  drv_rcc.o(.data)
    HX711Chanel                              0x20000684   Data         236  app_hx711_ctrl.o(.bss)
    SysKey                                   0x20000770   Data          56  app_key_ctrl.o(.bss)
    SysPos                                   0x200007a8   Data          42  app_key_ctrl.o(.bss)
    STM32McuId                               0x200007d4   Data          12  app_password.o(.bss)
    flashStoreDataBuf                        0x200007e0   Data         180  app_syspara.o(.bss)
    flashStoreDataBuf_3030                   0x20000894   Data         176  app_syspara.o(.bss)
    g_T5L_VoiceBuff                          0x200009e4   Data          18  app_t5l_ctrl.o(.bss)
    g_ClockFrequency                         0x200009f8   Data          36  drv_rcc.o(.bss)
    __libspace_start                         0x20000a1c   Data          96  libspace.o(.bss)
    __temporary_stack_top$libspace           0x20000a7c   Data           0  libspace.o(.bss)



==============================================================================

Memory Map of the image

  Image Entry point : 0x08000189

  Load Region LR_IROM1 (Base: 0x08000000, Size: 0x000080f4, Max: 0x00030000, ABSOLUTE, COMPRESSED[0x00007b9c])

    Execution Region ER_IROM1 (Base: 0x08000000, Size: 0x00007a70, Max: 0x00030000, ABSOLUTE)

    Base Addr    Size         Type   Attr      Idx    E Section Name        Object

    0x08000000   0x00000188   Data   RO          944    RESET               startup_stm32f30x.o
    0x08000188   0x00000008   Code   RO         2762  * !!!main             c_w.l(__main.o)
    0x08000190   0x00000034   Code   RO         2944    !!!scatter          c_w.l(__scatter.o)
    0x080001c4   0x0000005a   Code   RO         2942    !!dczerorl2         c_w.l(__dczerorl2.o)
    0x0800021e   0x00000002   PAD
    0x08000220   0x0000001c   Code   RO         2946    !!handler_zi        c_w.l(__scatter_zi.o)
    0x0800023c   0x00000002   Code   RO         2812    .ARM.Collect$$libinit$$00000000  c_w.l(libinit.o)
    0x0800023e   0x00000004   Code   RO         2818    .ARM.Collect$$libinit$$00000001  c_w.l(libinit2.o)
    0x08000242   0x00000000   Code   RO         2821    .ARM.Collect$$libinit$$00000004  c_w.l(libinit2.o)
    0x08000242   0x00000000   Code   RO         2824    .ARM.Collect$$libinit$$0000000A  c_w.l(libinit2.o)
    0x08000242   0x00000000   Code   RO         2826    .ARM.Collect$$libinit$$0000000C  c_w.l(libinit2.o)
    0x08000242   0x00000000   Code   RO         2828    .ARM.Collect$$libinit$$0000000E  c_w.l(libinit2.o)
    0x08000242   0x00000000   Code   RO         2831    .ARM.Collect$$libinit$$00000011  c_w.l(libinit2.o)
    0x08000242   0x00000000   Code   RO         2833    .ARM.Collect$$libinit$$00000013  c_w.l(libinit2.o)
    0x08000242   0x00000000   Code   RO         2835    .ARM.Collect$$libinit$$00000015  c_w.l(libinit2.o)
    0x08000242   0x00000000   Code   RO         2837    .ARM.Collect$$libinit$$00000017  c_w.l(libinit2.o)
    0x08000242   0x00000000   Code   RO         2839    .ARM.Collect$$libinit$$00000019  c_w.l(libinit2.o)
    0x08000242   0x00000000   Code   RO         2841    .ARM.Collect$$libinit$$0000001B  c_w.l(libinit2.o)
    0x08000242   0x00000000   Code   RO         2843    .ARM.Collect$$libinit$$0000001D  c_w.l(libinit2.o)
    0x08000242   0x00000000   Code   RO         2845    .ARM.Collect$$libinit$$0000001F  c_w.l(libinit2.o)
    0x08000242   0x00000000   Code   RO         2847    .ARM.Collect$$libinit$$00000021  c_w.l(libinit2.o)
    0x08000242   0x00000000   Code   RO         2849    .ARM.Collect$$libinit$$00000023  c_w.l(libinit2.o)
    0x08000242   0x00000000   Code   RO         2851    .ARM.Collect$$libinit$$00000025  c_w.l(libinit2.o)
    0x08000242   0x00000000   Code   RO         2855    .ARM.Collect$$libinit$$0000002C  c_w.l(libinit2.o)
    0x08000242   0x00000000   Code   RO         2857    .ARM.Collect$$libinit$$0000002E  c_w.l(libinit2.o)
    0x08000242   0x00000000   Code   RO         2859    .ARM.Collect$$libinit$$00000030  c_w.l(libinit2.o)
    0x08000242   0x00000000   Code   RO         2861    .ARM.Collect$$libinit$$00000032  c_w.l(libinit2.o)
    0x08000242   0x00000002   Code   RO         2862    .ARM.Collect$$libinit$$00000033  c_w.l(libinit2.o)
    0x08000244   0x00000002   Code   RO         2882    .ARM.Collect$$libshutdown$$00000000  c_w.l(libshutdown.o)
    0x08000246   0x00000000   Code   RO         2895    .ARM.Collect$$libshutdown$$00000002  c_w.l(libshutdown2.o)
    0x08000246   0x00000000   Code   RO         2897    .ARM.Collect$$libshutdown$$00000004  c_w.l(libshutdown2.o)
    0x08000246   0x00000000   Code   RO         2900    .ARM.Collect$$libshutdown$$00000007  c_w.l(libshutdown2.o)
    0x08000246   0x00000000   Code   RO         2903    .ARM.Collect$$libshutdown$$0000000A  c_w.l(libshutdown2.o)
    0x08000246   0x00000000   Code   RO         2905    .ARM.Collect$$libshutdown$$0000000C  c_w.l(libshutdown2.o)
    0x08000246   0x00000000   Code   RO         2908    .ARM.Collect$$libshutdown$$0000000F  c_w.l(libshutdown2.o)
    0x08000246   0x00000002   Code   RO         2909    .ARM.Collect$$libshutdown$$00000010  c_w.l(libshutdown2.o)
    0x08000248   0x00000000   Code   RO         2776    .ARM.Collect$$rtentry$$00000000  c_w.l(__rtentry.o)
    0x08000248   0x00000000   Code   RO         2787    .ARM.Collect$$rtentry$$00000002  c_w.l(__rtentry2.o)
    0x08000248   0x00000006   Code   RO         2799    .ARM.Collect$$rtentry$$00000004  c_w.l(__rtentry4.o)
    0x0800024e   0x00000000   Code   RO         2789    .ARM.Collect$$rtentry$$00000009  c_w.l(__rtentry2.o)
    0x0800024e   0x00000004   Code   RO         2790    .ARM.Collect$$rtentry$$0000000A  c_w.l(__rtentry2.o)
    0x08000252   0x00000000   Code   RO         2792    .ARM.Collect$$rtentry$$0000000C  c_w.l(__rtentry2.o)
    0x08000252   0x00000008   Code   RO         2793    .ARM.Collect$$rtentry$$0000000D  c_w.l(__rtentry2.o)
    0x0800025a   0x00000002   Code   RO         2816    .ARM.Collect$$rtexit$$00000000  c_w.l(rtexit.o)
    0x0800025c   0x00000000   Code   RO         2864    .ARM.Collect$$rtexit$$00000002  c_w.l(rtexit2.o)
    0x0800025c   0x00000004   Code   RO         2865    .ARM.Collect$$rtexit$$00000003  c_w.l(rtexit2.o)
    0x08000260   0x00000006   Code   RO         2866    .ARM.Collect$$rtexit$$00000004  c_w.l(rtexit2.o)
    0x08000266   0x00000002   PAD
    0x08000268   0x00000048   Code   RO          945    .text               startup_stm32f30x.o
    0x080002b0   0x0000004e   Code   RO         2758    .text               c_w.l(rt_memclr_w.o)
    0x080002fe   0x00000006   Code   RO         2760    .text               c_w.l(heapauxi.o)
    0x08000304   0x0000004a   Code   RO         2803    .text               c_w.l(sys_stackheap_outer.o)
    0x0800034e   0x00000012   Code   RO         2805    .text               c_w.l(exit.o)
    0x08000360   0x00000008   Code   RO         2813    .text               c_w.l(libspace.o)
    0x08000368   0x0000000c   Code   RO         2874    .text               c_w.l(sys_exit.o)
    0x08000374   0x00000002   Code   RO         2885    .text               c_w.l(use_no_semi.o)
    0x08000376   0x00000000   Code   RO         2887    .text               c_w.l(indicate_semi.o)
    0x08000376   0x00000052   Code   RO          440    i.BubbleSortINT32   app_crc.o
    0x080003c8   0x0000003c   Code   RO         1340    i.DMA1_Channel2_IRQHandler  firmware_wm_00_hal.lib(hal_uart.o)
    0x08000404   0x0000003c   Code   RO         1341    i.DMA1_Channel3_IRQHandler  firmware_wm_00_hal.lib(hal_uart.o)
    0x08000440   0x0000003c   Code   RO         1342    i.DMA1_Channel4_IRQHandler  firmware_wm_00_hal.lib(hal_uart.o)
    0x0800047c   0x0000003c   Code   RO         1343    i.DMA1_Channel5_IRQHandler  firmware_wm_00_hal.lib(hal_uart.o)
    0x080004b8   0x0000003c   Code   RO         1344    i.DMA1_Channel6_IRQHandler  firmware_wm_00_hal.lib(hal_uart.o)
    0x080004f4   0x0000003c   Code   RO         1345    i.DMA1_Channel7_IRQHandler  firmware_wm_00_hal.lib(hal_uart.o)
    0x08000530   0x0000004c   Code   RO          466    i.STM32CheckPassWord  app_password.o
    0x0800057c   0x00000028   Code   RO          467    i.STM32MCUIDGet     app_password.o
    0x080005a4   0x00000014   Code   RO         1255    i.TIM6_DAC_IRQHandler  firmware_wm_00_hal.lib(hal_timer.o)
    0x080005b8   0x00000190   Code   RO         1346    i.USART1_IRQHandler  firmware_wm_00_hal.lib(hal_uart.o)
    0x08000748   0x00000188   Code   RO         1347    i.USART2_IRQHandler  firmware_wm_00_hal.lib(hal_uart.o)
    0x080008d0   0x00000174   Code   RO         1348    i.USART3_IRQHandler  firmware_wm_00_hal.lib(hal_uart.o)
    0x08000a44   0x00000028   Code   RO          190    i.app_LED_RUN       app_led_ctrl.o
    0x08000a6c   0x0000019c   Code   RO          906    i.app_MotorContrl   app_motor_ctrl.o
    0x08000c08   0x000001d4   Code   RO          907    i.app_MotorContrl_Init  app_motor_ctrl.o
    0x08000ddc   0x0000000c   Code   RO          908    i.app_SetMotorContrlMode  app_motor_ctrl.o
    0x08000de8   0x00000048   Code   RO          909    i.app_gjf_handle    app_motor_ctrl.o
    0x08000e30   0x0000002c   Code   RO          163    i.app_main_init     app_main_task.o
    0x08000e5c   0x00000050   Code   RO          164    i.app_main_task     app_main_task.o
    0x08000eac   0x000000bc   Code   RO          540    i.backReturnBSetContrl_Handle  app_t5l_ctrl.o
    0x08000f68   0x00000048   Code   RO          441    i.cal_crc16         app_crc.o
    0x08000fb0   0x00000228   Code   RO          541    i.chanelChangedTrigerDeal  app_t5l_ctrl.o
    0x080011d8   0x000000c0   Code   RO          542    i.clearLocalCalibrationKAndBAndSample  app_t5l_ctrl.o
    0x08001298   0x00000080   Code   RO          543    i.clearLocalCalibrationRecordData  app_t5l_ctrl.o
    0x08001318   0x00000010   Code   RO         1574    i.drv_debug_apb1_stop  STM32F303DriverLib.lib(drv_dbgmcu.o)
    0x08001328   0x00000010   Code   RO         1576    i.drv_debug_apb2_stop  STM32F303DriverLib.lib(drv_dbgmcu.o)
    0x08001338   0x0000004c   Code   RO          951    i.drv_delay_init    STM32F303DriverLib.lib(drv_delay.o)
    0x08001384   0x00000044   Code   RO          952    i.drv_delay_ms      STM32F303DriverLib.lib(drv_delay.o)
    0x080013c8   0x00000044   Code   RO          953    i.drv_delay_us      STM32F303DriverLib.lib(drv_delay.o)
    0x0800140c   0x0000000c   Code   RO         1609    i.drv_dma_set_mem_addr_length  STM32F303DriverLib.lib(drv_dma.o)
    0x08001418   0x00000028   Code   RO         1610    i.drv_dma_stream_clear_flag_status  STM32F303DriverLib.lib(drv_dma.o)
    0x08001440   0x0000001c   Code   RO         1611    i.drv_dma_stream_clear_it_pending_bit  STM32F303DriverLib.lib(drv_dma.o)
    0x0800145c   0x00000104   Code   RO         1612    i.drv_dma_stream_deinit  STM32F303DriverLib.lib(drv_dma.o)
    0x08001560   0x0000000a   Code   RO         1613    i.drv_dma_stream_disable  STM32F303DriverLib.lib(drv_dma.o)
    0x0800156a   0x0000000c   Code   RO         1614    i.drv_dma_stream_enable  STM32F303DriverLib.lib(drv_dma.o)
    0x08001576   0x00000002   PAD
    0x08001578   0x00000064   Code   RO         1617    i.drv_dma_stream_get_it_status  STM32F303DriverLib.lib(drv_dma.o)
    0x080015dc   0x0000000e   Code   RO         1618    i.drv_dma_stream_get_left_length  STM32F303DriverLib.lib(drv_dma.o)
    0x080015ea   0x0000006c   Code   RO         1619    i.drv_dma_stream_init  STM32F303DriverLib.lib(drv_dma.o)
    0x08001656   0x00000008   Code   RO         1621    i.drv_dma_stream_it_enable  STM32F303DriverLib.lib(drv_dma.o)
    0x0800165e   0x00000034   Code   RO         1622    i.drv_dma_stream_start_mem_to_periph  STM32F303DriverLib.lib(drv_dma.o)
    0x08001692   0x00000034   Code   RO         1623    i.drv_dma_stream_start_periph_to_mem  STM32F303DriverLib.lib(drv_dma.o)
    0x080016c6   0x00000002   PAD
    0x080016c8   0x00000048   Code   RO         1006    i.drv_flash_erase_sector  STM32F303DriverLib.lib(drv_flash.o)
    0x08001710   0x0000002c   Code   RO         1008    i.drv_flash_get_status  STM32F303DriverLib.lib(drv_flash.o)
    0x0800173c   0x00000014   Code   RO         1009    i.drv_flash_lock    STM32F303DriverLib.lib(drv_flash.o)
    0x08001750   0x00000020   Code   RO         1011    i.drv_flash_read_words  STM32F303DriverLib.lib(drv_flash.o)
    0x08001770   0x00000024   Code   RO         1012    i.drv_flash_unlock  STM32F303DriverLib.lib(drv_flash.o)
    0x08001794   0x00000028   Code   RO         1013    i.drv_flash_wait_last_operation  STM32F303DriverLib.lib(drv_flash.o)
    0x080017bc   0x00000080   Code   RO         1017    i.drv_flash_write_words  STM32F303DriverLib.lib(drv_flash.o)
    0x0800183c   0x00000042   Code   RO         1717    i.drv_gpio_alternate_function_connect  STM32F303DriverLib.lib(drv_gpio.o)
    0x0800187e   0x000000dc   Code   RO         1718    i.drv_gpio_alternate_function_init  STM32F303DriverLib.lib(drv_gpio.o)
    0x0800195a   0x00000060   Code   RO         1721    i.drv_gpio_input_init  STM32F303DriverLib.lib(drv_gpio.o)
    0x080019ba   0x000000dc   Code   RO         1722    i.drv_gpio_output_init  STM32F303DriverLib.lib(drv_gpio.o)
    0x08001a96   0x00000008   Code   RO         1455    i.drv_gpio_set_pins_high  firmware_wm_00_hal.lib(hal_uart.o)
    0x08001a9e   0x00000002   PAD
    0x08001aa0   0x00000024   Code   RO         1097    i.drv_iwdg_init     STM32F303DriverLib.lib(drv_iwdg.o)
    0x08001ac4   0x00000016   Code   RO         1767    i.drv_nvic_enable   STM32F303DriverLib.lib(drv_nvic.o)
    0x08001ada   0x00000002   PAD
    0x08001adc   0x00000040   Code   RO         1768    i.drv_nvic_init     STM32F303DriverLib.lib(drv_nvic.o)
    0x08001b1c   0x00000010   Code   RO         1802    i.drv_rcc_ahb1_clk_enable  STM32F303DriverLib.lib(drv_rcc.o)
    0x08001b2c   0x00000010   Code   RO         1806    i.drv_rcc_apb1_clk_enable  STM32F303DriverLib.lib(drv_rcc.o)
    0x08001b3c   0x00000010   Code   RO         1807    i.drv_rcc_apb1_periph_reset_disable  STM32F303DriverLib.lib(drv_rcc.o)
    0x08001b4c   0x00000010   Code   RO         1808    i.drv_rcc_apb1_periph_reset_enable  STM32F303DriverLib.lib(drv_rcc.o)
    0x08001b5c   0x00000010   Code   RO         1810    i.drv_rcc_apb2_clk_enable  STM32F303DriverLib.lib(drv_rcc.o)
    0x08001b6c   0x00000010   Code   RO         1811    i.drv_rcc_apb2_periph_reset_disable  STM32F303DriverLib.lib(drv_rcc.o)
    0x08001b7c   0x00000010   Code   RO         1812    i.drv_rcc_apb2_periph_reset_enable  STM32F303DriverLib.lib(drv_rcc.o)
    0x08001b8c   0x00000104   Code   RO         1813    i.drv_rcc_get_clocks_freq  STM32F303DriverLib.lib(drv_rcc.o)
    0x08001c90   0x000002e0   Code   RO         1814    i.drv_rcc_init      STM32F303DriverLib.lib(drv_rcc.o)
    0x08001f70   0x00000080   Code   RO         1911    i.drv_timer_base_init  STM32F303DriverLib.lib(drv_timer.o)
    0x08001ff0   0x00000008   Code   RO         1935    i.drv_timer_clear_it_pending_bit  STM32F303DriverLib.lib(drv_timer.o)
    0x08001ff8   0x000000fc   Code   RO         1936    i.drv_timer_deinit  STM32F303DriverLib.lib(drv_timer.o)
    0x080020f4   0x0000000c   Code   RO         1938    i.drv_timer_enable  STM32F303DriverLib.lib(drv_timer.o)
    0x08002100   0x00000008   Code   RO         1966    i.drv_timer_it_enable  STM32F303DriverLib.lib(drv_timer.o)
    0x08002108   0x00000004   Code   RO         2599    i.drv_uart_clear_flag_status  STM32F303DriverLib.lib(drv_uart.o)
    0x0800210c   0x00000012   Code   RO         2600    i.drv_uart_clear_it_pending_bit  STM32F303DriverLib.lib(drv_uart.o)
    0x0800211e   0x00000002   PAD
    0x08002120   0x00000090   Code   RO         2601    i.drv_uart_deinit   STM32F303DriverLib.lib(drv_uart.o)
    0x080021b0   0x0000000c   Code   RO         2604    i.drv_uart_dma_rx_enable  STM32F303DriverLib.lib(drv_uart.o)
    0x080021bc   0x0000000c   Code   RO         2606    i.drv_uart_dma_tx_enable  STM32F303DriverLib.lib(drv_uart.o)
    0x080021c8   0x00000010   Code   RO         2611    i.drv_uart_get_flag_status  STM32F303DriverLib.lib(drv_uart.o)
    0x080021d8   0x000000be   Code   RO         2613    i.drv_uart_init     STM32F303DriverLib.lib(drv_uart.o)
    0x08002296   0x00000034   Code   RO         2614    i.drv_uart_it_disable  STM32F303DriverLib.lib(drv_uart.o)
    0x080022ca   0x00000034   Code   RO         2615    i.drv_uart_it_enable  STM32F303DriverLib.lib(drv_uart.o)
    0x080022fe   0x00000020   Code   RO         2616    i.drv_uart_put_bytes  STM32F303DriverLib.lib(drv_uart.o)
    0x0800231e   0x0000000e   Code   RO         1465    i.drv_uart_rx_byte  firmware_wm_00_hal.lib(hal_uart.o)
    0x0800232c   0x0000007c   Code   RO         2620    i.drv_uart_set_baudrate  STM32F303DriverLib.lib(drv_uart.o)
    0x080023a8   0x00000004   Code   RO         1460    i.drv_uart_tx_byte  firmware_wm_00_hal.lib(hal_uart.o)
    0x080023ac   0x00000260   Code   RO          545    i.enterRealTimeSet_Handle  app_t5l_ctrl.o
    0x0800260c   0x00000090   Code   RO          546    i.enterTuanCaiContrl_Handle  app_t5l_ctrl.o
    0x0800269c   0x0000001c   Code   RO          203    i.getChanelStruct   app_hx711_ctrl.o
    0x080026b8   0x00000070   Code   RO          547    i.gjfContrl_Handle  app_t5l_ctrl.o
    0x08002728   0x00000018   Code   RO         1116    i.hal_clock_init    firmware_wm_00_hal.lib(hal_clock.o)
    0x08002740   0x00000008   Code   RO         1147    i.hal_delay_init    firmware_wm_00_hal.lib(hal_delay.o)
    0x08002748   0x0000000c   Code   RO          887    i.hal_delay_ms      app_t5l_ctrl.o
    0x08002754   0x0000000c   Code   RO          319    i.hal_delay_us      app_hx711_ctrl.o
    0x08002760   0x0000002c   Code   RO         1169    i.hal_di_get        firmware_wm_00_hal.lib(hal_gpio.o)
    0x0800278c   0x00000070   Code   RO         1170    i.hal_gpio_init     firmware_wm_00_hal.lib(hal_gpio.o)
    0x080027fc   0x00000020   Code   RO         1171    i.hal_gpio_set_do_high  firmware_wm_00_hal.lib(hal_gpio.o)
    0x0800281c   0x00000020   Code   RO         1172    i.hal_gpio_set_do_low  firmware_wm_00_hal.lib(hal_gpio.o)
    0x0800283c   0x00000020   Code   RO         1173    i.hal_gpio_set_do_toggle  firmware_wm_00_hal.lib(hal_gpio.o)
    0x0800285c   0x0000004c   Code   RO         1259    i.hal_timer_init    firmware_wm_00_hal.lib(hal_timer.o)
    0x080028a8   0x00000058   Code   RO         1349    i.hal_uart_dma_rx_start  firmware_wm_00_hal.lib(hal_uart.o)
    0x08002900   0x00000358   Code   RO         1350    i.hal_uart_gpio_init  firmware_wm_00_hal.lib(hal_uart.o)
    0x08002c58   0x00000268   Code   RO         1351    i.hal_uart_port_init  firmware_wm_00_hal.lib(hal_uart.o)
    0x08002ec0   0x0000003c   Code   RO         1352    i.hal_uart_rx_irq_disable  firmware_wm_00_hal.lib(hal_uart.o)
    0x08002efc   0x0000003c   Code   RO         1353    i.hal_uart_rx_irq_enable  firmware_wm_00_hal.lib(hal_uart.o)
    0x08002f38   0x0000002c   Code   RO         1354    i.hal_uart_set_braudrate  firmware_wm_00_hal.lib(hal_uart.o)
    0x08002f64   0x00000024   Code   RO         1449    i.hal_uart_set_rx_mode  firmware_wm_00_hal.lib(hal_uart.o)
    0x08002f88   0x00000002   Code   RO         1355    i.hal_uart_set_timeout  firmware_wm_00_hal.lib(hal_uart.o)
    0x08002f8a   0x00000002   PAD
    0x08002f8c   0x00000020   Code   RO         1470    i.hal_uart_set_tx_mode  firmware_wm_00_hal.lib(hal_uart.o)
    0x08002fac   0x00000108   Code   RO         1356    i.hal_uart_tx_bytes  firmware_wm_00_hal.lib(hal_uart.o)
    0x080030b4   0x000000cc   Code   RO          205    i.hx711_AllChanelSample  app_hx711_ctrl.o
    0x08003180   0x0000002c   Code   RO          206    i.hx711_DataSampleCtrl  app_hx711_ctrl.o
    0x080031ac   0x00000118   Code   RO          207    i.hx711_MainFunction  app_hx711_ctrl.o
    0x080032c4   0x000001e0   Code   RO          210    i.hx711_SenserCheck  app_hx711_ctrl.o
    0x080034a4   0x000000dc   Code   RO          211    i.hx711_SigChanelAvrgAndWeightCalc  app_hx711_ctrl.o
    0x08003580   0x00000020   Code   RO          212    i.hx711_getAvgSample  app_hx711_ctrl.o
    0x080035a0   0x0000009c   Code   RO          213    i.hx711_getWeight   app_hx711_ctrl.o
    0x0800363c   0x00000168   Code   RO          214    i.hx711_init        app_hx711_ctrl.o
    0x080037a4   0x00000038   Code   RO          215    i.hx711_setAllRemoveWeight  app_hx711_ctrl.o
    0x080037dc   0x00000058   Code   RO          549    i.jumpToCalibrationPage  app_t5l_ctrl.o
    0x08003834   0x0000001e   Code   RO          340    i.key_ClearAllEvent  app_key_ctrl.o
    0x08003852   0x00000002   PAD
    0x08003854   0x00000020   Code   RO          341    i.key_EventClear    app_key_ctrl.o
    0x08003874   0x00000020   Code   RO          342    i.key_EventGet      app_key_ctrl.o
    0x08003894   0x00000020   Code   RO          344    i.key_LongPressEventClear  app_key_ctrl.o
    0x080038b4   0x00000020   Code   RO          345    i.key_LongPressEventGet  app_key_ctrl.o
    0x080038d4   0x00000008   Code   RO          346    i.key_MainFunction  app_key_ctrl.o
    0x080038dc   0x00000124   Code   RO          347    i.key_filter        app_key_ctrl.o
    0x08003a00   0x00000058   Code   RO          348    i.key_init          app_key_ctrl.o
    0x08003a58   0x00000048   Code   RO            1    i.main              app_main.o
    0x08003aa0   0x00000054   Code   RO         1507    i.motor_PulseHandle  firmware_wm_00_hal.lib(hal_pd_pulse.o)
    0x08003af4   0x00000016   Code   RO         1509    i.motor_pulse_dir_set  firmware_wm_00_hal.lib(hal_pd_pulse.o)
    0x08003b0a   0x00000002   PAD
    0x08003b0c   0x00000038   Code   RO         1510    i.motor_pulse_en_set  firmware_wm_00_hal.lib(hal_pd_pulse.o)
    0x08003b44   0x00000024   Code   RO         1511    i.motor_pulse_frequency_set  firmware_wm_00_hal.lib(hal_pd_pulse.o)
    0x08003b68   0x000000c8   Code   RO         1512    i.motor_pulse_init  firmware_wm_00_hal.lib(hal_pd_pulse.o)
    0x08003c30   0x00000014   Code   RO         1514    i.motor_pulse_output_set  firmware_wm_00_hal.lib(hal_pd_pulse.o)
    0x08003c44   0x00000024   Code   RO          551    i.pointSampleTrigerDataSet  app_t5l_ctrl.o
    0x08003c68   0x00000044   Code   RO          552    i.pointTrigerDataSet  app_t5l_ctrl.o
    0x08003cac   0x00000148   Code   RO          553    i.pointTrigerDeal   app_t5l_ctrl.o
    0x08003df4   0x00000024   Code   RO          554    i.pointWeightTrigerDataSet  app_t5l_ctrl.o
    0x08003e18   0x0000001c   Code   RO          349    i.pos_EventClear    app_key_ctrl.o
    0x08003e34   0x0000001c   Code   RO          350    i.pos_EventGet      app_key_ctrl.o
    0x08003e50   0x0000001c   Code   RO          351    i.pos_FilterGet     app_key_ctrl.o
    0x08003e6c   0x00000008   Code   RO          352    i.pos_MainFunction  app_key_ctrl.o
    0x08003e74   0x000000e4   Code   RO          353    i.pos_filter        app_key_ctrl.o
    0x08003f58   0x00000054   Code   RO          354    i.pos_init          app_key_ctrl.o
    0x08003fac   0x00000174   Code   RO          491    i.readSysDataFromFlash  app_syspara.o
    0x08004120   0x000002f0   Code   RO          492    i.readSysDataFromFlash_3030  app_syspara.o
    0x08004410   0x00000148   Code   RO          555    i.resetCalibrationTrigerDeal  app_t5l_ctrl.o
    0x08004558   0x00000124   Code   RO          556    i.rtcSet_Handle     app_t5l_ctrl.o
    0x0800467c   0x000000d0   Code   RO          557    i.runContrl_Handle  app_t5l_ctrl.o
    0x0800474c   0x0000003a   Code   RO          217    i.sampleDataPush    app_hx711_ctrl.o
    0x08004786   0x00000002   PAD
    0x08004788   0x00000060   Code   RO          558    i.screenFengMingQi_Handle  app_t5l_ctrl.o
    0x080047e8   0x000000f0   Code   RO          559    i.screenSDWeReadReg  app_t5l_ctrl.o
    0x080048d8   0x00000120   Code   RO          561    i.screenSDWeWriteReg  app_t5l_ctrl.o
    0x080049f8   0x00000148   Code   RO          562    i.screenSDWeWriteVarible  app_t5l_ctrl.o
    0x08004b40   0x00000098   Code   RO          563    i.screenSDWe_CaiJiWanCheng_Handle  app_t5l_ctrl.o
    0x08004bd8   0x00000010   Code   RO          564    i.screenSDWe_CaiJiYuYin_Get  app_t5l_ctrl.o
    0x08004be8   0x00000288   Code   RO          565    i.screenSDWe_CaiJiYuYin_Handle  app_t5l_ctrl.o
    0x08004e70   0x00000010   Code   RO          566    i.screenSDWe_CaiJiYuYin_Set  app_t5l_ctrl.o
    0x08004e80   0x00000194   Code   RO          567    i.screenSDWe_CycleDataSend  app_t5l_ctrl.o
    0x08005014   0x0000001e   Code   RO          568    i.screenSDWe_JumpToPage  app_t5l_ctrl.o
    0x08005032   0x00000002   PAD
    0x08005034   0x0000012c   Code   RO          569    i.screenSDWe_LiuSuCaculate  app_t5l_ctrl.o
    0x08005160   0x00000048   Code   RO          570    i.screenSDWe_LiuSuErrorCaculate  app_t5l_ctrl.o
    0x080051a8   0x000000a0   Code   RO          571    i.screenSDWe_RTCTimeCaculate  app_t5l_ctrl.o
    0x08005248   0x00000184   Code   RO          572    i.screenSDWe_RxFunction  app_t5l_ctrl.o
    0x080053cc   0x000000b0   Code   RO          573    i.screenSDWe_SampleTimeCaculate  app_t5l_ctrl.o
    0x0800547c   0x00000070   Code   RO          574    i.screenSDWe_SubFunctionTest  app_t5l_ctrl.o
    0x080054ec   0x000000f4   Code   RO          575    i.screenSDWe_TakeDownCheck  app_t5l_ctrl.o
    0x080055e0   0x000000f8   Code   RO          576    i.screenSDWe_TuanCaiHandle  app_t5l_ctrl.o
    0x080056d8   0x000003a4   Code   RO          577    i.screenSDWe_TxFunction  app_t5l_ctrl.o
    0x08005a7c   0x00000304   Code   RO          578    i.screenSendDataToSDWE  app_t5l_ctrl.o
    0x08005d80   0x000000a8   Code   RO          579    i.screenT5L_Init    app_t5l_ctrl.o
    0x08005e28   0x00000088   Code   RO          580    i.screenVoicePrintf_Handle  app_t5l_ctrl.o
    0x08005eb0   0x0000006c   Code   RO          581    i.screenVoice_Handle  app_t5l_ctrl.o
    0x08005f1c   0x00000118   Code   RO          582    i.sdweAskRegData    app_t5l_ctrl.o
    0x08006034   0x00000958   Code   RO          583    i.sdweAskVaribleData  app_t5l_ctrl.o
    0x0800698c   0x00000028   Code   RO          219    i.setSampleWeightValue  app_hx711_ctrl.o
    0x080069b4   0x00000060   Code   RO          586    i.sreenSDWe_MainFunction  app_t5l_ctrl.o
    0x08006a14   0x00000124   Code   RO          587    i.sreenT5L_BootAnimation  app_t5l_ctrl.o
    0x08006b38   0x00000154   Code   RO          493    i.storeSysDataToFlash  app_syspara.o
    0x08006c8c   0x000003a8   Code   RO          494    i.storeSysDataToFlash_3030  app_syspara.o
    0x08007034   0x00000028   Code   RO            2    i.system_init       app_main.o
    0x0800705c   0x00000104   Code   RO          593    i.t5lWriteVarible   app_t5l_ctrl.o
    0x08007160   0x00000200   Code   RO          220    i.trigerCalcKB      app_hx711_ctrl.o
    0x08007360   0x00000062   Code   RO         2764    x$fpl$d2f           fz_wm.l(d2f.o)
    0x080073c2   0x00000018   Code   RO         2801    x$fpl$dcmpinf       fz_wm.l(dcmpi.o)
    0x080073da   0x0000002e   Code   RO         2767    x$fpl$dflt          fz_wm.l(dflt_clz.o)
    0x08007408   0x00000026   Code   RO         2766    x$fpl$dfltu         fz_wm.l(dflt_clz.o)
    0x0800742e   0x00000002   PAD
    0x08007430   0x00000078   Code   RO         2777    x$fpl$dleqf         fz_wm.l(dleqf.o)
    0x080074a8   0x00000154   Code   RO         2772    x$fpl$dmul          fz_wm.l(dmul.o)
    0x080075fc   0x0000009c   Code   RO         2779    x$fpl$dnaninf       fz_wm.l(dnaninf.o)
    0x08007698   0x0000000c   Code   RO         2781    x$fpl$dretinf       fz_wm.l(dretinf.o)
    0x080076a4   0x0000006c   Code   RO         2774    x$fpl$drleqf        fz_wm.l(drleqf.o)
    0x08007710   0x0000000a   Code   RO         2872    x$fpl$fpinit        fz_wm.l(fpinit.o)
    0x0800771a   0x0000000a   Code   RO         2783    x$fpl$fretinf       fz_wm.l(fretinf.o)
    0x08007724   0x00000000   Code   RO         2785    x$fpl$usenofp       fz_wm.l(usenofp.o)
    0x08007724   0x00000028   Data   RO          222    .constdata          app_hx711_ctrl.o
    0x0800774c   0x00000200   Data   RO          442    .constdata          app_crc.o
    0x0800794c   0x0000005c   Data   RO         1174    .constdata          firmware_wm_00_hal.lib(hal_gpio.o)
    0x080079a8   0x000000a8   Data   RO         1357    .constdata          firmware_wm_00_hal.lib(hal_uart.o)
    0x08007a50   0x00000020   Data   RO         2940    Region$$Table       anon$$obj.o


    Execution Region RW_IRAM1 (Base: 0x20000000, Size: 0x00002280, Max: 0x0000c000, ABSOLUTE, COMPRESSED[0x0000012c])

    Base Addr    Size         Type   Attr      Idx    E Section Name        Object

    0x20000000   0x00000005   Data   RW          165    .data               app_main_task.o
    0x20000005   0x00000003   PAD
    0x20000008   0x00000004   Data   RW          191    .data               app_led_ctrl.o
    0x2000000c   0x00000013   Data   RW          223    .data               app_hx711_ctrl.o
    0x2000001f   0x00000001   PAD
    0x20000020   0x00000034   Data   RW          469    .data               app_password.o
    0x20000054   0x000000b8   Data   RW          496    .data               app_syspara.o
    0x2000010c   0x000003b0   Data   RW          596    .data               app_t5l_ctrl.o
    0x200004bc   0x0000005e   Data   RW          910    .data               app_motor_ctrl.o
    0x2000051a   0x00000004   Data   RW          954    .data               STM32F303DriverLib.lib(drv_delay.o)
    0x2000051e   0x00000002   PAD
    0x20000520   0x0000003c   Data   RW         1175    .data               firmware_wm_00_hal.lib(hal_gpio.o)
    0x2000055c   0x00000108   Data   RW         1358    .data               firmware_wm_00_hal.lib(hal_uart.o)
    0x20000664   0x00000004   Data   RW         1515    .data               firmware_wm_00_hal.lib(hal_pd_pulse.o)
    0x20000668   0x0000001c   Data   RW         1816    .data               STM32F303DriverLib.lib(drv_rcc.o)
    0x20000684   0x000000ec   Zero   RW          221    .bss                app_hx711_ctrl.o
    0x20000770   0x00000062   Zero   RW          355    .bss                app_key_ctrl.o
    0x200007d2   0x00000002   PAD
    0x200007d4   0x0000000c   Zero   RW          468    .bss                app_password.o
    0x200007e0   0x00000164   Zero   RW          495    .bss                app_syspara.o
    0x20000944   0x000000b2   Zero   RW          594    .bss                app_t5l_ctrl.o
    0x200009f6   0x00000002   PAD
    0x200009f8   0x00000024   Zero   RW         1815    .bss                STM32F303DriverLib.lib(drv_rcc.o)
    0x20000a1c   0x00000060   Zero   RW         2814    .bss                c_w.l(libspace.o)
    0x20000a7c   0x00000004   PAD
    0x20000a80   0x00000c00   Zero   RW          943    HEAP                startup_stm32f30x.o
    0x20001680   0x00000c00   Zero   RW          942    STACK               startup_stm32f30x.o


==============================================================================

Image component sizes


      Code (inc. data)   RO Data    RW Data    ZI Data      Debug   Object Name

       154         10        512          0          0       2148   app_crc.o
      2482        158         40         19        236      13837   app_hx711_ctrl.o
       950         54          0          0         98       8468   app_key_ctrl.o
        40          6          0          4          0        574   app_led_ctrl.o
       112         10          0          0          0      38785   app_main.o
       124         20          0          5          0       1764   app_main_task.o
       964         62          0         94          0       4218   app_motor_ctrl.o
       116         24          0         52         12       2494   app_password.o
      2400         60          0        184        356      11031   app_syspara.o
     12674        560          0        944        178      50588   app_t5l_ctrl.o
        72         28        392          0       6144        900   startup_stm32f30x.o

    ----------------------------------------------------------------------
     20094        992        976       1306       7028     134807   Object Totals
         0          0         32          0          0          0   (incl. Generated)
         6          0          0          4          4          0   (incl. Padding)

    ----------------------------------------------------------------------

      Code (inc. data)   RO Data    RW Data    ZI Data      Debug   Library Member Name

        32          8          0          0          0       1052   drv_dbgmcu.o
       212         24          0          4          0       3903   drv_delay.o
       696         38          0          0          0      16063   drv_dma.o
       372         34          0          0          0       5583   drv_flash.o
       602          0          0          0          0      14317   drv_gpio.o
        36          4          0          0          0        520   drv_iwdg.o
        86          8          0          0          0       1230   drv_nvic.o
      1108         92          0         28         36      12653   drv_rcc.o
       408         60          0          0          0      13269   drv_timer.o
       656         28          0          0          0      13372   drv_uart.o
        90          0          0          0          0          0   __dczerorl2.o
         8          0          0          0          0         68   __main.o
         0          0          0          0          0          0   __rtentry.o
        12          0          0          0          0          0   __rtentry2.o
         6          0          0          0          0          0   __rtentry4.o
        52          8          0          0          0          0   __scatter.o
        28          0          0          0          0          0   __scatter_zi.o
        18          0          0          0          0         80   exit.o
         6          0          0          0          0        152   heapauxi.o
         0          0          0          0          0          0   indicate_semi.o
         2          0          0          0          0          0   libinit.o
         6          0          0          0          0          0   libinit2.o
         2          0          0          0          0          0   libshutdown.o
         2          0          0          0          0          0   libshutdown2.o
         8          4          0          0         96         68   libspace.o
        78          0          0          0          0         80   rt_memclr_w.o
         2          0          0          0          0          0   rtexit.o
        10          0          0          0          0          0   rtexit2.o
        12          4          0          0          0         68   sys_exit.o
        74          0          0          0          0         80   sys_stackheap_outer.o
         2          0          0          0          0         68   use_no_semi.o
        24          0          0          0          0       2609   hal_clock.o
         8          0          0          0          0        477   hal_delay.o
       252         64         92         60          0      18346   hal_gpio.o
       418         42          0          4          0       4342   hal_pd_pulse.o
        96         14          0          0          0      13247   hal_timer.o
      3608        382        168        264          0      30433   hal_uart.o
        98          4          0          0          0        140   d2f.o
        24          0          0          0          0        116   dcmpi.o
        84          0          0          0          0        232   dflt_clz.o
       120          4          0          0          0        140   dleqf.o
       340         12          0          0          0        152   dmul.o
       156          4          0          0          0        140   dnaninf.o
        12          0          0          0          0        116   dretinf.o
       108          0          0          0          0        128   drleqf.o
        10          0          0          0          0        116   fpinit.o
        10          0          0          0          0        116   fretinf.o
         0          0          0          0          0          0   usenofp.o

    ----------------------------------------------------------------------
     10014        838        260        362        136     153476   Library Totals
        20          0          0          2          4          0   (incl. Padding)

    ----------------------------------------------------------------------

      Code (inc. data)   RO Data    RW Data    ZI Data      Debug   Library Name

      4208        296          0         32         36      81962   STM32F303DriverLib.lib
       418         16          0          0         96        664   c_w.l
      4406        502        260        328          0      69454   firmware_wm_00_hal.lib
       962         24          0          0          0       1396   fz_wm.l

    ----------------------------------------------------------------------
     10014        838        260        362        136     153476   Library Totals

    ----------------------------------------------------------------------

==============================================================================


      Code (inc. data)   RO Data    RW Data    ZI Data      Debug   

     30108       1830       1236       1668       7164     269775   Grand Totals
     30108       1830       1236        300       7164     269775   ELF Image Totals (compressed)
     30108       1830       1236        300          0          0   ROM Totals

==============================================================================

    Total RO  Size (Code + RO Data)                31344 (  30.61kB)
    Total RW  Size (RW Data + ZI Data)              8832 (   8.63kB)
    Total ROM Size (Code + RO Data + RW Data)      31644 (  30.90kB)

==============================================================================

