Component: ARM Compiler 5.06 (build 20) Tool: armlink [4d35a3]

==============================================================================

Section Cross References

    app_main.o(i.main) refers to app_main.o(i.system_init) for system_init
    app_main.o(i.main) refers to app_key_ctrl.o(i.key_init) for key_init
    app_main.o(i.main) refers to app_key_ctrl.o(i.pos_init) for pos_init
    app_main.o(i.main) refers to app_hx711_ctrl.o(i.hx711_init) for hx711_init
    app_main.o(i.main) refers to app_t5l_ctrl.o(i.screenT5L_Init) for screenT5L_Init
    app_main.o(i.main) refers to app_syspara.o(i.readSysDataFromFlash) for readSysDataFromFlash
    app_main.o(i.main) refers to app_syspara.o(i.readSysDataFromFlash_3030) for readSysDataFromFlash_3030
    app_main.o(i.main) refers to app_password.o(i.STM32MCUIDGet) for STM32MCUIDGet
    app_main.o(i.main) refers to app_password.o(i.STM32CheckPassWord) for STM32CheckPassWord
    app_main.o(i.main) refers to hal_pd_pulse.o(i.motor_pulse_init) for motor_pulse_init
    app_main.o(i.main) refers to app_motor_ctrl.o(i.app_MotorContrl_Init) for app_MotorContrl_Init
    app_main.o(i.main) refers to app_motor_ctrl.o(i.app_gjf_handle) for app_gjf_handle
    app_main.o(i.main) refers to app_password.o(.bss) for STM32McuId
    app_main.o(i.main) refers to app_password.o(.data) for g_passWordStore
    app_main.o(i.system_init) refers to hal_clock.o(i.hal_clock_init) for hal_clock_init
    app_main.o(i.system_init) refers to hal_delay.o(i.hal_delay_init) for hal_delay_init
    app_main.o(i.system_init) refers to hal_gpio.o(i.hal_gpio_init) for hal_gpio_init
    app_main.o(i.system_init) refers to hal_timer.o(i.hal_timer_init) for hal_timer_init
    app_main.o(i.system_init) refers to drv_iwdg.o(i.drv_iwdg_init) for drv_iwdg_init
    app_main_task.o(i.app_main_init) refers to app_hx711_ctrl.o(i.hx711_setAllRemoveWeight) for hx711_setAllRemoveWeight
    app_main_task.o(i.app_main_init) refers to app_main_task.o(.data) for removeWeight
    app_main_task.o(i.app_main_task) refers to app_led_ctrl.o(i.app_LED_RUN) for app_LED_RUN
    app_main_task.o(i.app_main_task) refers to app_main_task.o(i.app_main_init) for app_main_init
    app_main_task.o(i.app_main_task) refers to app_key_ctrl.o(i.key_MainFunction) for key_MainFunction
    app_main_task.o(i.app_main_task) refers to app_key_ctrl.o(i.pos_MainFunction) for pos_MainFunction
    app_main_task.o(i.app_main_task) refers to app_hx711_ctrl.o(i.hx711_SenserCheck) for hx711_SenserCheck
    app_main_task.o(i.app_main_task) refers to app_hx711_ctrl.o(i.hx711_MainFunction) for hx711_MainFunction
    app_main_task.o(i.app_main_task) refers to app_t5l_ctrl.o(i.sreenSDWe_MainFunction) for sreenSDWe_MainFunction
    app_main_task.o(i.app_main_task) refers to app_motor_ctrl.o(i.app_MotorContrl) for app_MotorContrl
    app_main_task.o(i.app_main_task) refers to app_main_task.o(.data) for g_sys_ms_tick
    app_led_ctrl.o(i.app_LED_RUN) refers to hal_gpio.o(i.hal_gpio_set_do_toggle) for hal_gpio_set_do_toggle
    app_led_ctrl.o(i.app_LED_RUN) refers to app_led_ctrl.o(.data) for ledRunTick
    app_hx711_ctrl.o(i.getChanelStruct) refers to app_hx711_ctrl.o(.bss) for HX711Chanel
    app_hx711_ctrl.o(i.getSampleWeightValue) refers to app_hx711_ctrl.o(.bss) for HX711Chanel
    app_hx711_ctrl.o(i.hx711_AllChanelSample) refers to hal_gpio.o(i.hal_gpio_set_do_low) for hal_gpio_set_do_low
    app_hx711_ctrl.o(i.hx711_AllChanelSample) refers to drv_delay.o(i.drv_delay_us) for drv_delay_us
    app_hx711_ctrl.o(i.hx711_AllChanelSample) refers to hal_gpio.o(i.hal_gpio_set_do_high) for hal_gpio_set_do_high
    app_hx711_ctrl.o(i.hx711_AllChanelSample) refers to hal_gpio.o(i.hal_di_get) for hal_di_get
    app_hx711_ctrl.o(i.hx711_AllChanelSample) refers to app_hx711_ctrl.o(i.sampleDataPush) for sampleDataPush
    app_hx711_ctrl.o(i.hx711_AllChanelSample) refers to app_hx711_ctrl.o(.bss) for HX711Chanel
    app_hx711_ctrl.o(i.hx711_DataSampleCtrl) refers to app_hx711_ctrl.o(i.hx711_AllChanelSample) for hx711_AllChanelSample
    app_hx711_ctrl.o(i.hx711_DataSampleCtrl) refers to app_hx711_ctrl.o(i.hx711_SigChanelAvrgAndWeightCalc) for hx711_SigChanelAvrgAndWeightCalc
    app_hx711_ctrl.o(i.hx711_DataSampleCtrl) refers to app_hx711_ctrl.o(.bss) for HX711Chanel
    app_hx711_ctrl.o(i.hx711_MainFunction) refers to hal_gpio.o(i.hal_gpio_set_do_high) for hal_gpio_set_do_high
    app_hx711_ctrl.o(i.hx711_MainFunction) refers to hal_gpio.o(i.hal_gpio_set_do_low) for hal_gpio_set_do_low
    app_hx711_ctrl.o(i.hx711_MainFunction) refers to hal_gpio.o(i.hal_di_get) for hal_di_get
    app_hx711_ctrl.o(i.hx711_MainFunction) refers to app_hx711_ctrl.o(i.hx711_DataSampleCtrl) for hx711_DataSampleCtrl
    app_hx711_ctrl.o(i.hx711_MainFunction) refers to app_hx711_ctrl.o(.data) for status
    app_hx711_ctrl.o(i.hx711_PowerOff) refers to hal_gpio.o(i.hal_gpio_set_do_high) for hal_gpio_set_do_high
[...]
    status                                   0x2000001a   Data           1  app_hx711_ctrl.o(.data)
    l_max_wait_time                          0x2000001c   Data           2  app_hx711_ctrl.o(.data)
    u8H711LowLevelWait                       0x2000001e   Data           1  app_hx711_ctrl.o(.data)
    .data                                    0x20000020   Section       52  app_password.o(.data)
    .data                                    0x20000054   Section      212  app_syspara.o(.data)
    storeTick                                0x20000124   Data           2  app_syspara.o(.data)
    storeTick                                0x20000126   Data           2  app_syspara.o(.data)
    .data                                    0x20000128   Section     1005  app_t5l_ctrl.o(.data)
    inerStatus                               0x20000479   Data           1  app_t5l_ctrl.o(.data)
    localChanel                              0x2000047a   Data           1  app_t5l_ctrl.o(.data)
    add                                      0x2000047b   Data           1  app_t5l_ctrl.o(.data)
    add                                      0x2000047c   Data           1  app_t5l_ctrl.o(.data)
    inerStatus                               0x2000047d   Data           1  app_t5l_ctrl.o(.data)
    localChanel                              0x2000047e   Data           1  app_t5l_ctrl.o(.data)
    inerStatus                               0x2000047f   Data           1  app_t5l_ctrl.o(.data)
    localChanel                              0x20000480   Data           1  app_t5l_ctrl.o(.data)
    regData                                  0x20000481   Data           5  app_t5l_ctrl.o(.data)
    status                                   0x20000486   Data           1  app_t5l_ctrl.o(.data)
    sampleCompletVoiceCyclePrintfTick        0x20000488   Data           4  app_t5l_ctrl.o(.data)
    sampleCompletVoiceCyclePrintfCnt         0x2000048c   Data           4  app_t5l_ctrl.o(.data)
    liusu_Ticks                              0x20000490   Data           4  app_t5l_ctrl.o(.data)
    liusu_Ticks_Offset                       0x20000494   Data           4  app_t5l_ctrl.o(.data)
    liusuErrHandle                           0x20000498   Data           4  app_t5l_ctrl.o(.data)
    liusuToggleFlag                          0x2000049c   Data           1  app_t5l_ctrl.o(.data)
    u32_SampleTotalTimes                     0x200004a0   Data           4  app_t5l_ctrl.o(.data)
    f_MiddleWeightCaculateLiuSu              0x200004a4   Data           8  app_t5l_ctrl.o(.data)
    u16_MiddleWeightCaculateSts              0x200004ac   Data           2  app_t5l_ctrl.o(.data)
    u16_MiddleWeightNextJudgeVlu             0x200004ae   Data           2  app_t5l_ctrl.o(.data)
    u16_MiddleWeightIndex                    0x200004b0   Data           2  app_t5l_ctrl.o(.data)
    u32_MiddleWeightAvgCaculateTick          0x200004b4   Data           4  app_t5l_ctrl.o(.data)
    takeDownOccureDelay                      0x200004b8   Data           2  app_t5l_ctrl.o(.data)
    takeDownOccureDelayCheck                 0x200004ba   Data           2  app_t5l_ctrl.o(.data)
    takeDownOccureEvent                      0x200004bc   Data           2  app_t5l_ctrl.o(.data)
    takeDownOccureMotorCtl                   0x200004be   Data           2  app_t5l_ctrl.o(.data)
    putBackOccureDelay                       0x200004c0   Data           2  app_t5l_ctrl.o(.data)
    putBackOccureDelayCheck                  0x200004c2   Data           2  app_t5l_ctrl.o(.data)
    putBackOccureEvent                       0x200004c4   Data           2  app_t5l_ctrl.o(.data)
    putBackOccureMotorCtl                    0x200004c6   Data           2  app_t5l_ctrl.o(.data)
    MotorAutoStopTriger                      0x200004c8   Data           1  app_t5l_ctrl.o(.data)
    MotorAutoRunTriger                       0x200004c9   Data           1  app_t5l_ctrl.o(.data)
    run_start_cnt                            0x200004cc   Data           4  app_t5l_ctrl.o(.data)
    run_stop_cnt                             0x200004d0   Data           4  app_t5l_ctrl.o(.data)
    motor_cycle_run_status                   0x200004d4   Data           4  app_t5l_ctrl.o(.data)
    needSend                                 0x200004d8   Data           2  app_t5l_ctrl.o(.data)
    dataNoChangeSend                         0x200004da   Data           2  app_t5l_ctrl.o(.data)
    weight                                   0x200004dc   Data           4  app_t5l_ctrl.o(.data)
    weight_pre                               0x200004e0   Data           4  app_t5l_ctrl.o(.data)
    cycleSendPreTick                         0x200004e4   Data           4  app_t5l_ctrl.o(.data)
    status                                   0x200004e8   Data           1  app_t5l_ctrl.o(.data)
    status                                   0x200004e9   Data           1  app_t5l_ctrl.o(.data)
    status                                   0x200004ea   Data           1  app_t5l_ctrl.o(.data)
    status                                   0x200004eb   Data           1  app_t5l_ctrl.o(.data)
    status                                   0x200004ec   Data           1  app_t5l_ctrl.o(.data)
    status                                   0x200004ed   Data           1  app_t5l_ctrl.o(.data)
    status                                   0x200004ee   Data           1  app_t5l_ctrl.o(.data)
    status                                   0x200004ef   Data           1  app_t5l_ctrl.o(.data)
    status                                   0x200004f0   Data           1  app_t5l_ctrl.o(.data)
    status                                   0x200004f1   Data           1  app_t5l_ctrl.o(.data)
    bootAnimationPage                        0x200004f2   Data           2  app_t5l_ctrl.o(.data)
    offset                                   0x200004f4   Data           2  app_t5l_ctrl.o(.data)
    trigger                                  0x200004f6   Data           2  app_t5l_ctrl.o(.data)
    status                                   0x200004f8   Data           1  app_t5l_ctrl.o(.data)
    maxWaitTime                              0x200004fc   Data           4  app_t5l_ctrl.o(.data)
    s_u16_TriggerStopRock                    0x20000500   Data           1  app_t5l_ctrl.o(.data)
    testVoiceEn                              0x20000501   Data           1  app_t5l_ctrl.o(.data)
    testVoiceVlu                             0x20000502   Data           1  app_t5l_ctrl.o(.data)
    testFengMingQiEn                         0x20000504   Data           2  app_t5l_ctrl.o(.data)
    testFengMingQiVlu                        0x20000506   Data           2  app_t5l_ctrl.o(.data)
    testVoicePrintfEn                        0x20000508   Data           2  app_t5l_ctrl.o(.data)
    testVoicePrintfVlu                       0x2000050a   Data           2  app_t5l_ctrl.o(.data)
    bobaoOffset_ticks                        0x2000050c   Data           2  app_t5l_ctrl.o(.data)
    needComeBackHandle                       0x2000050e   Data           1  app_t5l_ctrl.o(.data)
    bobaoOffset                              0x20000510   Data           2  app_t5l_ctrl.o(.data)
    beefOffset                               0x20000512   Data           2  app_t5l_ctrl.o(.data)
    index                                    0x20000514   Data           1  app_t5l_ctrl.o(.data)
    .data                                    0x20000518   Section       94  app_motor_ctrl.o(.data)
    middleAppearDelay                        0x20000570   Data           1  app_motor_ctrl.o(.data)
    stopMiddleAtStart                        0x20000572   Data           2  app_motor_ctrl.o(.data)
    stopMiddleAtStartCnt                     0x20000574   Data           2  app_motor_ctrl.o(.data)
    .data                                    0x20000576   Section        4  drv_delay.o(.data)
    g_DelayUsFac                             0x20000576   Data           2  drv_delay.o(.data)
    g_DelayMsFac                             0x20000578   Data           2  drv_delay.o(.data)
    .data                                    0x2000057c   Section       60  hal_gpio.o(.data)
    .data                                    0x200005b8   Section      264  hal_uart.o(.data)
    .data                                    0x200006c0   Section        4  hal_pd_pulse.o(.data)
    en_pre                                   0x200006c0   Data           1  hal_pd_pulse.o(.data)
    dir_pre                                  0x200006c1   Data           1  hal_pd_pulse.o(.data)
    fre_pre                                  0x200006c2   Data           2  hal_pd_pulse.o(.data)
    .data                                    0x200006c4   Section       28  drv_rcc.o(.data)
    l_AhbPrescTable                          0x200006c4   Data          16  drv_rcc.o(.data)
    l_ApbPrescTable                          0x200006d4   Data           8  drv_rcc.o(.data)
    .bss                                     0x200006e0   Section      236  app_hx711_ctrl.o(.bss)
    .bss                                     0x200007cc   Section       98  app_key_ctrl.o(.bss)
    .bss                                     0x20000830   Section       12  app_password.o(.bss)
    .bss                                     0x2000083c   Section      384  app_syspara.o(.bss)
    .bss                                     0x200009bc   Section      228  app_t5l_ctrl.o(.bss)
    g_t5l_triger_data                        0x200009bc   Data         160  app_t5l_ctrl.o(.bss)
    u32_JudgedTickArray                      0x20000a70   Data          24  app_t5l_ctrl.o(.bss)
    f_MiddleWeight                           0x20000a88   Data          24  app_t5l_ctrl.o(.bss)
    .bss                                     0x20000aa0   Section       36  drv_rcc.o(.bss)
    .bss                                     0x20000ac4   Section       96  libspace.o(.bss)
    HEAP                                     0x20000b28   Section     3072  startup_stm32f30x.o(HEAP)
    Heap_Mem                                 0x20000b28   Data        3072  startup_stm32f30x.o(HEAP)
    STACK                                    0x20001728   Section     3072  startup_stm32f30x.o(STACK)
    Stack_Mem                                0x20001728   Data        3072  startup_stm32f30x.o(STACK)
    __initial_sp                             0x20002328   Data           0  startup_stm32f30x.o(STACK)

    Global Symbols

    Symbol Name                              Value     Ov Type        Size  Object(Section)

    BuildAttributes$$THM_ISAv4$E$P$D$K$B$S$7EM$VFPi3$EXTD16$VFPS$VFMA$PE$A:L22UL41UL21$X:L11$S22US41US21$IEEE1$IW$USESV6$~STKCKD$USESV7$~SHL$OSPACE$ROPI$EBA8$UX$STANDARDLIB$REQ8$PRES8$EABIv2 0x00000000   Number         0  anon$$obj.o ABSOLUTE
    __ARM_use_no_argv                        0x00000000   Number         0  app_main.o ABSOLUTE
    __ARM_exceptions_init                     - Undefined Weak Reference
    __alloca_initialize                       - Undefined Weak Reference
    __arm_preinit_                            - Undefined Weak Reference
    __cpp_initialize__aeabi_                  - Undefined Weak Reference
    __cxa_finalize                            - Undefined Weak Reference
    __rt_locale                               - Undefined Weak Reference
    __sigvec_lookup                           - Undefined Weak Reference
    _atexit_init                              - Undefined Weak Reference
    _call_atexit_fns                          - Undefined Weak Reference
    _clock_init                               - Undefined Weak Reference
    _fp_trap_init                             - Undefined Weak Reference
    _fp_trap_shutdown                         - Undefined Weak Reference
    _get_lc_collate                           - Undefined Weak Reference
    _get_lc_ctype                             - Undefined Weak Reference
    _get_lc_monetary                          - Undefined Weak Reference
    _get_lc_numeric                           - Undefined Weak Reference
    _get_lc_time                              - Undefined Weak Reference
    _getenv_init                              - Undefined Weak Reference
    _handle_redirection                       - Undefined Weak Reference
    _init_alloc                               - Undefined Weak Reference
    _init_user_alloc                          - Undefined Weak Reference
    _initio                                   - Undefined Weak Reference
    _rand_init                                - Undefined Weak Reference
    _signal_finish                            - Undefined Weak Reference
    _signal_init                              - Undefined Weak Reference
    _terminate_alloc                          - Undefined Weak Reference
    _terminate_user_alloc                     - Undefined Weak Reference
    _terminateio                              - Undefined Weak Reference
    __Vectors_Size                           0x00000188   Number         0  startup_stm32f30x.o ABSOLUTE
    __Vectors                                0x08000000   Data           4  startup_stm32f30x.o(RESET)
    __Vectors_End                            0x08000188   Data           0  startup_stm32f30x.o(RESET)
    __main                                   0x08000189   Thumb Code     8  __main.o(!!!main)
    __scatterload                            0x08000191   Thumb Code     0  __scatter.o(!!!scatter)
    __scatterload_rt2                        0x08000191   Thumb Code    44  __scatter.o(!!!scatter)
    __scatterload_rt2_thumb_only             0x08000191   Thumb Code     0  __scatter.o(!!!scatter)
    __scatterload_null                       0x0800019f   Thumb Code     0  __scatter.o(!!!scatter)
    __decompress                             0x080001c5   Thumb Code    90  __dczerorl2.o(!!dczerorl2)
    __decompress1                            0x080001c5   Thumb Code     0  __dczerorl2.o(!!dczerorl2)
    __scatterload_zeroinit                   0x08000221   Thumb Code    28  __scatter_zi.o(!!handler_zi)
    __rt_lib_init                            0x0800023d   Thumb Code     0  libinit.o(.ARM.Collect$$libinit$$00000000)
    __rt_lib_init_fp_1                       0x0800023f   Thumb Code     0  libinit2.o(.ARM.Collect$$libinit$$00000001)
    __rt_lib_init_alloca_1                   0x08000243   Thumb Code     0  libinit2.o(.ARM.Collect$$libinit$$0000002E)
    __rt_lib_init_argv_1                     0x08000243   Thumb Code     0  libinit2.o(.ARM.Collect$$libinit$$0000002C)
    __rt_lib_init_atexit_1                   0x08000243   Thumb Code     0  libinit2.o(.ARM.Collect$$libinit$$0000001B)
    __rt_lib_init_clock_1                    0x08000243   Thumb Code     0  libinit2.o(.ARM.Collect$$libinit$$00000021)
    __rt_lib_init_cpp_1                      0x08000243   Thumb Code     0  libinit2.o(.ARM.Collect$$libinit$$00000032)
    __rt_lib_init_exceptions_1               0x08000243   Thumb Code     0  libinit2.o(.ARM.Collect$$libinit$$00000030)
    __rt_lib_init_fp_trap_1                  0x08000243   Thumb Code     0  libinit2.o(.ARM.Collect$$libinit$$0000001F)
    __rt_lib_init_getenv_1                   0x08000243   Thumb Code     0  libinit2.o(.ARM.Collect$$libinit$$00000023)
    __rt_lib_init_heap_1                     0x08000243   Thumb Code     0  libinit2.o(.ARM.Collect$$libinit$$0000000A)
    __rt_lib_init_lc_collate_1               0x08000243   Thumb Code     0  libinit2.o(.ARM.Collect$$libinit$$00000011)
    __rt_lib_init_lc_ctype_1                 0x08000243   Thumb Code     0  libinit2.o(.ARM.Collect$$libinit$$00000013)
    __rt_lib_init_lc_monetary_1              0x08000243   Thumb Code     0  libinit2.o(.ARM.Collect$$libinit$$00000015)
    __rt_lib_init_lc_numeric_1               0x08000243   Thumb Code     0  libinit2.o(.ARM.Collect$$libinit$$00000017)
    __rt_lib_init_lc_time_1                  0x08000243   Thumb Code     0  libinit2.o(.ARM.Collect$$libinit$$00000019)
    __rt_lib_init_preinit_1                  0x08000243   Thumb Code     0  libinit2.o(.ARM.Collect$$libinit$$00000004)
    __rt_lib_init_rand_1                     0x08000243   Thumb Code     0  libinit2.o(.ARM.Collect$$libinit$$0000000E)
    __rt_lib_init_return                     0x08000243   Thumb Code     0  libinit2.o(.ARM.Collect$$libinit$$00000033)
    __rt_lib_init_signal_1                   0x08000243   Thumb Code     0  libinit2.o(.ARM.Collect$$libinit$$0000001D)
    __rt_lib_init_stdio_1                    0x08000243   Thumb Code     0  libinit2.o(.ARM.Collect$$libinit$$00000025)
    __rt_lib_init_user_alloc_1               0x08000243   Thumb Code     0  libinit2.o(.ARM.Collect$$libinit$$0000000C)
    __rt_lib_shutdown                        0x08000245   Thumb Code     0  libshutdown.o(.ARM.Collect$$libshutdown$$00000000)
    __rt_lib_shutdown_cpp_1                  0x08000247   Thumb Code     0  libshutdown2.o(.ARM.Collect$$libshutdown$$00000002)
    __rt_lib_shutdown_fp_trap_1              0x08000247   Thumb Code     0  libshutdown2.o(.ARM.Collect$$libshutdown$$00000007)
    __rt_lib_shutdown_heap_1                 0x08000247   Thumb Code     0  libshutdown2.o(.ARM.Collect$$libshutdown$$0000000F)
    __rt_lib_shutdown_return                 0x08000247   Thumb Code     0  libshutdown2.o(.ARM.Collect$$libshutdown$$00000010)
    __rt_lib_shutdown_signal_1               0x08000247   Thumb Code     0  libshutdown2.o(.ARM.Collect$$libshutdown$$0000000A)
    __rt_lib_shutdown_stdio_1                0x08000247   Thumb Code     0  libshutdown2.o(.ARM.Collect$$libshutdown$$00000004)
    __rt_lib_shutdown_user_alloc_1           0x08000247   Thumb Code     0  libshutdown2.o(.ARM.Collect$$libshutdown$$0000000C)
    __rt_entry                               0x08000249   Thumb Code     0  __rtentry.o(.ARM.Collect$$rtentry$$00000000)
    __rt_entry_presh_1                       0x08000249   Thumb Code     0  __rtentry2.o(.ARM.Collect$$rtentry$$00000002)
    __rt_entry_sh                            0x08000249   Thumb Code     0  __rtentry4.o(.ARM.Collect$$rtentry$$00000004)
    __rt_entry_li                            0x0800024f   Thumb Code     0  __rtentry2.o(.ARM.Collect$$rtentry$$0000000A)
    __rt_entry_postsh_1                      0x0800024f   Thumb Code     0  __rtentry2.o(.ARM.Collect$$rtentry$$00000009)
    __rt_entry_main                          0x08000253   Thumb Code     0  __rtentry2.o(.ARM.Collect$$rtentry$$0000000D)
    __rt_entry_postli_1                      0x08000253   Thumb Code     0  __rtentry2.o(.ARM.Collect$$rtentry$$0000000C)
    __rt_exit                                0x0800025b   Thumb Code     0  rtexit.o(.ARM.Collect$$rtexit$$00000000)
    __rt_exit_ls                             0x0800025d   Thumb Code     0  rtexit2.o(.ARM.Collect$$rtexit$$00000003)
    __rt_exit_prels_1                        0x0800025d   Thumb Code     0  rtexit2.o(.ARM.Collect$$rtexit$$00000002)
    __rt_exit_exit                           0x08000261   Thumb Code     0  rtexit2.o(.ARM.Collect$$rtexit$$00000004)
    Reset_Handler                            0x08000269   Thumb Code    14  startup_stm32f30x.o(.text)
    NMI_Handler                              0x08000277   Thumb Code     2  startup_stm32f30x.o(.text)
    HardFault_Handler                        0x08000279   Thumb Code     2  startup_stm32f30x.o(.text)
    MemManage_Handler                        0x0800027b   Thumb Code     2  startup_stm32f30x.o(.text)
    BusFault_Handler                         0x0800027d   Thumb Code     2  startup_stm32f30x.o(.text)
    UsageFault_Handler                       0x0800027f   Thumb Code     2  startup_stm32f30x.o(.text)
    SVC_Handler                              0x08000281   Thumb Code     2  startup_stm32f30x.o(.text)
    DebugMon_Handler                         0x08000283   Thumb Code     2  startup_stm32f30x.o(.text)
    PendSV_Handler                           0x08000285   Thumb Code     2  startup_stm32f30x.o(.text)
    SysTick_Handler                          0x08000287   Thumb Code     2  startup_stm32f30x.o(.text)
    ADC1_2_IRQHandler                        0x08000289   Thumb Code     0  startup_stm32f30x.o(.text)
    ADC3_IRQHandler                          0x08000289   Thumb Code     0  startup_stm32f30x.o(.text)
    ADC4_IRQHandler                          0x08000289   Thumb Code     0  startup_stm32f30x.o(.text)
    CAN1_RX1_IRQHandler                      0x08000289   Thumb Code     0  startup_stm32f30x.o(.text)
    CAN1_SCE_IRQHandler                      0x08000289   Thumb Code     0  startup_stm32f30x.o(.text)
    COMP1_2_3_IRQHandler                     0x08000289   Thumb Code     0  startup_stm32f30x.o(.text)
    COMP4_5_6_IRQHandler                     0x08000289   Thumb Code     0  startup_stm32f30x.o(.text)
    COMP7_IRQHandler                         0x08000289   Thumb Code     0  startup_stm32f30x.o(.text)
    DMA1_Channel1_IRQHandler                 0x08000289   Thumb Code     0  startup_stm32f30x.o(.text)
    DMA2_Channel1_IRQHandler                 0x08000289   Thumb Code     0  startup_stm32f30x.o(.text)
    DMA2_Channel2_IRQHandler                 0x08000289   Thumb Code     0  startup_stm32f30x.o(.text)
    DMA2_Channel3_IRQHandler                 0x08000289   Thumb Code     0  startup_stm32f30x.o(.text)
    DMA2_Channel4_IRQHandler                 0x08000289   Thumb Code     0  startup_stm32f30x.o(.text)
    DMA2_Channel5_IRQHandler                 0x08000289   Thumb Code     0  startup_stm32f30x.o(.text)
    EXTI0_IRQHandler                         0x08000289   Thumb Code     0  startup_stm32f30x.o(.text)
    EXTI15_10_IRQHandler                     0x08000289   Thumb Code     0  startup_stm32f30x.o(.text)
    EXTI1_IRQHandler                         0x08000289   Thumb Code     0  startup_stm32f30x.o(.text)
    EXTI2_TS_IRQHandler                      0x08000289   Thumb Code     0  startup_stm32f30x.o(.text)
    EXTI3_IRQHandler                         0x08000289   Thumb Code     0  startup_stm32f30x.o(.text)
    EXTI4_IRQHandler                         0x08000289   Thumb Code     0  startup_stm32f30x.o(.text)
    EXTI9_5_IRQHandler                       0x08000289   Thumb Code     0  startup_stm32f30x.o(.text)
    FLASH_IRQHandler                         0x08000289   Thumb Code     0  startup_stm32f30x.o(.text)
    FPU_IRQHandler                           0x08000289   Thumb Code     0  startup_stm32f30x.o(.text)
    I2C1_ER_IRQHandler                       0x08000289   Thumb Code     0  startup_stm32f30x.o(.text)
    I2C1_EV_IRQHandler                       0x08000289   Thumb Code     0  startup_stm32f30x.o(.text)
    I2C2_ER_IRQHandler                       0x08000289   Thumb Code     0  startup_stm32f30x.o(.text)
    I2C2_EV_IRQHandler                       0x08000289   Thumb Code     0  startup_stm32f30x.o(.text)
    PVD_IRQHandler                           0x08000289   Thumb Code     0  startup_stm32f30x.o(.text)
    RCC_IRQHandler                           0x08000289   Thumb Code     0  startup_stm32f30x.o(.text)
    RTC_Alarm_IRQHandler                     0x08000289   Thumb Code     0  startup_stm32f30x.o(.text)
    RTC_WKUP_IRQHandler                      0x08000289   Thumb Code     0  startup_stm32f30x.o(.text)
    SPI1_IRQHandler                          0x08000289   Thumb Code     0  startup_stm32f30x.o(.text)
    SPI2_IRQHandler                          0x08000289   Thumb Code     0  startup_stm32f30x.o(.text)
    SPI3_IRQHandler                          0x08000289   Thumb Code     0  startup_stm32f30x.o(.text)
    TAMPER_STAMP_IRQHandler                  0x08000289   Thumb Code     0  startup_stm32f30x.o(.text)
    TIM1_BRK_TIM15_IRQHandler                0x08000289   Thumb Code     0  startup_stm32f30x.o(.text)
    TIM1_CC_IRQHandler                       0x08000289   Thumb Code     0  startup_stm32f30x.o(.text)
    TIM1_TRG_COM_TIM17_IRQHandler            0x08000289   Thumb Code     0  startup_stm32f30x.o(.text)
    TIM1_UP_TIM16_IRQHandler                 0x08000289   Thumb Code     0  startup_stm32f30x.o(.text)
    TIM2_IRQHandler                          0x08000289   Thumb Code     0  startup_stm32f30x.o(.text)
    TIM3_IRQHandler                          0x08000289   Thumb Code     0  startup_stm32f30x.o(.text)
    TIM4_IRQHandler                          0x08000289   Thumb Code     0  startup_stm32f30x.o(.text)
    TIM7_IRQHandler                          0x08000289   Thumb Code     0  startup_stm32f30x.o(.text)
    TIM8_BRK_IRQHandler                      0x08000289   Thumb Code     0  startup_stm32f30x.o(.text)
    TIM8_CC_IRQHandler                       0x08000289   Thumb Code     0  startup_stm32f30x.o(.text)
    TIM8_TRG_COM_IRQHandler                  0x08000289   Thumb Code     0  startup_stm32f30x.o(.text)
    TIM8_UP_IRQHandler                       0x08000289   Thumb Code     0  startup_stm32f30x.o(.text)
    UART4_IRQHandler                         0x08000289   Thumb Code     0  startup_stm32f30x.o(.text)
    UART5_IRQHandler                         0x08000289   Thumb Code     0  startup_stm32f30x.o(.text)
    USBWakeUp_IRQHandler                     0x08000289   Thumb Code     0  startup_stm32f30x.o(.text)
    USBWakeUp_RMP_IRQHandler                 0x08000289   Thumb Code     0  startup_stm32f30x.o(.text)
    USB_HP_CAN1_TX_IRQHandler                0x08000289   Thumb Code     0  startup_stm32f30x.o(.text)
    USB_HP_IRQHandler                        0x08000289   Thumb Code     0  startup_stm32f30x.o(.text)
    USB_LP_CAN1_RX0_IRQHandler               0x08000289   Thumb Code     0  startup_stm32f30x.o(.text)
    USB_LP_IRQHandler                        0x08000289   Thumb Code     0  startup_stm32f30x.o(.text)
    WWDG_IRQHandler                          0x08000289   Thumb Code     0  startup_stm32f30x.o(.text)
    __user_initial_stackheap                 0x0800028d   Thumb Code     0  startup_stm32f30x.o(.text)
    __aeabi_memclr4                          0x080002b1   Thumb Code     0  rt_memclr_w.o(.text)
    __aeabi_memclr8                          0x080002b1   Thumb Code     0  rt_memclr_w.o(.text)
    __rt_memclr_w                            0x080002b1   Thumb Code    78  rt_memclr_w.o(.text)
    _memset_w                                0x080002b5   Thumb Code     0  rt_memclr_w.o(.text)
    __use_two_region_memory                  0x080002ff   Thumb Code     2  heapauxi.o(.text)
    __rt_heap_escrow$2region                 0x08000301   Thumb Code     2  heapauxi.o(.text)
    __rt_heap_expand$2region                 0x08000303   Thumb Code     2  heapauxi.o(.text)
    __user_setup_stackheap                   0x08000305   Thumb Code    74  sys_stackheap_outer.o(.text)
    exit                                     0x0800034f   Thumb Code    18  exit.o(.text)
    __user_libspace                          0x08000361   Thumb Code     8  libspace.o(.text)
    __user_perproc_libspace                  0x08000361   Thumb Code     0  libspace.o(.text)
    __user_perthread_libspace                0x08000361   Thumb Code     0  libspace.o(.text)
    _sys_exit                                0x08000369   Thumb Code     8  sys_exit.o(.text)
    __I$use$semihosting                      0x08000375   Thumb Code     0  use_no_semi.o(.text)
    __use_no_semihosting_swi                 0x08000375   Thumb Code     2  use_no_semi.o(.text)
    BubbleSortINT32                          0x08000377   Thumb Code    82  app_crc.o(i.BubbleSortINT32)
    __semihosting_library_function           0x08000377   Thumb Code     0  indicate_semi.o(.text)
    DMA1_Channel2_IRQHandler                 0x080003c9   Thumb Code    44  hal_uart.o(i.DMA1_Channel2_IRQHandler)
    DMA1_Channel3_IRQHandler                 0x08000405   Thumb Code    44  hal_uart.o(i.DMA1_Channel3_IRQHandler)
    DMA1_Channel4_IRQHandler                 0x08000441   Thumb Code    44  hal_uart.o(i.DMA1_Channel4_IRQHandler)
    DMA1_Channel5_IRQHandler                 0x0800047d   Thumb Code    44  hal_uart.o(i.DMA1_Channel5_IRQHandler)
    DMA1_Channel6_IRQHandler                 0x080004b9   Thumb Code    44  hal_uart.o(i.DMA1_Channel6_IRQHandler)
    DMA1_Channel7_IRQHandler                 0x080004f5   Thumb Code    44  hal_uart.o(i.DMA1_Channel7_IRQHandler)
    STM32CheckPassWord                       0x08000531   Thumb Code    58  app_password.o(i.STM32CheckPassWord)
    STM32MCUIDGet                            0x0800057d   Thumb Code    34  app_password.o(i.STM32MCUIDGet)
    TIM6_DAC_IRQHandler                      0x080005a5   Thumb Code    16  hal_timer.o(i.TIM6_DAC_IRQHandler)
    USART1_IRQHandler                        0x080005b9   Thumb Code   372  hal_uart.o(i.USART1_IRQHandler)
    USART2_IRQHandler                        0x08000749   Thumb Code   364  hal_uart.o(i.USART2_IRQHandler)
    USART3_IRQHandler                        0x080008d1   Thumb Code   344  hal_uart.o(i.USART3_IRQHandler)
    app_LED_RUN                              0x08000a45   Thumb Code    34  app_led_ctrl.o(i.app_LED_RUN)
    app_MotorContrl                          0x08000a6d   Thumb Code   420  app_motor_ctrl.o(i.app_MotorContrl)
    app_MotorContrl_Init                     0x08000c25   Thumb Code   456  app_motor_ctrl.o(i.app_MotorContrl_Init)
    app_SetMotorContrlMode                   0x08000df9   Thumb Code     6  app_motor_ctrl.o(i.app_SetMotorContrlMode)
    app_gjf_handle                           0x08000e05   Thumb Code    64  app_motor_ctrl.o(i.app_gjf_handle)
    app_main_init                            0x08000e4d   Thumb Code    34  app_main_task.o(i.app_main_init)
    app_main_task                            0x08000e79   Thumb Code    70  app_main_task.o(i.app_main_task)
    backReturnBSetContrl_Handle              0x08000ec9   Thumb Code   176  app_t5l_ctrl.o(i.backReturnBSetContrl_Handle)
    cal_crc16                                0x08000f85   Thumb Code    62  app_crc.o(i.cal_crc16)
    chanelChangedTrigerDeal                  0x08000fcd   Thumb Code   530  app_t5l_ctrl.o(i.chanelChangedTrigerDeal)
    clearLocalCalibrationKAndBAndSample      0x080011f5   Thumb Code   188  app_t5l_ctrl.o(i.clearLocalCalibrationKAndBAndSample)
    clearLocalCalibrationRecordData          0x080012b5   Thumb Code   122  app_t5l_ctrl.o(i.clearLocalCalibrationRecordData)
    drv_debug_apb1_stop                      0x08001335   Thumb Code    12  drv_dbgmcu.o(i.drv_debug_apb1_stop)
    drv_debug_apb2_stop                      0x08001345   Thumb Code    12  drv_dbgmcu.o(i.drv_debug_apb2_stop)
    drv_delay_init                           0x08001355   Thumb Code    60  drv_delay.o(i.drv_delay_init)
    drv_delay_ms                             0x080013a1   Thumb Code    64  drv_delay.o(i.drv_delay_ms)
    drv_delay_us                             0x080013e5   Thumb Code    64  drv_delay.o(i.drv_delay_us)
    drv_dma_set_mem_addr_length              0x08001429   Thumb Code    12  drv_dma.o(i.drv_dma_set_mem_addr_length)
    drv_dma_stream_clear_flag_status         0x08001435   Thumb Code    30  drv_dma.o(i.drv_dma_stream_clear_flag_status)
    drv_dma_stream_clear_it_pending_bit      0x0800145d   Thumb Code    18  drv_dma.o(i.drv_dma_stream_clear_it_pending_bit)
    drv_dma_stream_deinit                    0x08001479   Thumb Code   252  drv_dma.o(i.drv_dma_stream_deinit)
    drv_dma_stream_disable                   0x0800157d   Thumb Code    10  drv_dma.o(i.drv_dma_stream_disable)
    drv_dma_stream_enable                    0x08001587   Thumb Code    12  drv_dma.o(i.drv_dma_stream_enable)
    drv_dma_stream_get_it_status             0x08001595   Thumb Code    90  drv_dma.o(i.drv_dma_stream_get_it_status)
    drv_dma_stream_get_left_length           0x080015f9   Thumb Code    14  drv_dma.o(i.drv_dma_stream_get_left_length)
    drv_dma_stream_init                      0x08001607   Thumb Code   108  drv_dma.o(i.drv_dma_stream_init)
    drv_dma_stream_it_enable                 0x08001673   Thumb Code     8  drv_dma.o(i.drv_dma_stream_it_enable)
    drv_dma_stream_start_mem_to_periph       0x0800167b   Thumb Code    52  drv_dma.o(i.drv_dma_stream_start_mem_to_periph)
    drv_dma_stream_start_periph_to_mem       0x080016af   Thumb Code    52  drv_dma.o(i.drv_dma_stream_start_periph_to_mem)
    drv_flash_erase_sector                   0x080016e5   Thumb Code    66  drv_flash.o(i.drv_flash_erase_sector)
    drv_flash_get_status                     0x0800172d   Thumb Code    40  drv_flash.o(i.drv_flash_get_status)
    drv_flash_lock                           0x08001759   Thumb Code    16  drv_flash.o(i.drv_flash_lock)
    drv_flash_read_words                     0x0800176d   Thumb Code    32  drv_flash.o(i.drv_flash_read_words)
    drv_flash_unlock                         0x0800178d   Thumb Code    22  drv_flash.o(i.drv_flash_unlock)
    drv_flash_wait_last_operation            0x080017b1   Thumb Code    40  drv_flash.o(i.drv_flash_wait_last_operation)
    drv_flash_write_words                    0x080017d9   Thumb Code   122  drv_flash.o(i.drv_flash_write_words)
    drv_gpio_alternate_function_connect      0x08001859   Thumb Code    66  drv_gpio.o(i.drv_gpio_alternate_function_connect)
    drv_gpio_alternate_function_init         0x0800189b   Thumb Code   220  drv_gpio.o(i.drv_gpio_alternate_function_init)
    drv_gpio_input_init                      0x08001977   Thumb Code    96  drv_gpio.o(i.drv_gpio_input_init)
    drv_gpio_output_init                     0x080019d7   Thumb Code   220  drv_gpio.o(i.drv_gpio_output_init)
    drv_gpio_set_pins_high                   0x08001ab3   Thumb Code     8  hal_gpio.o(i.drv_gpio_set_pins_high)
    drv_iwdg_init                            0x08001abd   Thumb Code    32  drv_iwdg.o(i.drv_iwdg_init)
    drv_nvic_enable                          0x08001ae1   Thumb Code    22  drv_nvic.o(i.drv_nvic_enable)
    drv_nvic_init                            0x08001af9   Thumb Code    56  drv_nvic.o(i.drv_nvic_init)
    drv_rcc_ahb1_clk_enable                  0x08001b39   Thumb Code    12  drv_rcc.o(i.drv_rcc_ahb1_clk_enable)
    drv_rcc_apb1_clk_enable                  0x08001b49   Thumb Code    12  drv_rcc.o(i.drv_rcc_apb1_clk_enable)
    drv_rcc_apb1_periph_reset_disable        0x08001b59   Thumb Code    12  drv_rcc.o(i.drv_rcc_apb1_periph_reset_disable)
    drv_rcc_apb1_periph_reset_enable         0x08001b69   Thumb Code    12  drv_rcc.o(i.drv_rcc_apb1_periph_reset_enable)
    drv_rcc_apb2_clk_enable                  0x08001b79   Thumb Code    12  drv_rcc.o(i.drv_rcc_apb2_clk_enable)
    drv_rcc_apb2_periph_reset_disable        0x08001b89   Thumb Code    12  drv_rcc.o(i.drv_rcc_apb2_periph_reset_disable)
    drv_rcc_apb2_periph_reset_enable         0x08001b99   Thumb Code    12  drv_rcc.o(i.drv_rcc_apb2_periph_reset_enable)
    drv_rcc_get_clocks_freq                  0x08001ba9   Thumb Code   238  drv_rcc.o(i.drv_rcc_get_clocks_freq)
    drv_rcc_init                             0x08001cad   Thumb Code   694  drv_rcc.o(i.drv_rcc_init)
    drv_timer_base_init                      0x08001f8d   Thumb Code   104  drv_timer.o(i.drv_timer_base_init)
    drv_timer_clear_it_pending_bit           0x0800200d   Thumb Code     8  drv_timer.o(i.drv_timer_clear_it_pending_bit)
    drv_timer_deinit                         0x08002015   Thumb Code   216  drv_timer.o(i.drv_timer_deinit)
    drv_timer_enable                         0x08002111   Thumb Code    12  drv_timer.o(i.drv_timer_enable)
    drv_timer_it_enable                      0x0800211d   Thumb Code     8  drv_timer.o(i.drv_timer_it_enable)
    drv_uart_clear_flag_status               0x08002125   Thumb Code     4  drv_uart.o(i.drv_uart_clear_flag_status)
    drv_uart_clear_it_pending_bit            0x08002129   Thumb Code    18  drv_uart.o(i.drv_uart_clear_it_pending_bit)
    drv_uart_deinit                          0x0800213d   Thumb Code   124  drv_uart.o(i.drv_uart_deinit)
    drv_uart_dma_rx_enable                   0x080021cd   Thumb Code    12  drv_uart.o(i.drv_uart_dma_rx_enable)
    drv_uart_dma_tx_enable                   0x080021d9   Thumb Code    12  drv_uart.o(i.drv_uart_dma_tx_enable)
    drv_uart_get_flag_status                 0x080021e5   Thumb Code    16  drv_uart.o(i.drv_uart_get_flag_status)
    drv_uart_init                            0x080021f5   Thumb Code   190  drv_uart.o(i.drv_uart_init)
    drv_uart_it_disable                      0x080022b3   Thumb Code    52  drv_uart.o(i.drv_uart_it_disable)
    drv_uart_it_enable                       0x080022e7   Thumb Code    52  drv_uart.o(i.drv_uart_it_enable)
    drv_uart_put_bytes                       0x0800231b   Thumb Code    32  drv_uart.o(i.drv_uart_put_bytes)
    drv_uart_rx_byte                         0x0800233b   Thumb Code    14  hal_uart.o(i.drv_uart_rx_byte)
    drv_uart_set_baudrate                    0x08002349   Thumb Code   116  drv_uart.o(i.drv_uart_set_baudrate)
    drv_uart_tx_byte                         0x080023c5   Thumb Code     4  hal_uart.o(i.drv_uart_tx_byte)
    enterRealTimeSet_Handle                  0x080023c9   Thumb Code   594  app_t5l_ctrl.o(i.enterRealTimeSet_Handle)
    enterTuanCaiContrl_Handle                0x08002629   Thumb Code   132  app_t5l_ctrl.o(i.enterTuanCaiContrl_Handle)
    getChanelStruct                          0x080026b9   Thumb Code    24  app_hx711_ctrl.o(i.getChanelStruct)
    gjfContrl_Handle                         0x080026d5   Thumb Code    98  app_t5l_ctrl.o(i.gjfContrl_Handle)
    hal_clock_init                           0x08002745   Thumb Code    24  hal_clock.o(i.hal_clock_init)
    hal_delay_init                           0x0800275d   Thumb Code     8  hal_delay.o(i.hal_delay_init)
    hal_di_get                               0x08002765   Thumb Code    36  hal_gpio.o(i.hal_di_get)
    hal_gpio_init                            0x08002791   Thumb Code    86  hal_gpio.o(i.hal_gpio_init)
    hal_gpio_set_do_high                     0x08002801   Thumb Code    22  hal_gpio.o(i.hal_gpio_set_do_high)
    hal_gpio_set_do_low                      0x08002821   Thumb Code    22  hal_gpio.o(i.hal_gpio_set_do_low)
    hal_gpio_set_do_toggle                   0x08002841   Thumb Code    22  hal_gpio.o(i.hal_gpio_set_do_toggle)
    hal_timer_init                           0x08002861   Thumb Code    66  hal_timer.o(i.hal_timer_init)
    hal_uart_dma_rx_start                    0x080028ad   Thumb Code    70  hal_uart.o(i.hal_uart_dma_rx_start)
    hal_uart_gpio_init                       0x08002905   Thumb Code   806  hal_uart.o(i.hal_uart_gpio_init)
    hal_uart_port_init                       0x08002c5d   Thumb Code   560  hal_uart.o(i.hal_uart_port_init)
    hal_uart_rx_irq_disable                  0x08002ec5   Thumb Code    48  hal_uart.o(i.hal_uart_rx_irq_disable)
    hal_uart_rx_irq_enable                   0x08002f01   Thumb Code    48  hal_uart.o(i.hal_uart_rx_irq_enable)
    hal_uart_set_braudrate                   0x08002f3d   Thumb Code    34  hal_uart.o(i.hal_uart_set_braudrate)
    hal_uart_set_rx_mode                     0x08002f69   Thumb Code    26  hal_uart.o(i.hal_uart_set_rx_mode)
    hal_uart_set_timeout                     0x08002f8d   Thumb Code     2  hal_uart.o(i.hal_uart_set_timeout)
    hal_uart_set_tx_mode                     0x08002f91   Thumb Code    24  hal_uart.o(i.hal_uart_set_tx_mode)
    hal_uart_tx_bytes                        0x08002fb1   Thumb Code   246  hal_uart.o(i.hal_uart_tx_bytes)
    hx711_AllChanelSample                    0x080030b9   Thumb Code   200  app_hx711_ctrl.o(i.hx711_AllChanelSample)
    hx711_DataSampleCtrl                     0x08003185   Thumb Code    40  app_hx711_ctrl.o(i.hx711_DataSampleCtrl)
    hx711_MainFunction                       0x080031b1   Thumb Code   262  app_hx711_ctrl.o(i.hx711_MainFunction)
    hx711_SenserCheck                        0x080032c9   Thumb Code   440  app_hx711_ctrl.o(i.hx711_SenserCheck)
    hx711_SigChanelAvrgAndWeightCalc         0x080034a9   Thumb Code   216  app_hx711_ctrl.o(i.hx711_SigChanelAvrgAndWeightCalc)
    hx711_getAvgSample                       0x08003585   Thumb Code    26  app_hx711_ctrl.o(i.hx711_getAvgSample)
    hx711_getWeight                          0x080035a5   Thumb Code   132  app_hx711_ctrl.o(i.hx711_getWeight)
    hx711_init                               0x08003641   Thumb Code   340  app_hx711_ctrl.o(i.hx711_init)
    hx711_setAllRemoveWeight                 0x080037a9   Thumb Code    50  app_hx711_ctrl.o(i.hx711_setAllRemoveWeight)
    jumpToCalibrationPage                    0x080037e1   Thumb Code    84  app_t5l_ctrl.o(i.jumpToCalibrationPage)
    key_ClearAllEvent                        0x08003839   Thumb Code    30  app_key_ctrl.o(i.key_ClearAllEvent)
    key_EventClear                           0x08003859   Thumb Code    26  app_key_ctrl.o(i.key_EventClear)
    key_EventGet                             0x08003879   Thumb Code    28  app_key_ctrl.o(i.key_EventGet)
    key_LongPressEventClear                  0x08003899   Thumb Code    26  app_key_ctrl.o(i.key_LongPressEventClear)
    key_LongPressEventGet                    0x080038b9   Thumb Code    28  app_key_ctrl.o(i.key_LongPressEventGet)
    key_MainFunction                         0x080038d9   Thumb Code     8  app_key_ctrl.o(i.key_MainFunction)
    key_filter                               0x080038e1   Thumb Code   286  app_key_ctrl.o(i.key_filter)
    key_init                                 0x08003a05   Thumb Code    82  app_key_ctrl.o(i.key_init)
    main                                     0x08003a5d   Thumb Code    62  app_main.o(i.main)
    motor_PulseHandle                        0x08003aa5   Thumb Code    70  hal_pd_pulse.o(i.motor_PulseHandle)
    motor_pulse_dir_set                      0x08003af9   Thumb Code    22  hal_pd_pulse.o(i.motor_pulse_dir_set)
    motor_pulse_en_set                       0x08003b11   Thumb Code    48  hal_pd_pulse.o(i.motor_pulse_en_set)
    motor_pulse_frequency_set                0x08003b45   Thumb Code    26  hal_pd_pulse.o(i.motor_pulse_frequency_set)
    motor_pulse_init                         0x08003b69   Thumb Code   192  hal_pd_pulse.o(i.motor_pulse_init)
    motor_pulse_output_set                   0x08003c31   Thumb Code    14  hal_pd_pulse.o(i.motor_pulse_output_set)
    pointSampleTrigerDataSet                 0x08003c45   Thumb Code    32  app_t5l_ctrl.o(i.pointSampleTrigerDataSet)
    pointTrigerDataSet                       0x08003c69   Thumb Code    62  app_t5l_ctrl.o(i.pointTrigerDataSet)
    pointTrigerDeal                          0x08003cad   Thumb Code   312  app_t5l_ctrl.o(i.pointTrigerDeal)
    pointWeightTrigerDataSet                 0x08003df5   Thumb Code    32  app_t5l_ctrl.o(i.pointWeightTrigerDataSet)
    pos_EventClear                           0x08003e19   Thumb Code    22  app_key_ctrl.o(i.pos_EventClear)
    pos_EventGet                             0x08003e35   Thumb Code    24  app_key_ctrl.o(i.pos_EventGet)
    pos_FilterGet                            0x08003e51   Thumb Code    24  app_key_ctrl.o(i.pos_FilterGet)
    pos_MainFunction                         0x08003e6d   Thumb Code     8  app_key_ctrl.o(i.pos_MainFunction)
    pos_filter                               0x08003e75   Thumb Code   224  app_key_ctrl.o(i.pos_filter)
    pos_init                                 0x08003f59   Thumb Code    80  app_key_ctrl.o(i.pos_init)
    readSysDataFromFlash                     0x08003fad   Thumb Code   366  app_syspara.o(i.readSysDataFromFlash)
    readSysDataFromFlash_3030                0x08004121   Thumb Code   772  app_syspara.o(i.readSysDataFromFlash_3030)
    resetCalibrationTrigerDeal               0x08004435   Thumb Code   310  app_t5l_ctrl.o(i.resetCalibrationTrigerDeal)
    rtcSet_Handle                            0x0800457d   Thumb Code   272  app_t5l_ctrl.o(i.rtcSet_Handle)
    runContrl_Handle                         0x080046a1   Thumb Code   194  app_t5l_ctrl.o(i.runContrl_Handle)
    sampleDataPush                           0x08004771   Thumb Code    58  app_hx711_ctrl.o(i.sampleDataPush)
    screenFengMingQi_Handle                  0x080047ad   Thumb Code    92  app_t5l_ctrl.o(i.screenFengMingQi_Handle)
    screenSDWeReadReg                        0x0800480d   Thumb Code   232  app_t5l_ctrl.o(i.screenSDWeReadReg)
    screenSDWeWriteReg                       0x080048fd   Thumb Code   278  app_t5l_ctrl.o(i.screenSDWeWriteReg)
    screenSDWeWriteVarible                   0x08004a1d   Thumb Code   318  app_t5l_ctrl.o(i.screenSDWeWriteVarible)
    screenSDWe_CaiJiWanCheng_Handle          0x08004b65   Thumb Code   168  app_t5l_ctrl.o(i.screenSDWe_CaiJiWanCheng_Handle)
    screenSDWe_CaiJiYuYin_Get                0x08004c15   Thumb Code    12  app_t5l_ctrl.o(i.screenSDWe_CaiJiYuYin_Get)
    screenSDWe_CaiJiYuYin_Handle             0x08004c25   Thumb Code   664  app_t5l_ctrl.o(i.screenSDWe_CaiJiYuYin_Handle)
    screenSDWe_CaiJiYuYin_Set                0x08004ecd   Thumb Code    10  app_t5l_ctrl.o(i.screenSDWe_CaiJiYuYin_Set)
    screenSDWe_CycleDataSend                 0x08004edd   Thumb Code   418  app_t5l_ctrl.o(i.screenSDWe_CycleDataSend)
    screenSDWe_JumpToPage                    0x080050a5   Thumb Code    30  app_t5l_ctrl.o(i.screenSDWe_JumpToPage)
    screenSDWe_LiuSuCaculate                 0x080050c5   Thumb Code   612  app_t5l_ctrl.o(i.screenSDWe_LiuSuCaculate)
    screenSDWe_LiuSuCycleHandle              0x08005355   Thumb Code   152  app_t5l_ctrl.o(i.screenSDWe_LiuSuCycleHandle)
    screenSDWe_LiuSuErrorCaculate            0x08005405   Thumb Code    88  app_t5l_ctrl.o(i.screenSDWe_LiuSuErrorCaculate)
    screenSDWe_RTCTimeCaculate               0x08005465   Thumb Code   152  app_t5l_ctrl.o(i.screenSDWe_RTCTimeCaculate)
    screenSDWe_RxFunction                    0x08005505   Thumb Code   384  app_t5l_ctrl.o(i.screenSDWe_RxFunction)
    screenSDWe_SampleTimeCaculate            0x08005689   Thumb Code   170  app_t5l_ctrl.o(i.screenSDWe_SampleTimeCaculate)
    screenSDWe_ShiShiPage_MotorAutoStopHandle 0x08005739   Thumb Code   102  app_t5l_ctrl.o(i.screenSDWe_ShiShiPage_MotorAutoStopHandle)
    screenSDWe_SubFunctionTest               0x080057b1   Thumb Code    86  app_t5l_ctrl.o(i.screenSDWe_SubFunctionTest)
    screenSDWe_TakeDownCheck                 0x08005821   Thumb Code   216  app_t5l_ctrl.o(i.screenSDWe_TakeDownCheck)
    screenSDWe_TuanCaiHandle                 0x08005915   Thumb Code   222  app_t5l_ctrl.o(i.screenSDWe_TuanCaiHandle)
    screenSDWe_TxFunction                    0x08005a09   Thumb Code   924  app_t5l_ctrl.o(i.screenSDWe_TxFunction)
    screenSendDataToSDWE                     0x08005db5   Thumb Code   914  app_t5l_ctrl.o(i.screenSendDataToSDWE)
    screenT5L_Init                           0x0800615d   Thumb Code   148  app_t5l_ctrl.o(i.screenT5L_Init)
    screenVoicePrintf_Handle                 0x08006205   Thumb Code   122  app_t5l_ctrl.o(i.screenVoicePrintf_Handle)
    screenVoice_Handle                       0x0800628d   Thumb Code   104  app_t5l_ctrl.o(i.screenVoice_Handle)
    sdweAskRegData                           0x080062f9   Thumb Code   274  app_t5l_ctrl.o(i.sdweAskRegData)
    sdweAskVaribleData                       0x08006411   Thumb Code  2552  app_t5l_ctrl.o(i.sdweAskVaribleData)
    sendBeefVoice_Cycle                      0x08006e0d   Thumb Code   104  app_t5l_ctrl.o(i.sendBeefVoice_Cycle)
    setSampleWeightValue                     0x08006e81   Thumb Code    36  app_hx711_ctrl.o(i.setSampleWeightValue)
    sreenSDWe_CaiJiWanChengBoBaoShengGuangKong 0x08006ea9   Thumb Code   166  app_t5l_ctrl.o(i.sreenSDWe_CaiJiWanChengBoBaoShengGuangKong)
    sreenSDWe_MainFunction                   0x08006f6d   Thumb Code   104  app_t5l_ctrl.o(i.sreenSDWe_MainFunction)
    sreenT5L_BootAnimation                   0x08006fdd   Thumb Code   276  app_t5l_ctrl.o(i.sreenT5L_BootAnimation)
    storeSysDataToFlash                      0x08007101   Thumb Code   328  app_syspara.o(i.storeSysDataToFlash)
    storeSysDataToFlash_3030                 0x08007255   Thumb Code  1108  app_syspara.o(i.storeSysDataToFlash_3030)
    system_init                              0x080076b1   Thumb Code    40  app_main.o(i.system_init)
    t5lWriteReg                              0x080076d9   Thumb Code   292  app_t5l_ctrl.o(i.t5lWriteReg)
    t5lWriteVarible                          0x08007805   Thumb Code   252  app_t5l_ctrl.o(i.t5lWriteVarible)
    trigerCalcKB                             0x08007909   Thumb Code   502  app_hx711_ctrl.o(i.trigerCalcKB)
    __aeabi_d2f                              0x08007b09   Thumb Code     0  d2f.o(x$fpl$d2f)
    _d2f                                     0x08007b09   Thumb Code    98  d2f.o(x$fpl$d2f)
    __fpl_dcmp_Inf                           0x08007b6b   Thumb Code    24  dcmpi.o(x$fpl$dcmpinf)
    __aeabi_i2d                              0x08007b83   Thumb Code     0  dflt_clz.o(x$fpl$dflt)
    _dflt                                    0x08007b83   Thumb Code    46  dflt_clz.o(x$fpl$dflt)
    __aeabi_ui2d                             0x08007bb1   Thumb Code     0  dflt_clz.o(x$fpl$dfltu)
    _dfltu                                   0x08007bb1   Thumb Code    38  dflt_clz.o(x$fpl$dfltu)
    __aeabi_cdcmple                          0x08007bd9   Thumb Code     0  dleqf.o(x$fpl$dleqf)
    _dcmple                                  0x08007bd9   Thumb Code   120  dleqf.o(x$fpl$dleqf)
    __fpl_dcmple_InfNaN                      0x08007c3b   Thumb Code     0  dleqf.o(x$fpl$dleqf)
    __aeabi_dmul                             0x08007c51   Thumb Code     0  dmul.o(x$fpl$dmul)
    _dmul                                    0x08007c51   Thumb Code   332  dmul.o(x$fpl$dmul)
    __fpl_dnaninf                            0x08007da5   Thumb Code   156  dnaninf.o(x$fpl$dnaninf)
    __fpl_dretinf                            0x08007e41   Thumb Code    12  dretinf.o(x$fpl$dretinf)
    __aeabi_cdrcmple                         0x08007e4d   Thumb Code     0  drleqf.o(x$fpl$drleqf)
    _drcmple                                 0x08007e4d   Thumb Code   108  drleqf.o(x$fpl$drleqf)
    _fp_init                                 0x08007eb9   Thumb Code    10  fpinit.o(x$fpl$fpinit)
    __fplib_config_fpu_vfp                   0x08007ec1   Thumb Code     0  fpinit.o(x$fpl$fpinit)
    __fplib_config_pureend_doubles           0x08007ec1   Thumb Code     0  fpinit.o(x$fpl$fpinit)
    __fpl_fretinf                            0x08007ec3   Thumb Code    10  fretinf.o(x$fpl$fretinf)
    __I$use$fp                               0x08007ecc   Number         0  usenofp.o(x$fpl$usenofp)
    defaultChanelSamplePoint                 0x08007ecc   Data          40  app_hx711_ctrl.o(.constdata)
    g_CrcHTable                              0x08007ef4   Data         256  app_crc.o(.constdata)
    g_CrcLTable                              0x08007ff4   Data         256  app_crc.o(.constdata)
    DO_GPIO_CLK                              0x080080f4   Data          28  hal_gpio.o(.constdata)
    DO_GPIO_PIN                              0x08008110   Data          14  hal_gpio.o(.constdata)
    DI_GPIO_CLK                              0x08008120   Data          32  hal_gpio.o(.constdata)
    DI_GPIO_PIN                              0x08008140   Data          16  hal_gpio.o(.constdata)
    UART_PORT_CLK                            0x08008150   Data          12  hal_uart.o(.constdata)
    UART_PORT_IRQn                           0x0800815c   Data           3  hal_uart.o(.constdata)
    UART_PORT_GPIO_AF                        0x0800815f   Data           3  hal_uart.o(.constdata)
    UART_TX_GPIO_CLK                         0x08008164   Data          12  hal_uart.o(.constdata)
    UART_TX_GPIO_PIN                         0x08008170   Data           6  hal_uart.o(.constdata)
    UART_TX_PIN_SOURCE                       0x08008176   Data           6  hal_uart.o(.constdata)
    UART_RX_GPIO_CLK                         0x0800817c   Data          12  hal_uart.o(.constdata)
    UART_RX_GPIO_PIN                         0x08008188   Data           6  hal_uart.o(.constdata)
    UART_RX_PIN_SOURCE                       0x0800818e   Data           6  hal_uart.o(.constdata)
    UART_DEA_GPIO_CLK                        0x08008194   Data          12  hal_uart.o(.constdata)
    UART_DEA_GPIO_PIN                        0x080081a0   Data           6  hal_uart.o(.constdata)
    UART_TX_DMA_CLK                          0x080081a8   Data          12  hal_uart.o(.constdata)
    UART_TX_DMA_IRQn                         0x080081b4   Data           3  hal_uart.o(.constdata)
    UART_TX_DMA_IT_TCIF                      0x080081b8   Data          12  hal_uart.o(.constdata)
    UART_RX_DMA_CLK                          0x080081c4   Data          12  hal_uart.o(.constdata)
    g_UartBaudTab                            0x080081d0   Data          40  hal_uart.o(.constdata)
    Region$$Table$$Base                      0x080081f8   Number         0  anon$$obj.o(Region$$Table)
    Region$$Table$$Limit                     0x08008218   Number         0  anon$$obj.o(Region$$Table)
    g_sys_ms_tick                            0x20000000   Data           4  app_main_task.o(.data)
    g_passWordId                             0x20000020   Data           4  app_password.o(.data)
    g_passWordStore                          0x20000024   Data           4  app_password.o(.data)
    g_sysLocked                              0x20000028   Data           4  app_password.o(.data)
    idAddr                                   0x2000002c   Data          40  app_password.o(.data)
    gSystemPara                              0x20000054   Data         208  app_syspara.o(.data)
    g_T5L                                    0x20000128   Data         792  app_t5l_ctrl.o(.data)
    g_t5l_dis_data                           0x20000440   Data           4  app_t5l_ctrl.o(.data)
    g_t5l_dis_data_buff                      0x20000444   Data           4  app_t5l_ctrl.o(.data)
    u8T5LVoiceBuffPush_i                     0x20000448   Data           1  app_t5l_ctrl.o(.data)
    u8T5LVoiceBuffPop_i                      0x20000449   Data           1  app_t5l_ctrl.o(.data)
    u8T5LVoiceBuffStoreNum                   0x2000044a   Data           1  app_t5l_ctrl.o(.data)
    g_i16DataBuff                            0x2000044c   Data           4  app_t5l_ctrl.o(.data)
    g_i16DataBuffPre                         0x20000450   Data           4  app_t5l_ctrl.o(.data)
    g_i16ColorBuff                           0x20000454   Data           4  app_t5l_ctrl.o(.data)
    g_i16ColorBuffPre                        0x20000458   Data           4  app_t5l_ctrl.o(.data)
    g_i16ColorOtherChanel                    0x2000045c   Data           4  app_t5l_ctrl.o(.data)
    g_fDataBuffCaculate                      0x20000460   Data           8  app_t5l_ctrl.o(.data)
    g_i16OtherChanelCaculate                 0x20000468   Data           4  app_t5l_ctrl.o(.data)
    g_i16HelpDataSort                        0x2000046c   Data           8  app_t5l_ctrl.o(.data)
    g_i16HelpDataChnSort                     0x20000474   Data           4  app_t5l_ctrl.o(.data)
    g_u8Read00A1_Data                        0x20000478   Data           1  app_t5l_ctrl.o(.data)
    motorCtl                                 0x20000518   Data          88  app_motor_ctrl.o(.data)
    DO_GPIO_PORT                             0x2000057c   Data          28  hal_gpio.o(.data)
    DI_GPIO_PORT                             0x20000598   Data          32  hal_gpio.o(.data)
    UART_PORT                                0x200005b8   Data          12  hal_uart.o(.data)
    UART_TX_GPIO_PORT                        0x200005c4   Data          12  hal_uart.o(.data)
    UART_RX_GPIO_PORT                        0x200005d0   Data          12  hal_uart.o(.data)
    UART_DEA_GPIO_PORT                       0x200005dc   Data          12  hal_uart.o(.data)
    UART_TX_DMA                              0x200005e8   Data          12  hal_uart.o(.data)
    UART_TX_DMA_CHANNEL                      0x200005f4   Data          12  hal_uart.o(.data)
    UART_RX_DMA                              0x20000600   Data          12  hal_uart.o(.data)
    UART_RX_DMA_CHANNEL                      0x2000060c   Data          12  hal_uart.o(.data)
    g_UartDevice                             0x20000618   Data         168  hal_uart.o(.data)
    l_RccWiteTimeOut                         0x200006dc   Data           4  drv_rcc.o(.data)
    HX711Chanel                              0x200006e0   Data         236  app_hx711_ctrl.o(.bss)
    SysKey                                   0x200007cc   Data          56  app_key_ctrl.o(.bss)
    SysPos                                   0x20000804   Data          42  app_key_ctrl.o(.bss)
    STM32McuId                               0x20000830   Data          12  app_password.o(.bss)
    flashStoreDataBuf                        0x2000083c   Data         180  app_syspara.o(.bss)
    flashStoreDataBuf_3030                   0x200008f0   Data         204  app_syspara.o(.bss)
    g_T5L_VoiceBuff                          0x20000a5c   Data          18  app_t5l_ctrl.o(.bss)
    g_ClockFrequency                         0x20000aa0   Data          36  drv_rcc.o(.bss)
    __libspace_start                         0x20000ac4   Data          96  libspace.o(.bss)
    __temporary_stack_top$libspace           0x20000b24   Data           0  libspace.o(.bss)



==============================================================================

Memory Map of the image

  Image Entry point : 0x08000189

  Load Region LR_IROM1 (Base: 0x08000000, Size: 0x000088f8, Max: 0x00030000, ABSOLUTE, COMPRESSED[0x00008354])

    Execution Region ER_IROM1 (Base: 0x08000000, Size: 0x00008218, Max: 0x00030000, ABSOLUTE)

    Base Addr    Size         Type   Attr      Idx    E Section Name        Object

    0x08000000   0x00000188   Data   RO          951    RESET               startup_stm32f30x.o
    0x08000188   0x00000008   Code   RO         2745  * !!!main             c_w.l(__main.o)
    0x08000190   0x00000034   Code   RO         2927    !!!scatter          c_w.l(__scatter.o)
    0x080001c4   0x0000005a   Code   RO         2925    !!dczerorl2         c_w.l(__dczerorl2.o)
    0x0800021e   0x00000002   PAD
    0x08000220   0x0000001c   Code   RO         2929    !!handler_zi        c_w.l(__scatter_zi.o)
    0x0800023c   0x00000002   Code   RO         2795    .ARM.Collect$$libinit$$00000000  c_w.l(libinit.o)
    0x0800023e   0x00000004   Code   RO         2801    .ARM.Collect$$libinit$$00000001  c_w.l(libinit2.o)
    0x08000242   0x00000000   Code   RO         2804    .ARM.Collect$$libinit$$00000004  c_w.l(libinit2.o)
    0x08000242   0x00000000   Code   RO         2807    .ARM.Collect$$libinit$$0000000A  c_w.l(libinit2.o)
    0x08000242   0x00000000   Code   RO         2809    .ARM.Collect$$libinit$$0000000C  c_w.l(libinit2.o)
    0x08000242   0x00000000   Code   RO         2811    .ARM.Collect$$libinit$$0000000E  c_w.l(libinit2.o)
    0x08000242   0x00000000   Code   RO         2814    .ARM.Collect$$libinit$$00000011  c_w.l(libinit2.o)
    0x08000242   0x00000000   Code   RO         2816    .ARM.Collect$$libinit$$00000013  c_w.l(libinit2.o)
    0x08000242   0x00000000   Code   RO         2818    .ARM.Collect$$libinit$$00000015  c_w.l(libinit2.o)
    0x08000242   0x00000000   Code   RO         2820    .ARM.Collect$$libinit$$00000017  c_w.l(libinit2.o)
    0x08000242   0x00000000   Code   RO         2822    .ARM.Collect$$libinit$$00000019  c_w.l(libinit2.o)
    0x08000242   0x00000000   Code   RO         2824    .ARM.Collect$$libinit$$0000001B  c_w.l(libinit2.o)
    0x08000242   0x00000000   Code   RO         2826    .ARM.Collect$$libinit$$0000001D  c_w.l(libinit2.o)
    0x08000242   0x00000000   Code   RO         2828    .ARM.Collect$$libinit$$0000001F  c_w.l(libinit2.o)
    0x08000242   0x00000000   Code   RO         2830    .ARM.Collect$$libinit$$00000021  c_w.l(libinit2.o)
    0x08000242   0x00000000   Code   RO         2832    .ARM.Collect$$libinit$$00000023  c_w.l(libinit2.o)
    0x08000242   0x00000000   Code   RO         2834    .ARM.Collect$$libinit$$00000025  c_w.l(libinit2.o)
    0x08000242   0x00000000   Code   RO         2838    .ARM.Collect$$libinit$$0000002C  c_w.l(libinit2.o)
    0x08000242   0x00000000   Code   RO         2840    .ARM.Collect$$libinit$$0000002E  c_w.l(libinit2.o)
    0x08000242   0x00000000   Code   RO         2842    .ARM.Collect$$libinit$$00000030  c_w.l(libinit2.o)
    0x08000242   0x00000000   Code   RO         2844    .ARM.Collect$$libinit$$00000032  c_w.l(libinit2.o)
    0x08000242   0x00000002   Code   RO         2845    .ARM.Collect$$libinit$$00000033  c_w.l(libinit2.o)
    0x08000244   0x00000002   Code   RO         2865    .ARM.Collect$$libshutdown$$00000000  c_w.l(libshutdown.o)
    0x08000246   0x00000000   Code   RO         2878    .ARM.Collect$$libshutdown$$00000002  c_w.l(libshutdown2.o)
    0x08000246   0x00000000   Code   RO         2880    .ARM.Collect$$libshutdown$$00000004  c_w.l(libshutdown2.o)
    0x08000246   0x00000000   Code   RO         2883    .ARM.Collect$$libshutdown$$00000007  c_w.l(libshutdown2.o)
    0x08000246   0x00000000   Code   RO         2886    .ARM.Collect$$libshutdown$$0000000A  c_w.l(libshutdown2.o)
    0x08000246   0x00000000   Code   RO         2888    .ARM.Collect$$libshutdown$$0000000C  c_w.l(libshutdown2.o)
    0x08000246   0x00000000   Code   RO         2891    .ARM.Collect$$libshutdown$$0000000F  c_w.l(libshutdown2.o)
    0x08000246   0x00000002   Code   RO         2892    .ARM.Collect$$libshutdown$$00000010  c_w.l(libshutdown2.o)
    0x08000248   0x00000000   Code   RO         2759    .ARM.Collect$$rtentry$$00000000  c_w.l(__rtentry.o)
    0x08000248   0x00000000   Code   RO         2770    .ARM.Collect$$rtentry$$00000002  c_w.l(__rtentry2.o)
    0x08000248   0x00000006   Code   RO         2782    .ARM.Collect$$rtentry$$00000004  c_w.l(__rtentry4.o)
    0x0800024e   0x00000000   Code   RO         2772    .ARM.Collect$$rtentry$$00000009  c_w.l(__rtentry2.o)
    0x0800024e   0x00000004   Code   RO         2773    .ARM.Collect$$rtentry$$0000000A  c_w.l(__rtentry2.o)
    0x08000252   0x00000000   Code   RO         2775    .ARM.Collect$$rtentry$$0000000C  c_w.l(__rtentry2.o)
    0x08000252   0x00000008   Code   RO         2776    .ARM.Collect$$rtentry$$0000000D  c_w.l(__rtentry2.o)
    0x0800025a   0x00000002   Code   RO         2799    .ARM.Collect$$rtexit$$00000000  c_w.l(rtexit.o)
    0x0800025c   0x00000000   Code   RO         2847    .ARM.Collect$$rtexit$$00000002  c_w.l(rtexit2.o)
    0x0800025c   0x00000004   Code   RO         2848    .ARM.Collect$$rtexit$$00000003  c_w.l(rtexit2.o)
    0x08000260   0x00000006   Code   RO         2849    .ARM.Collect$$rtexit$$00000004  c_w.l(rtexit2.o)
    0x08000266   0x00000002   PAD
    0x08000268   0x00000048   Code   RO          952    .text               startup_stm32f30x.o
    0x080002b0   0x0000004e   Code   RO         2741    .text               c_w.l(rt_memclr_w.o)
    0x080002fe   0x00000006   Code   RO         2743    .text               c_w.l(heapauxi.o)
    0x08000304   0x0000004a   Code   RO         2786    .text               c_w.l(sys_stackheap_outer.o)
    0x0800034e   0x00000012   Code   RO         2788    .text               c_w.l(exit.o)
    0x08000360   0x00000008   Code   RO         2796    .text               c_w.l(libspace.o)
    0x08000368   0x0000000c   Code   RO         2857    .text               c_w.l(sys_exit.o)
    0x08000374   0x00000002   Code   RO         2868    .text               c_w.l(use_no_semi.o)
    0x08000376   0x00000000   Code   RO         2870    .text               c_w.l(indicate_semi.o)
    0x08000376   0x00000052   Code   RO          429    i.BubbleSortINT32   app_crc.o
    0x080003c8   0x0000003c   Code   RO         1348    i.DMA1_Channel2_IRQHandler  firmware_wm_00_hal.lib(hal_uart.o)
    0x08000404   0x0000003c   Code   RO         1349    i.DMA1_Channel3_IRQHandler  firmware_wm_00_hal.lib(hal_uart.o)
    0x08000440   0x0000003c   Code   RO         1350    i.DMA1_Channel4_IRQHandler  firmware_wm_00_hal.lib(hal_uart.o)
    0x0800047c   0x0000003c   Code   RO         1351    i.DMA1_Channel5_IRQHandler  firmware_wm_00_hal.lib(hal_uart.o)
    0x080004b8   0x0000003c   Code   RO         1352    i.DMA1_Channel6_IRQHandler  firmware_wm_00_hal.lib(hal_uart.o)
    0x080004f4   0x0000003c   Code   RO         1353    i.DMA1_Channel7_IRQHandler  firmware_wm_00_hal.lib(hal_uart.o)
    0x08000530   0x0000004c   Code   RO          455    i.STM32CheckPassWord  app_password.o
    0x0800057c   0x00000028   Code   RO          456    i.STM32MCUIDGet     app_password.o
    0x080005a4   0x00000014   Code   RO         1264    i.TIM6_DAC_IRQHandler  firmware_wm_00_hal.lib(hal_timer.o)
    0x080005b8   0x00000190   Code   RO         1354    i.USART1_IRQHandler  firmware_wm_00_hal.lib(hal_uart.o)
    0x08000748   0x00000188   Code   RO         1355    i.USART2_IRQHandler  firmware_wm_00_hal.lib(hal_uart.o)
    0x080008d0   0x00000174   Code   RO         1356    i.USART3_IRQHandler  firmware_wm_00_hal.lib(hal_uart.o)
    0x08000a44   0x00000028   Code   RO          191    i.app_LED_RUN       app_led_ctrl.o
    0x08000a6c   0x000001b8   Code   RO          913    i.app_MotorContrl   app_motor_ctrl.o
    0x08000c24   0x000001d4   Code   RO          914    i.app_MotorContrl_Init  app_motor_ctrl.o
    0x08000df8   0x0000000c   Code   RO          915    i.app_SetMotorContrlMode  app_motor_ctrl.o
    0x08000e04   0x00000048   Code   RO          916    i.app_gjf_handle    app_motor_ctrl.o
    0x08000e4c   0x0000002c   Code   RO          167    i.app_main_init     app_main_task.o
    0x08000e78   0x00000050   Code   RO          168    i.app_main_task     app_main_task.o
    0x08000ec8   0x000000bc   Code   RO          529    i.backReturnBSetContrl_Handle  app_t5l_ctrl.o
    0x08000f84   0x00000048   Code   RO          430    i.cal_crc16         app_crc.o
    0x08000fcc   0x00000228   Code   RO          530    i.chanelChangedTrigerDeal  app_t5l_ctrl.o
    0x080011f4   0x000000c0   Code   RO          531    i.clearLocalCalibrationKAndBAndSample  app_t5l_ctrl.o
    0x080012b4   0x00000080   Code   RO          532    i.clearLocalCalibrationRecordData  app_t5l_ctrl.o
    0x08001334   0x00000010   Code   RO         1558    i.drv_debug_apb1_stop  STM32F303DriverLib.lib(drv_dbgmcu.o)
    0x08001344   0x00000010   Code   RO         1560    i.drv_debug_apb2_stop  STM32F303DriverLib.lib(drv_dbgmcu.o)
    0x08001354   0x0000004c   Code   RO          958    i.drv_delay_init    STM32F303DriverLib.lib(drv_delay.o)
    0x080013a0   0x00000044   Code   RO          959    i.drv_delay_ms      STM32F303DriverLib.lib(drv_delay.o)
    0x080013e4   0x00000044   Code   RO          960    i.drv_delay_us      STM32F303DriverLib.lib(drv_delay.o)
    0x08001428   0x0000000c   Code   RO         1593    i.drv_dma_set_mem_addr_length  STM32F303DriverLib.lib(drv_dma.o)
    0x08001434   0x00000028   Code   RO         1594    i.drv_dma_stream_clear_flag_status  STM32F303DriverLib.lib(drv_dma.o)
    0x0800145c   0x0000001c   Code   RO         1595    i.drv_dma_stream_clear_it_pending_bit  STM32F303DriverLib.lib(drv_dma.o)
    0x08001478   0x00000104   Code   RO         1596    i.drv_dma_stream_deinit  STM32F303DriverLib.lib(drv_dma.o)
    0x0800157c   0x0000000a   Code   RO         1597    i.drv_dma_stream_disable  STM32F303DriverLib.lib(drv_dma.o)
    0x08001586   0x0000000c   Code   RO         1598    i.drv_dma_stream_enable  STM32F303DriverLib.lib(drv_dma.o)
    0x08001592   0x00000002   PAD
    0x08001594   0x00000064   Code   RO         1601    i.drv_dma_stream_get_it_status  STM32F303DriverLib.lib(drv_dma.o)
    0x080015f8   0x0000000e   Code   RO         1602    i.drv_dma_stream_get_left_length  STM32F303DriverLib.lib(drv_dma.o)
    0x08001606   0x0000006c   Code   RO         1603    i.drv_dma_stream_init  STM32F303DriverLib.lib(drv_dma.o)
    0x08001672   0x00000008   Code   RO         1605    i.drv_dma_stream_it_enable  STM32F303DriverLib.lib(drv_dma.o)
    0x0800167a   0x00000034   Code   RO         1606    i.drv_dma_stream_start_mem_to_periph  STM32F303DriverLib.lib(drv_dma.o)
    0x080016ae   0x00000034   Code   RO         1607    i.drv_dma_stream_start_periph_to_mem  STM32F303DriverLib.lib(drv_dma.o)
    0x080016e2   0x00000002   PAD
    0x080016e4   0x00000048   Code   RO         1013    i.drv_flash_erase_sector  STM32F303DriverLib.lib(drv_flash.o)
    0x0800172c   0x0000002c   Code   RO         1015    i.drv_flash_get_status  STM32F303DriverLib.lib(drv_flash.o)
    0x08001758   0x00000014   Code   RO         1016    i.drv_flash_lock    STM32F303DriverLib.lib(drv_flash.o)
    0x0800176c   0x00000020   Code   RO         1018    i.drv_flash_read_words  STM32F303DriverLib.lib(drv_flash.o)
    0x0800178c   0x00000024   Code   RO         1019    i.drv_flash_unlock  STM32F303DriverLib.lib(drv_flash.o)
    0x080017b0   0x00000028   Code   RO         1020    i.drv_flash_wait_last_operation  STM32F303DriverLib.lib(drv_flash.o)
    0x080017d8   0x00000080   Code   RO         1024    i.drv_flash_write_words  STM32F303DriverLib.lib(drv_flash.o)
    0x08001858   0x00000042   Code   RO         1701    i.drv_gpio_alternate_function_connect  STM32F303DriverLib.lib(drv_gpio.o)
    0x0800189a   0x000000dc   Code   RO         1702    i.drv_gpio_alternate_function_init  STM32F303DriverLib.lib(drv_gpio.o)
    0x08001976   0x00000060   Code   RO         1705    i.drv_gpio_input_init  STM32F303DriverLib.lib(drv_gpio.o)
    0x080019d6   0x000000dc   Code   RO         1706    i.drv_gpio_output_init  STM32F303DriverLib.lib(drv_gpio.o)
    0x08001ab2   0x00000008   Code   RO         1175    i.drv_gpio_set_pins_high  firmware_wm_00_hal.lib(hal_gpio.o)
    0x08001aba   0x00000002   PAD
    0x08001abc   0x00000024   Code   RO         1104    i.drv_iwdg_init     STM32F303DriverLib.lib(drv_iwdg.o)
    0x08001ae0   0x00000016   Code   RO         1751    i.drv_nvic_enable   STM32F303DriverLib.lib(drv_nvic.o)
    0x08001af6   0x00000002   PAD
    0x08001af8   0x00000040   Code   RO         1752    i.drv_nvic_init     STM32F303DriverLib.lib(drv_nvic.o)
    0x08001b38   0x00000010   Code   RO         1786    i.drv_rcc_ahb1_clk_enable  STM32F303DriverLib.lib(drv_rcc.o)
    0x08001b48   0x00000010   Code   RO         1790    i.drv_rcc_apb1_clk_enable  STM32F303DriverLib.lib(drv_rcc.o)
    0x08001b58   0x00000010   Code   RO         1791    i.drv_rcc_apb1_periph_reset_disable  STM32F303DriverLib.lib(drv_rcc.o)
    0x08001b68   0x00000010   Code   RO         1792    i.drv_rcc_apb1_periph_reset_enable  STM32F303DriverLib.lib(drv_rcc.o)
    0x08001b78   0x00000010   Code   RO         1794    i.drv_rcc_apb2_clk_enable  STM32F303DriverLib.lib(drv_rcc.o)
    0x08001b88   0x00000010   Code   RO         1795    i.drv_rcc_apb2_periph_reset_disable  STM32F303DriverLib.lib(drv_rcc.o)
    0x08001b98   0x00000010   Code   RO         1796    i.drv_rcc_apb2_periph_reset_enable  STM32F303DriverLib.lib(drv_rcc.o)
    0x08001ba8   0x00000104   Code   RO         1797    i.drv_rcc_get_clocks_freq  STM32F303DriverLib.lib(drv_rcc.o)
    0x08001cac   0x000002e0   Code   RO         1798    i.drv_rcc_init      STM32F303DriverLib.lib(drv_rcc.o)
    0x08001f8c   0x00000080   Code   RO         1895    i.drv_timer_base_init  STM32F303DriverLib.lib(drv_timer.o)
    0x0800200c   0x00000008   Code   RO         1919    i.drv_timer_clear_it_pending_bit  STM32F303DriverLib.lib(drv_timer.o)
    0x08002014   0x000000fc   Code   RO         1920    i.drv_timer_deinit  STM32F303DriverLib.lib(drv_timer.o)
    0x08002110   0x0000000c   Code   RO         1922    i.drv_timer_enable  STM32F303DriverLib.lib(drv_timer.o)
    0x0800211c   0x00000008   Code   RO         1950    i.drv_timer_it_enable  STM32F303DriverLib.lib(drv_timer.o)
    0x08002124   0x00000004   Code   RO         2583    i.drv_uart_clear_flag_status  STM32F303DriverLib.lib(drv_uart.o)
    0x08002128   0x00000012   Code   RO         2584    i.drv_uart_clear_it_pending_bit  STM32F303DriverLib.lib(drv_uart.o)
    0x0800213a   0x00000002   PAD
    0x0800213c   0x00000090   Code   RO         2585    i.drv_uart_deinit   STM32F303DriverLib.lib(drv_uart.o)
    0x080021cc   0x0000000c   Code   RO         2588    i.drv_uart_dma_rx_enable  STM32F303DriverLib.lib(drv_uart.o)
    0x080021d8   0x0000000c   Code   RO         2590    i.drv_uart_dma_tx_enable  STM32F303DriverLib.lib(drv_uart.o)
    0x080021e4   0x00000010   Code   RO         2595    i.drv_uart_get_flag_status  STM32F303DriverLib.lib(drv_uart.o)
    0x080021f4   0x000000be   Code   RO         2597    i.drv_uart_init     STM32F303DriverLib.lib(drv_uart.o)
    0x080022b2   0x00000034   Code   RO         2598    i.drv_uart_it_disable  STM32F303DriverLib.lib(drv_uart.o)
    0x080022e6   0x00000034   Code   RO         2599    i.drv_uart_it_enable  STM32F303DriverLib.lib(drv_uart.o)
    0x0800231a   0x00000020   Code   RO         2600    i.drv_uart_put_bytes  STM32F303DriverLib.lib(drv_uart.o)
    0x0800233a   0x0000000e   Code   RO         1357    i.drv_uart_rx_byte  firmware_wm_00_hal.lib(hal_uart.o)
    0x08002348   0x0000007c   Code   RO         2604    i.drv_uart_set_baudrate  STM32F303DriverLib.lib(drv_uart.o)
    0x080023c4   0x00000004   Code   RO         1358    i.drv_uart_tx_byte  firmware_wm_00_hal.lib(hal_uart.o)
    0x080023c8   0x00000260   Code   RO          534    i.enterRealTimeSet_Handle  app_t5l_ctrl.o
    0x08002628   0x00000090   Code   RO          535    i.enterTuanCaiContrl_Handle  app_t5l_ctrl.o
    0x080026b8   0x0000001c   Code   RO          204    i.getChanelStruct   app_hx711_ctrl.o
    0x080026d4   0x00000070   Code   RO          536    i.gjfContrl_Handle  app_t5l_ctrl.o
    0x08002744   0x00000018   Code   RO         1122    i.hal_clock_init    firmware_wm_00_hal.lib(hal_clock.o)
    0x0800275c   0x00000008   Code   RO         1153    i.hal_delay_init    firmware_wm_00_hal.lib(hal_delay.o)
    0x08002764   0x0000002c   Code   RO         1176    i.hal_di_get        firmware_wm_00_hal.lib(hal_gpio.o)
    0x08002790   0x00000070   Code   RO         1177    i.hal_gpio_init     firmware_wm_00_hal.lib(hal_gpio.o)
    0x08002800   0x00000020   Code   RO         1178    i.hal_gpio_set_do_high  firmware_wm_00_hal.lib(hal_gpio.o)
    0x08002820   0x00000020   Code   RO         1179    i.hal_gpio_set_do_low  firmware_wm_00_hal.lib(hal_gpio.o)
    0x08002840   0x00000020   Code   RO         1180    i.hal_gpio_set_do_toggle  firmware_wm_00_hal.lib(hal_gpio.o)
    0x08002860   0x0000004c   Code   RO         1268    i.hal_timer_init    firmware_wm_00_hal.lib(hal_timer.o)
    0x080028ac   0x00000058   Code   RO         1359    i.hal_uart_dma_rx_start  firmware_wm_00_hal.lib(hal_uart.o)
    0x08002904   0x00000358   Code   RO         1360    i.hal_uart_gpio_init  firmware_wm_00_hal.lib(hal_uart.o)
    0x08002c5c   0x00000268   Code   RO         1361    i.hal_uart_port_init  firmware_wm_00_hal.lib(hal_uart.o)
    0x08002ec4   0x0000003c   Code   RO         1362    i.hal_uart_rx_irq_disable  firmware_wm_00_hal.lib(hal_uart.o)
    0x08002f00   0x0000003c   Code   RO         1363    i.hal_uart_rx_irq_enable  firmware_wm_00_hal.lib(hal_uart.o)
    0x08002f3c   0x0000002c   Code   RO         1364    i.hal_uart_set_braudrate  firmware_wm_00_hal.lib(hal_uart.o)
    0x08002f68   0x00000024   Code   RO         1365    i.hal_uart_set_rx_mode  firmware_wm_00_hal.lib(hal_uart.o)
    0x08002f8c   0x00000002   Code   RO         1366    i.hal_uart_set_timeout  firmware_wm_00_hal.lib(hal_uart.o)
    0x08002f8e   0x00000002   PAD
    0x08002f90   0x00000020   Code   RO         1367    i.hal_uart_set_tx_mode  firmware_wm_00_hal.lib(hal_uart.o)
    0x08002fb0   0x00000108   Code   RO         1368    i.hal_uart_tx_bytes  firmware_wm_00_hal.lib(hal_uart.o)
    0x080030b8   0x000000cc   Code   RO          206    i.hx711_AllChanelSample  app_hx711_ctrl.o
    0x08003184   0x0000002c   Code   RO          207    i.hx711_DataSampleCtrl  app_hx711_ctrl.o
    0x080031b0   0x00000118   Code   RO          208    i.hx711_MainFunction  app_hx711_ctrl.o
    0x080032c8   0x000001e0   Code   RO          211    i.hx711_SenserCheck  app_hx711_ctrl.o
    0x080034a8   0x000000dc   Code   RO          212    i.hx711_SigChanelAvrgAndWeightCalc  app_hx711_ctrl.o
    0x08003584   0x00000020   Code   RO          213    i.hx711_getAvgSample  app_hx711_ctrl.o
    0x080035a4   0x0000009c   Code   RO          214    i.hx711_getWeight   app_hx711_ctrl.o
    0x08003640   0x00000168   Code   RO          215    i.hx711_init        app_hx711_ctrl.o
    0x080037a8   0x00000038   Code   RO          216    i.hx711_setAllRemoveWeight  app_hx711_ctrl.o
    0x080037e0   0x00000058   Code   RO          538    i.jumpToCalibrationPage  app_t5l_ctrl.o
    0x08003838   0x0000001e   Code   RO          329    i.key_ClearAllEvent  app_key_ctrl.o
    0x08003856   0x00000002   PAD
    0x08003858   0x00000020   Code   RO          330    i.key_EventClear    app_key_ctrl.o
    0x08003878   0x00000020   Code   RO          331    i.key_EventGet      app_key_ctrl.o
    0x08003898   0x00000020   Code   RO          333    i.key_LongPressEventClear  app_key_ctrl.o
    0x080038b8   0x00000020   Code   RO          334    i.key_LongPressEventGet  app_key_ctrl.o
    0x080038d8   0x00000008   Code   RO          335    i.key_MainFunction  app_key_ctrl.o
    0x080038e0   0x00000124   Code   RO          336    i.key_filter        app_key_ctrl.o
    0x08003a04   0x00000058   Code   RO          337    i.key_init          app_key_ctrl.o
    0x08003a5c   0x00000048   Code   RO            1    i.main              app_main.o
    0x08003aa4   0x00000054   Code   RO         1498    i.motor_PulseHandle  firmware_wm_00_hal.lib(hal_pd_pulse.o)
    0x08003af8   0x00000016   Code   RO         1500    i.motor_pulse_dir_set  firmware_wm_00_hal.lib(hal_pd_pulse.o)
    0x08003b0e   0x00000002   PAD
    0x08003b10   0x00000034   Code   RO         1501    i.motor_pulse_en_set  firmware_wm_00_hal.lib(hal_pd_pulse.o)
    0x08003b44   0x00000024   Code   RO         1502    i.motor_pulse_frequency_set  firmware_wm_00_hal.lib(hal_pd_pulse.o)
    0x08003b68   0x000000c8   Code   RO         1503    i.motor_pulse_init  firmware_wm_00_hal.lib(hal_pd_pulse.o)
    0x08003c30   0x00000014   Code   RO         1505    i.motor_pulse_output_set  firmware_wm_00_hal.lib(hal_pd_pulse.o)
    0x08003c44   0x00000024   Code   RO          540    i.pointSampleTrigerDataSet  app_t5l_ctrl.o
    0x08003c68   0x00000044   Code   RO          541    i.pointTrigerDataSet  app_t5l_ctrl.o
    0x08003cac   0x00000148   Code   RO          542    i.pointTrigerDeal   app_t5l_ctrl.o
    0x08003df4   0x00000024   Code   RO          543    i.pointWeightTrigerDataSet  app_t5l_ctrl.o
    0x08003e18   0x0000001c   Code   RO          338    i.pos_EventClear    app_key_ctrl.o
    0x08003e34   0x0000001c   Code   RO          339    i.pos_EventGet      app_key_ctrl.o
    0x08003e50   0x0000001c   Code   RO          340    i.pos_FilterGet     app_key_ctrl.o
    0x08003e6c   0x00000008   Code   RO          341    i.pos_MainFunction  app_key_ctrl.o
    0x08003e74   0x000000e4   Code   RO          342    i.pos_filter        app_key_ctrl.o
    0x08003f58   0x00000054   Code   RO          343    i.pos_init          app_key_ctrl.o
    0x08003fac   0x00000174   Code   RO          480    i.readSysDataFromFlash  app_syspara.o
    0x08004120   0x00000314   Code   RO          481    i.readSysDataFromFlash_3030  app_syspara.o
    0x08004434   0x00000148   Code   RO          544    i.resetCalibrationTrigerDeal  app_t5l_ctrl.o
    0x0800457c   0x00000124   Code   RO          545    i.rtcSet_Handle     app_t5l_ctrl.o
    0x080046a0   0x000000d0   Code   RO          546    i.runContrl_Handle  app_t5l_ctrl.o
    0x08004770   0x0000003a   Code   RO          218    i.sampleDataPush    app_hx711_ctrl.o
    0x080047aa   0x00000002   PAD
    0x080047ac   0x00000060   Code   RO          547    i.screenFengMingQi_Handle  app_t5l_ctrl.o
    0x0800480c   0x000000f0   Code   RO          548    i.screenSDWeReadReg  app_t5l_ctrl.o
    0x080048fc   0x00000120   Code   RO          550    i.screenSDWeWriteReg  app_t5l_ctrl.o
    0x08004a1c   0x00000148   Code   RO          551    i.screenSDWeWriteVarible  app_t5l_ctrl.o
    0x08004b64   0x000000b0   Code   RO          552    i.screenSDWe_CaiJiWanCheng_Handle  app_t5l_ctrl.o
    0x08004c14   0x00000010   Code   RO          553    i.screenSDWe_CaiJiYuYin_Get  app_t5l_ctrl.o
    0x08004c24   0x000002a8   Code   RO          554    i.screenSDWe_CaiJiYuYin_Handle  app_t5l_ctrl.o
    0x08004ecc   0x00000010   Code   RO          555    i.screenSDWe_CaiJiYuYin_Set  app_t5l_ctrl.o
    0x08004edc   0x000001c8   Code   RO          556    i.screenSDWe_CycleDataSend  app_t5l_ctrl.o
    0x080050a4   0x0000001e   Code   RO          557    i.screenSDWe_JumpToPage  app_t5l_ctrl.o
    0x080050c2   0x00000002   PAD
    0x080050c4   0x00000290   Code   RO          558    i.screenSDWe_LiuSuCaculate  app_t5l_ctrl.o
    0x08005354   0x000000b0   Code   RO          559    i.screenSDWe_LiuSuCycleHandle  app_t5l_ctrl.o
    0x08005404   0x00000060   Code   RO          560    i.screenSDWe_LiuSuErrorCaculate  app_t5l_ctrl.o
    0x08005464   0x000000a0   Code   RO          561    i.screenSDWe_RTCTimeCaculate  app_t5l_ctrl.o
    0x08005504   0x00000184   Code   RO          562    i.screenSDWe_RxFunction  app_t5l_ctrl.o
    0x08005688   0x000000b0   Code   RO          563    i.screenSDWe_SampleTimeCaculate  app_t5l_ctrl.o
    0x08005738   0x00000078   Code   RO          564    i.screenSDWe_ShiShiPage_MotorAutoStopHandle  app_t5l_ctrl.o
    0x080057b0   0x00000070   Code   RO          565    i.screenSDWe_SubFunctionTest  app_t5l_ctrl.o
    0x08005820   0x000000f4   Code   RO          566    i.screenSDWe_TakeDownCheck  app_t5l_ctrl.o
    0x08005914   0x000000f4   Code   RO          567    i.screenSDWe_TuanCaiHandle  app_t5l_ctrl.o
    0x08005a08   0x000003ac   Code   RO          568    i.screenSDWe_TxFunction  app_t5l_ctrl.o
    0x08005db4   0x000003a8   Code   RO          569    i.screenSendDataToSDWE  app_t5l_ctrl.o
    0x0800615c   0x000000a8   Code   RO          570    i.screenT5L_Init    app_t5l_ctrl.o
    0x08006204   0x00000088   Code   RO          571    i.screenVoicePrintf_Handle  app_t5l_ctrl.o
    0x0800628c   0x0000006c   Code   RO          572    i.screenVoice_Handle  app_t5l_ctrl.o
    0x080062f8   0x00000118   Code   RO          573    i.sdweAskRegData    app_t5l_ctrl.o
    0x08006410   0x000009fc   Code   RO          574    i.sdweAskVaribleData  app_t5l_ctrl.o
    0x08006e0c   0x00000074   Code   RO          576    i.sendBeefVoice_Cycle  app_t5l_ctrl.o
    0x08006e80   0x00000028   Code   RO          220    i.setSampleWeightValue  app_hx711_ctrl.o
    0x08006ea8   0x000000c4   Code   RO          579    i.sreenSDWe_CaiJiWanChengBoBaoShengGuangKong  app_t5l_ctrl.o
    0x08006f6c   0x00000070   Code   RO          580    i.sreenSDWe_MainFunction  app_t5l_ctrl.o
    0x08006fdc   0x00000124   Code   RO          581    i.sreenT5L_BootAnimation  app_t5l_ctrl.o
    0x08007100   0x00000154   Code   RO          482    i.storeSysDataToFlash  app_syspara.o
    0x08007254   0x0000045c   Code   RO          483    i.storeSysDataToFlash_3030  app_syspara.o
    0x080076b0   0x00000028   Code   RO            2    i.system_init       app_main.o
    0x080076d8   0x0000012c   Code   RO          586    i.t5lWriteReg       app_t5l_ctrl.o
    0x08007804   0x00000104   Code   RO          587    i.t5lWriteVarible   app_t5l_ctrl.o
    0x08007908   0x00000200   Code   RO          221    i.trigerCalcKB      app_hx711_ctrl.o
    0x08007b08   0x00000062   Code   RO         2747    x$fpl$d2f           fz_wm.l(d2f.o)
    0x08007b6a   0x00000018   Code   RO         2784    x$fpl$dcmpinf       fz_wm.l(dcmpi.o)
    0x08007b82   0x0000002e   Code   RO         2750    x$fpl$dflt          fz_wm.l(dflt_clz.o)
    0x08007bb0   0x00000026   Code   RO         2749    x$fpl$dfltu         fz_wm.l(dflt_clz.o)
    0x08007bd6   0x00000002   PAD
    0x08007bd8   0x00000078   Code   RO         2760    x$fpl$dleqf         fz_wm.l(dleqf.o)
    0x08007c50   0x00000154   Code   RO         2755    x$fpl$dmul          fz_wm.l(dmul.o)
    0x08007da4   0x0000009c   Code   RO         2762    x$fpl$dnaninf       fz_wm.l(dnaninf.o)
    0x08007e40   0x0000000c   Code   RO         2764    x$fpl$dretinf       fz_wm.l(dretinf.o)
    0x08007e4c   0x0000006c   Code   RO         2757    x$fpl$drleqf        fz_wm.l(drleqf.o)
    0x08007eb8   0x0000000a   Code   RO         2855    x$fpl$fpinit        fz_wm.l(fpinit.o)
    0x08007ec2   0x0000000a   Code   RO         2766    x$fpl$fretinf       fz_wm.l(fretinf.o)
    0x08007ecc   0x00000000   Code   RO         2768    x$fpl$usenofp       fz_wm.l(usenofp.o)
    0x08007ecc   0x00000028   Data   RO          223    .constdata          app_hx711_ctrl.o
    0x08007ef4   0x00000200   Data   RO          431    .constdata          app_crc.o
    0x080080f4   0x0000005c   Data   RO         1181    .constdata          firmware_wm_00_hal.lib(hal_gpio.o)
    0x08008150   0x000000a8   Data   RO         1369    .constdata          firmware_wm_00_hal.lib(hal_uart.o)
    0x080081f8   0x00000020   Data   RO         2923    Region$$Table       anon$$obj.o


    Execution Region RW_IRAM1 (Base: 0x20000000, Size: 0x00002328, Max: 0x0000c000, ABSOLUTE, COMPRESSED[0x0000013c])

    Base Addr    Size         Type   Attr      Idx    E Section Name        Object

    0x20000000   0x00000005   Data   RW          169    .data               app_main_task.o
    0x20000005   0x00000003   PAD
    0x20000008   0x00000004   Data   RW          192    .data               app_led_ctrl.o
    0x2000000c   0x00000013   Data   RW          224    .data               app_hx711_ctrl.o
    0x2000001f   0x00000001   PAD
    0x20000020   0x00000034   Data   RW          458    .data               app_password.o
    0x20000054   0x000000d4   Data   RW          485    .data               app_syspara.o
    0x20000128   0x000003ed   Data   RW          590    .data               app_t5l_ctrl.o
    0x20000515   0x00000003   PAD
    0x20000518   0x0000005e   Data   RW          917    .data               app_motor_ctrl.o
    0x20000576   0x00000004   Data   RW          961    .data               STM32F303DriverLib.lib(drv_delay.o)
    0x2000057a   0x00000002   PAD
    0x2000057c   0x0000003c   Data   RW         1182    .data               firmware_wm_00_hal.lib(hal_gpio.o)
    0x200005b8   0x00000108   Data   RW         1370    .data               firmware_wm_00_hal.lib(hal_uart.o)
    0x200006c0   0x00000004   Data   RW         1506    .data               firmware_wm_00_hal.lib(hal_pd_pulse.o)
    0x200006c4   0x0000001c   Data   RW         1800    .data               STM32F303DriverLib.lib(drv_rcc.o)
    0x200006e0   0x000000ec   Zero   RW          222    .bss                app_hx711_ctrl.o
    0x200007cc   0x00000062   Zero   RW          344    .bss                app_key_ctrl.o
    0x2000082e   0x00000002   PAD
    0x20000830   0x0000000c   Zero   RW          457    .bss                app_password.o
    0x2000083c   0x00000180   Zero   RW          484    .bss                app_syspara.o
    0x200009bc   0x000000e4   Zero   RW          588    .bss                app_t5l_ctrl.o
    0x20000aa0   0x00000024   Zero   RW         1799    .bss                STM32F303DriverLib.lib(drv_rcc.o)
    0x20000ac4   0x00000060   Zero   RW         2797    .bss                c_w.l(libspace.o)
    0x20000b24   0x00000004   PAD
    0x20000b28   0x00000c00   Zero   RW          950    HEAP                startup_stm32f30x.o
    0x20001728   0x00000c00   Zero   RW          949    STACK               startup_stm32f30x.o


==============================================================================

Image component sizes


      Code (inc. data)   RO Data    RW Data    ZI Data      Debug   Object Name

       154         10        512          0          0       2148   app_crc.o
      2470        158         40         19        236      12986   app_hx711_ctrl.o
       950         54          0          0         98       8468   app_key_ctrl.o
        40          6          0          4          0        574   app_led_ctrl.o
       112         10          0          0          0      39387   app_main.o
       124         20          0          5          0       1764   app_main_task.o
       992         54          0         94          0       4294   app_motor_ctrl.o
       116         24          0         52         12       2494   app_password.o
      2616         58          0        212        384      12739   app_syspara.o
     14406        686          0       1005        228      55816   app_t5l_ctrl.o
        72         28        392          0       6144        900   startup_stm32f30x.o

    ----------------------------------------------------------------------
     22058       1108        976       1398       7104     141570   Object Totals
         0          0         32          0          0          0   (incl. Generated)
         6          0          0          7          2          0   (incl. Padding)

    ----------------------------------------------------------------------

      Code (inc. data)   RO Data    RW Data    ZI Data      Debug   Library Member Name

        32          8          0          0          0       1052   drv_dbgmcu.o
       212         24          0          4          0       3903   drv_delay.o
       696         38          0          0          0      16063   drv_dma.o
       372         34          0          0          0       5583   drv_flash.o
       602          0          0          0          0      14234   drv_gpio.o
        36          4          0          0          0        520   drv_iwdg.o
        86          8          0          0          0       1230   drv_nvic.o
      1108         92          0         28         36      12653   drv_rcc.o
       408         60          0          0          0      13269   drv_timer.o
       656         28          0          0          0      13192   drv_uart.o
        90          0          0          0          0          0   __dczerorl2.o
         8          0          0          0          0         68   __main.o
         0          0          0          0          0          0   __rtentry.o
        12          0          0          0          0          0   __rtentry2.o
         6          0          0          0          0          0   __rtentry4.o
        52          8          0          0          0          0   __scatter.o
        28          0          0          0          0          0   __scatter_zi.o
        18          0          0          0          0         80   exit.o
         6          0          0          0          0        152   heapauxi.o
         0          0          0          0          0          0   indicate_semi.o
         2          0          0          0          0          0   libinit.o
         6          0          0          0          0          0   libinit2.o
         2          0          0          0          0          0   libshutdown.o
         2          0          0          0          0          0   libshutdown2.o
         8          4          0          0         96         68   libspace.o
        78          0          0          0          0         80   rt_memclr_w.o
         2          0          0          0          0          0   rtexit.o
        10          0          0          0          0          0   rtexit2.o
        12          4          0          0          0         68   sys_exit.o
        74          0          0          0          0         80   sys_stackheap_outer.o
         2          0          0          0          0         68   use_no_semi.o
        24          0          0          0          0       2641   hal_clock.o
         8          0          0          0          0        493   hal_delay.o
       260         64         92         60          0      18646   hal_gpio.o
       414         42          0          4          0       4071   hal_pd_pulse.o
        96         14          0          0          0      15467   hal_timer.o
      3600        382        168        264          0      26972   hal_uart.o
        98          4          0          0          0        140   d2f.o
        24          0          0          0          0        116   dcmpi.o
        84          0          0          0          0        232   dflt_clz.o
       120          4          0          0          0        140   dleqf.o
       340         12          0          0          0        152   dmul.o
       156          4          0          0          0        140   dnaninf.o
        12          0          0          0          0        116   dretinf.o
       108          0          0          0          0        128   drleqf.o
        10          0          0          0          0        116   fpinit.o
        10          0          0          0          0        116   fretinf.o
         0          0          0          0          0          0   usenofp.o

    ----------------------------------------------------------------------
     10010        838        260        362        136     152049   Library Totals
        20          0          0          2          4          0   (incl. Padding)

    ----------------------------------------------------------------------

      Code (inc. data)   RO Data    RW Data    ZI Data      Debug   Library Name

      4208        296          0         32         36      81699   STM32F303DriverLib.lib
       418         16          0          0         96        664   c_w.l
      4402        502        260        328          0      68290   firmware_wm_00_hal.lib
       962         24          0          0          0       1396   fz_wm.l

    ----------------------------------------------------------------------
     10010        838        260        362        136     152049   Library Totals

    ----------------------------------------------------------------------

==============================================================================


      Code (inc. data)   RO Data    RW Data    ZI Data      Debug   

     32068       1946       1236       1760       7240     274811   Grand Totals
     32068       1946       1236        316       7240     274811   ELF Image Totals (compressed)
     32068       1946       1236        316          0          0   ROM Totals

==============================================================================

    Total RO  Size (Code + RO Data)                33304 (  32.52kB)
    Total RW  Size (RW Data + ZI Data)              9000 (   8.79kB)
    Total ROM Size (Code + RO Data + RW Data)      33620 (  32.83kB)

==============================================================================

